Component: ARM Compiler 5.06 update 7 (build 960) Tool: armlink [4d3601]

==============================================================================

Section Cross References

    main.o(i.DATA_Report) refers to _printf_percent.o(.ARM.Collect$$_printf_percent$$00000000) for _printf_percent
    main.o(i.DATA_Report) refers to _printf_d.o(.ARM.Collect$$_printf_percent$$00000009) for _printf_d
    main.o(i.DATA_Report) refers to _printf_dec.o(.text) for _printf_int_dec
    main.o(i.DATA_Report) refers to noretval__2printf.o(.text) for __2printf
    main.o(i.DATA_Report) refers to fmul.o(x$fpl$fmul) for __aeabi_fmul
    main.o(i.DATA_Report) refers to ffix.o(x$fpl$ffix) for __aeabi_f2iz
    main.o(i.DATA_Report) refers to main.o(.data) for mpu6050
    main.o(i.MPU_Read) refers to inv_mpu.o(i.mpu_dmp_get_data) for mpu_dmp_get_data
    main.o(i.MPU_Read) refers to mpu6050.o(i.MPU_Get_Temperature) for MPU_Get_Temperature
    main.o(i.MPU_Read) refers to mpu6050.o(i.MPU_Get_Accelerometer) for MPU_Get_Accelerometer
    main.o(i.MPU_Read) refers to mpu6050.o(i.MPU_Get_Gyroscope) for MPU_Get_Gyroscope
    main.o(i.MPU_Read) refers to main.o(.data) for yaw
    main.o(i.SYS_Init) refers to misc.o(i.NVIC_PriorityGroupConfig) for NVIC_PriorityGroupConfig
    main.o(i.SYS_Init) refers to delay.o(i.delay_init) for delay_init
    main.o(i.SYS_Init) refers to usart.o(i.uart_init) for uart_init
    main.o(i.SYS_Init) refers to led.o(i.LED_Init) for LED_Init
    main.o(i.SYS_Init) refers to mpu6050.o(i.MPU_Init) for MPU_Init
    main.o(i.SYS_Init) refers to delay.o(i.delay_ms) for delay_ms
    main.o(i.SYS_Init) refers to noretval__2printf.o(.text) for __2printf
    main.o(i.SYS_Init) refers to inv_mpu.o(i.mpu_dmp_init) for mpu_dmp_init
    main.o(i.SYS_Init) refers to main.o(.data) for mpu6050
    main.o(i.main) refers to main.o(i.SYS_Init) for SYS_Init
    main.o(i.main) refers to main.o(i.MPU_Read) for MPU_Read
    main.o(i.main) refers to main.o(i.DATA_Report) for DATA_Report
    system_stm32f10x.o(i.SetSysClock) refers to system_stm32f10x.o(i.SetSysClockTo72) for SetSysClockTo72
    system_stm32f10x.o(i.SystemCoreClockUpdate) refers to system_stm32f10x.o(.data) for SystemCoreClock
    system_stm32f10x.o(i.SystemInit) refers to system_stm32f10x.o(i.SetSysClock) for SetSysClock
    led.o(i.LED_Init) refers to stm32f10x_rcc.o(i.RCC_APB2PeriphClockCmd) for RCC_APB2PeriphClockCmd
    led.o(i.LED_Init) refers to stm32f10x_gpio.o(i.GPIO_Init) for GPIO_Init
    led.o(i.LED_Init) refers to stm32f10x_gpio.o(i.GPIO_SetBits) for GPIO_SetBits
    mpu6050.o(i.MPU_Get_Accelerometer) refers to mpu6050.o(i.MPU_Read_Len) for MPU_Read_Len
    mpu6050.o(i.MPU_Get_Gyroscope) refers to mpu6050.o(i.MPU_Read_Len) for MPU_Read_Len
    mpu6050.o(i.MPU_Get_Temperature) refers to mpu6050.o(i.MPU_Read_Len) for MPU_Read_Len
    mpu6050.o(i.MPU_Get_Temperature) refers to dflt_clz.o(x$fpl$dflt) for __aeabi_i2d
    mpu6050.o(i.MPU_Get_Temperature) refers to ddiv.o(x$fpl$ddiv) for __aeabi_ddiv
    mpu6050.o(i.MPU_Get_Temperature) refers to daddsub_clz.o(x$fpl$dadd) for __aeabi_dadd
    mpu6050.o(i.MPU_Get_Temperature) refers to d2f.o(x$fpl$d2f) for __aeabi_d2f
    mpu6050.o(i.MPU_Get_Temperature) refers to fmul.o(x$fpl$fmul) for __aeabi_fmul
    mpu6050.o(i.MPU_Get_Temperature) refers to ffix.o(x$fpl$ffix) for __aeabi_f2iz
    mpu6050.o(i.MPU_Init) refers to mpuiic.o(i.MPU_IIC_Init) for MPU_IIC_Init
    mpu6050.o(i.MPU_Init) refers to mpu6050.o(i.MPU_Write_Byte) for MPU_Write_Byte
    mpu6050.o(i.MPU_Init) refers to delay.o(i.delay_ms) for delay_ms
    mpu6050.o(i.MPU_Init) refers to mpu6050.o(i.MPU_Set_Gyro_Fsr) for MPU_Set_Gyro_Fsr
    mpu6050.o(i.MPU_Init) refers to mpu6050.o(i.MPU_Set_Accel_Fsr) for MPU_Set_Accel_Fsr
    mpu6050.o(i.MPU_Init) refers to mpu6050.o(i.MPU_Set_Rate) for MPU_Set_Rate
    mpu6050.o(i.MPU_Init) refers to mpu6050.o(i.MPU_Read_Byte) for MPU_Read_Byte
    mpu6050.o(i.MPU_Read_Byte) refers to mpuiic.o(i.MPU_IIC_Start) for MPU_IIC_Start
    mpu6050.o(i.MPU_Read_Byte) refers to mpuiic.o(i.MPU_IIC_Send_Byte) for MPU_IIC_Send_Byte
    mpu6050.o(i.MPU_Read_Byte) refers to mpuiic.o(i.MPU_IIC_Wait_Ack) for MPU_IIC_Wait_Ack
    mpu6050.o(i.MPU_Read_Byte) refers to mpuiic.o(i.MPU_IIC_Read_Byte) for MPU_IIC_Read_Byte
    mpu6050.o(i.MPU_Read_Byte) refers to mpuiic.o(i.MPU_IIC_Stop) for MPU_IIC_Stop
    mpu6050.o(i.MPU_Read_Len) refers to mpuiic.o(i.MPU_IIC_Start) for MPU_IIC_Start
    mpu6050.o(i.MPU_Read_Len) refers to mpuiic.o(i.MPU_IIC_Send_Byte) for MPU_IIC_Send_Byte
    mpu6050.o(i.MPU_Read_Len) refers to mpuiic.o(i.MPU_IIC_Wait_Ack) for MPU_IIC_Wait_Ack
    mpu6050.o(i.MPU_Read_Len) refers to mpuiic.o(i.MPU_IIC_Stop) for MPU_IIC_Stop
    mpu6050.o(i.MPU_Read_Len) refers to mpuiic.o(i.MPU_IIC_Read_Byte) for MPU_IIC_Read_Byte
    mpu6050.o(i.MPU_Set_Accel_Fsr) refers to mpu6050.o(i.MPU_Write_Byte) for MPU_Write_Byte
[...]
    .ARM.Collect$$libshutdown$$00000011      0x08000170   Section        0  libshutdown2.o(.ARM.Collect$$libshutdown$$00000011)
    .ARM.Collect$$libshutdown$$00000012      0x08000170   Section        2  libshutdown2.o(.ARM.Collect$$libshutdown$$00000012)
    .ARM.Collect$$rtentry$$00000000          0x08000172   Section        0  __rtentry.o(.ARM.Collect$$rtentry$$00000000)
    .ARM.Collect$$rtentry$$00000002          0x08000172   Section        0  __rtentry2.o(.ARM.Collect$$rtentry$$00000002)
    .ARM.Collect$$rtentry$$00000004          0x08000172   Section        6  __rtentry4.o(.ARM.Collect$$rtentry$$00000004)
    .ARM.Collect$$rtentry$$00000009          0x08000178   Section        0  __rtentry2.o(.ARM.Collect$$rtentry$$00000009)
    .ARM.Collect$$rtentry$$0000000A          0x08000178   Section        4  __rtentry2.o(.ARM.Collect$$rtentry$$0000000A)
    .ARM.Collect$$rtentry$$0000000C          0x0800017c   Section        0  __rtentry2.o(.ARM.Collect$$rtentry$$0000000C)
    .ARM.Collect$$rtentry$$0000000D          0x0800017c   Section        8  __rtentry2.o(.ARM.Collect$$rtentry$$0000000D)
    .ARM.Collect$$rtexit$$00000000           0x08000184   Section        2  rtexit.o(.ARM.Collect$$rtexit$$00000000)
    .ARM.Collect$$rtexit$$00000002           0x08000186   Section        0  rtexit2.o(.ARM.Collect$$rtexit$$00000002)
    .ARM.Collect$$rtexit$$00000003           0x08000186   Section        4  rtexit2.o(.ARM.Collect$$rtexit$$00000003)
    .ARM.Collect$$rtexit$$00000004           0x0800018a   Section        6  rtexit2.o(.ARM.Collect$$rtexit$$00000004)
    .text                                    0x08000190   Section       64  startup_stm32f10x_md.o(.text)
    .text                                    0x080001d0   Section        2  use_no_semi_2.o(.text)
    .text                                    0x080001d4   Section        0  noretval__2printf.o(.text)
    .text                                    0x080001ec   Section        0  _printf_dec.o(.text)
    .text                                    0x08000264   Section        0  __printf_flags_wp.o(.text)
    .text                                    0x0800039c   Section        0  memcmp.o(.text)
    .text                                    0x080003f4   Section       16  aeabi_memset.o(.text)
    .text                                    0x08000404   Section        0  heapauxi.o(.text)
    .text                                    0x0800040a   Section        2  use_no_semi.o(.text)
    .text                                    0x0800040c   Section        0  _rserrno.o(.text)
    .text                                    0x08000422   Section        0  _printf_intcommon.o(.text)
    .text                                    0x080004d4   Section        0  _printf_char_file.o(.text)
    .text                                    0x080004f8   Section       68  rt_memclr.o(.text)
    .text                                    0x0800053c   Section        8  rt_errno_addr_intlibspace.o(.text)
    .text                                    0x08000544   Section        0  _printf_char_common.o(.text)
    _printf_input_char                       0x08000545   Thumb Code    10  _printf_char_common.o(.text)
    .text                                    0x08000574   Section        0  ferror.o(.text)
    .text                                    0x0800057c   Section       78  rt_memclr_w.o(.text)
    .text                                    0x080005cc   Section        8  libspace.o(.text)
    .text                                    0x080005d4   Section       74  sys_stackheap_outer.o(.text)
    .text                                    0x0800061e   Section        0  exit.o(.text)
    i.BusFault_Handler                       0x08000630   Section        0  stm32f10x_it.o(i.BusFault_Handler)
    i.DATA_Report                            0x08000634   Section        0  main.o(i.DATA_Report)
    i.DebugMon_Handler                       0x08000850   Section        0  stm32f10x_it.o(i.DebugMon_Handler)
    i.GPIO_Init                              0x08000852   Section        0  stm32f10x_gpio.o(i.GPIO_Init)
    i.GPIO_SetBits                           0x08000968   Section        0  stm32f10x_gpio.o(i.GPIO_SetBits)
    i.HardFault_Handler                      0x0800096c   Section        0  stm32f10x_it.o(i.HardFault_Handler)
    i.LED_Init                               0x08000970   Section        0  led.o(i.LED_Init)
    i.MPU_Get_Accelerometer                  0x080009a8   Section        0  mpu6050.o(i.MPU_Get_Accelerometer)
    i.MPU_Get_Gyroscope                      0x080009f8   Section        0  mpu6050.o(i.MPU_Get_Gyroscope)
    i.MPU_Get_Temperature                    0x08000a48   Section        0  mpu6050.o(i.MPU_Get_Temperature)
    i.MPU_IIC_Ack                            0x08000ab0   Section        0  mpuiic.o(i.MPU_IIC_Ack)
    i.MPU_IIC_Delay                          0x08000afc   Section        0  mpuiic.o(i.MPU_IIC_Delay)
    i.MPU_IIC_Init                           0x08000b08   Section        0  mpuiic.o(i.MPU_IIC_Init)
    i.MPU_IIC_NAck                           0x08000b3c   Section        0  mpuiic.o(i.MPU_IIC_NAck)
    i.MPU_IIC_Read_Byte                      0x08000b88   Section        0  mpuiic.o(i.MPU_IIC_Read_Byte)
    i.MPU_IIC_Send_Byte                      0x08000bf4   Section        0  mpuiic.o(i.MPU_IIC_Send_Byte)
    i.MPU_IIC_Start                          0x08000c50   Section        0  mpuiic.o(i.MPU_IIC_Start)
    i.MPU_IIC_Stop                           0x08000c98   Section        0  mpuiic.o(i.MPU_IIC_Stop)
    i.MPU_IIC_Wait_Ack                       0x08000ce0   Section        0  mpuiic.o(i.MPU_IIC_Wait_Ack)
    i.MPU_Init                               0x08000d44   Section        0  mpu6050.o(i.MPU_Init)
    i.MPU_Read                               0x08000dc0   Section        0  main.o(i.MPU_Read)
    i.MPU_Read_Byte                          0x08000e3c   Section        0  mpu6050.o(i.MPU_Read_Byte)
    i.MPU_Read_Len                           0x08000e76   Section        0  mpu6050.o(i.MPU_Read_Len)
    i.MPU_Set_Accel_Fsr                      0x08000eea   Section        0  mpu6050.o(i.MPU_Set_Accel_Fsr)
    i.MPU_Set_Gyro_Fsr                       0x08000efa   Section        0  mpu6050.o(i.MPU_Set_Gyro_Fsr)
    i.MPU_Set_LPF                            0x08000f0a   Section        0  mpu6050.o(i.MPU_Set_LPF)
    i.MPU_Set_Rate                           0x08000f44   Section        0  mpu6050.o(i.MPU_Set_Rate)
    i.MPU_Write_Byte                         0x08000f7e   Section        0  mpu6050.o(i.MPU_Write_Byte)
    i.MPU_Write_Len                          0x08000fc2   Section        0  mpu6050.o(i.MPU_Write_Len)
    i.MemManage_Handler                      0x08001022   Section        0  stm32f10x_it.o(i.MemManage_Handler)
    i.NMI_Handler                            0x08001026   Section        0  stm32f10x_it.o(i.NMI_Handler)
    i.NVIC_Init                              0x08001028   Section        0  misc.o(i.NVIC_Init)
    i.NVIC_PriorityGroupConfig               0x08001098   Section        0  misc.o(i.NVIC_PriorityGroupConfig)
    i.PendSV_Handler                         0x080010ac   Section        0  stm32f10x_it.o(i.PendSV_Handler)
    i.RCC_APB2PeriphClockCmd                 0x080010b0   Section        0  stm32f10x_rcc.o(i.RCC_APB2PeriphClockCmd)
    i.RCC_GetClocksFreq                      0x080010d0   Section        0  stm32f10x_rcc.o(i.RCC_GetClocksFreq)
    i.SVC_Handler                            0x080011a4   Section        0  stm32f10x_it.o(i.SVC_Handler)
    i.SYS_Init                               0x080011a8   Section        0  main.o(i.SYS_Init)
    i.SetSysClock                            0x0800125c   Section        0  system_stm32f10x.o(i.SetSysClock)
    SetSysClock                              0x0800125d   Thumb Code     8  system_stm32f10x.o(i.SetSysClock)
    i.SetSysClockTo72                        0x08001264   Section        0  system_stm32f10x.o(i.SetSysClockTo72)
    SetSysClockTo72                          0x08001265   Thumb Code   214  system_stm32f10x.o(i.SetSysClockTo72)
    i.SysTick_CLKSourceConfig                0x08001344   Section        0  misc.o(i.SysTick_CLKSourceConfig)
    i.SysTick_Handler                        0x0800136c   Section        0  stm32f10x_it.o(i.SysTick_Handler)
    i.SystemInit                             0x08001370   Section        0  system_stm32f10x.o(i.SystemInit)
    i.USART1_IRQHandler                      0x080013d0   Section        0  usart.o(i.USART1_IRQHandler)
    i.USART_Cmd                              0x08001458   Section        0  stm32f10x_usart.o(i.USART_Cmd)
    i.USART_GetITStatus                      0x08001470   Section        0  stm32f10x_usart.o(i.USART_GetITStatus)
    i.USART_ITConfig                         0x080014c4   Section        0  stm32f10x_usart.o(i.USART_ITConfig)
    i.USART_Init                             0x08001510   Section        0  stm32f10x_usart.o(i.USART_Init)
    i.USART_ReceiveData                      0x080015e8   Section        0  stm32f10x_usart.o(i.USART_ReceiveData)
    i.UsageFault_Handler                     0x080015f2   Section        0  stm32f10x_it.o(i.UsageFault_Handler)
    i.__ARM_fpclassify                       0x080015f6   Section        0  fpclassify.o(i.__ARM_fpclassify)
    i.__kernel_poly                          0x0800161e   Section        0  poly.o(i.__kernel_poly)
    i.__mathlib_dbl_infnan                   0x080016c8   Section        0  dunder.o(i.__mathlib_dbl_infnan)
    i.__mathlib_dbl_infnan2                  0x080016ce   Section        0  dunder.o(i.__mathlib_dbl_infnan2)
    i.__mathlib_dbl_invalid                  0x080016d2   Section        0  dunder.o(i.__mathlib_dbl_invalid)
    i.__mathlib_dbl_underflow                0x080016e0   Section        0  dunder.o(i.__mathlib_dbl_underflow)
    i._is_digit                              0x080016f0   Section        0  __printf_wp.o(i._is_digit)
    i._sys_exit                              0x080016fe   Section        0  usart.o(i._sys_exit)
    i.asin                                   0x08001704   Section        0  asin.o(i.asin)
    i.atan                                   0x08001974   Section        0  atan.o(i.atan)
    i.atan2                                  0x08001b94   Section        0  atan2.o(i.atan2)
    i.decode_gesture                         0x08001d30   Section        0  inv_mpu_dmp_motion_driver.o(i.decode_gesture)
    decode_gesture                           0x08001d31   Thumb Code    94  inv_mpu_dmp_motion_driver.o(i.decode_gesture)
    i.delay_init                             0x08001d94   Section        0  delay.o(i.delay_init)
    i.delay_ms                               0x08001dd8   Section        0  delay.o(i.delay_ms)
    i.delay_us                               0x08001e24   Section        0  delay.o(i.delay_us)
    i.dmp_enable_6x_lp_quat                  0x08001e70   Section        0  inv_mpu_dmp_motion_driver.o(i.dmp_enable_6x_lp_quat)
    i.dmp_enable_feature                     0x08001eac   Section        0  inv_mpu_dmp_motion_driver.o(i.dmp_enable_feature)
    i.dmp_enable_gyro_cal                    0x080020c8   Section        0  inv_mpu_dmp_motion_driver.o(i.dmp_enable_gyro_cal)
    i.dmp_enable_lp_quat                     0x08002120   Section        0  inv_mpu_dmp_motion_driver.o(i.dmp_enable_lp_quat)
    i.dmp_load_motion_driver_firmware        0x0800215c   Section        0  inv_mpu_dmp_motion_driver.o(i.dmp_load_motion_driver_firmware)
    i.dmp_read_fifo                          0x08002174   Section        0  inv_mpu_dmp_motion_driver.o(i.dmp_read_fifo)
    i.dmp_set_fifo_rate                      0x08002340   Section        0  inv_mpu_dmp_motion_driver.o(i.dmp_set_fifo_rate)
    i.dmp_set_orientation                    0x080023b0   Section        0  inv_mpu_dmp_motion_driver.o(i.dmp_set_orientation)
    i.dmp_set_shake_reject_thresh            0x080024e8   Section        0  inv_mpu_dmp_motion_driver.o(i.dmp_set_shake_reject_thresh)
    i.dmp_set_shake_reject_time              0x08002520   Section        0  inv_mpu_dmp_motion_driver.o(i.dmp_set_shake_reject_time)
    i.dmp_set_shake_reject_timeout           0x08002546   Section        0  inv_mpu_dmp_motion_driver.o(i.dmp_set_shake_reject_timeout)
    i.dmp_set_tap_axes                       0x0800256c   Section        0  inv_mpu_dmp_motion_driver.o(i.dmp_set_tap_axes)
    i.dmp_set_tap_count                      0x080025b2   Section        0  inv_mpu_dmp_motion_driver.o(i.dmp_set_tap_count)
    i.dmp_set_tap_thresh                     0x080025d8   Section        0  inv_mpu_dmp_motion_driver.o(i.dmp_set_tap_thresh)
    i.dmp_set_tap_time                       0x08002778   Section        0  inv_mpu_dmp_motion_driver.o(i.dmp_set_tap_time)
    i.dmp_set_tap_time_multi                 0x0800279e   Section        0  inv_mpu_dmp_motion_driver.o(i.dmp_set_tap_time_multi)
    i.fputc                                  0x080027c4   Section        0  usart.o(i.fputc)
    i.inv_orientation_matrix_to_scalar       0x080027e0   Section        0  inv_mpu.o(i.inv_orientation_matrix_to_scalar)
    i.inv_row_2_scale                        0x08002808   Section        0  inv_mpu.o(i.inv_row_2_scale)
    i.main                                   0x08002856   Section        0  main.o(i.main)
    i.mget_ms                                0x08002866   Section        0  inv_mpu.o(i.mget_ms)
    i.mpu_configure_fifo                     0x08002868   Section        0  inv_mpu.o(i.mpu_configure_fifo)
    i.mpu_dmp_get_data                       0x080028d8   Section        0  inv_mpu.o(i.mpu_dmp_get_data)
    i.mpu_dmp_init                           0x08002afc   Section        0  inv_mpu.o(i.mpu_dmp_init)
    i.mpu_get_accel_fsr                      0x08002b94   Section        0  inv_mpu.o(i.mpu_get_accel_fsr)
    i.mpu_init                               0x08002be0   Section        0  inv_mpu.o(i.mpu_init)
    i.mpu_load_firmware                      0x08002dd0   Section        0  inv_mpu.o(i.mpu_load_firmware)
    i.mpu_lp_accel_mode                      0x08002e88   Section        0  inv_mpu.o(i.mpu_lp_accel_mode)
    i.mpu_read_fifo_stream                   0x08002f68   Section        0  inv_mpu.o(i.mpu_read_fifo_stream)
    i.mpu_read_mem                           0x08003028   Section        0  inv_mpu.o(i.mpu_read_mem)
    i.mpu_reset_fifo                         0x080030a8   Section        0  inv_mpu.o(i.mpu_reset_fifo)
    i.mpu_set_accel_fsr                      0x08003270   Section        0  inv_mpu.o(i.mpu_set_accel_fsr)
    i.mpu_set_bypass                         0x080032f4   Section        0  inv_mpu.o(i.mpu_set_bypass)
    i.mpu_set_dmp_state                      0x08003440   Section        0  inv_mpu.o(i.mpu_set_dmp_state)
    i.mpu_set_gyro_fsr                       0x080034d0   Section        0  inv_mpu.o(i.mpu_set_gyro_fsr)
    i.mpu_set_int_latched                    0x08003558   Section        0  inv_mpu.o(i.mpu_set_int_latched)
    i.mpu_set_lpf                            0x080035c4   Section        0  inv_mpu.o(i.mpu_set_lpf)
    i.mpu_set_sample_rate                    0x08003648   Section        0  inv_mpu.o(i.mpu_set_sample_rate)
    i.mpu_set_sensors                        0x080036e4   Section        0  inv_mpu.o(i.mpu_set_sensors)
    i.mpu_write_mem                          0x080037b4   Section        0  inv_mpu.o(i.mpu_write_mem)
    i.set_int_enable                         0x08003834   Section        0  inv_mpu.o(i.set_int_enable)
    set_int_enable                           0x08003835   Thumb Code   138  inv_mpu.o(i.set_int_enable)
    i.sqrt                                   0x080038c4   Section        0  sqrt.o(i.sqrt)
    i.uart_init                              0x08003910   Section        0  usart.o(i.uart_init)
    x$fpl$d2f                                0x080039b0   Section       98  d2f.o(x$fpl$d2f)
    x$fpl$dadd                               0x08003a14   Section      336  daddsub_clz.o(x$fpl$dadd)
    _dadd1                                   0x08003a25   Thumb Code     0  daddsub_clz.o(x$fpl$dadd)
    x$fpl$dcheck1                            0x08003b64   Section       16  dcheck1.o(x$fpl$dcheck1)
    x$fpl$dcmpinf                            0x08003b74   Section       24  dcmpi.o(x$fpl$dcmpinf)
    x$fpl$ddiv                               0x08003b8c   Section      688  ddiv.o(x$fpl$ddiv)
    ddiv_entry                               0x08003b93   Thumb Code     0  ddiv.o(x$fpl$ddiv)
    x$fpl$deqf                               0x08003e3c   Section      120  deqf.o(x$fpl$deqf)
    x$fpl$dflt                               0x08003eb4   Section       46  dflt_clz.o(x$fpl$dflt)
    x$fpl$dmul                               0x08003ee4   Section      340  dmul.o(x$fpl$dmul)
    x$fpl$dnaninf                            0x08004038   Section      156  dnaninf.o(x$fpl$dnaninf)
    x$fpl$dretinf                            0x080040d4   Section       12  dretinf.o(x$fpl$dretinf)
    x$fpl$drsb                               0x080040e0   Section       22  daddsub_clz.o(x$fpl$drsb)
    x$fpl$dsqrt                              0x080040f8   Section      460  dsqrt_noumaal.o(x$fpl$dsqrt)
    x$fpl$dsub                               0x080042c4   Section      468  daddsub_clz.o(x$fpl$dsub)
    _dsub1                                   0x080042d5   Thumb Code     0  daddsub_clz.o(x$fpl$dsub)
    x$fpl$f2d                                0x08004498   Section       86  f2d.o(x$fpl$f2d)
    x$fpl$fadd                               0x080044f0   Section      196  faddsub_clz.o(x$fpl$fadd)
    _fadd1                                   0x080044ff   Thumb Code     0  faddsub_clz.o(x$fpl$fadd)
    x$fpl$fdiv                               0x080045b4   Section      388  fdiv.o(x$fpl$fdiv)
    _fdiv1                                   0x080045b5   Thumb Code     0  fdiv.o(x$fpl$fdiv)
    x$fpl$ffix                               0x08004738   Section       54  ffix.o(x$fpl$ffix)
    x$fpl$ffixu                              0x08004770   Section       62  ffixu.o(x$fpl$ffixu)
    x$fpl$fflt                               0x080047b0   Section       48  fflt_clz.o(x$fpl$fflt)
    x$fpl$ffltu                              0x080047e0   Section       38  fflt_clz.o(x$fpl$ffltu)
    x$fpl$fmul                               0x08004808   Section      258  fmul.o(x$fpl$fmul)
    x$fpl$fnaninf                            0x0800490a   Section      140  fnaninf.o(x$fpl$fnaninf)
    x$fpl$fretinf                            0x08004996   Section       10  fretinf.o(x$fpl$fretinf)
    x$fpl$fsub                               0x080049a0   Section      234  faddsub_clz.o(x$fpl$fsub)
    _fsub1                                   0x080049af   Thumb Code     0  faddsub_clz.o(x$fpl$fsub)
    x$fpl$retnan                             0x08004a8a   Section      100  retnan.o(x$fpl$retnan)
    x$fpl$scalbn                             0x08004aee   Section       92  scalbn.o(x$fpl$scalbn)
    x$fpl$trapveneer                         0x08004b4a   Section       48  trapv.o(x$fpl$trapveneer)
    x$fpl$usenofp                            0x08004b7a   Section        0  usenofp.o(x$fpl$usenofp)
    .constdata                               0x08004b7c   Section       80  inv_mpu.o(.constdata)
    .constdata                               0x08004bcc   Section     3062  inv_mpu_dmp_motion_driver.o(.constdata)
    dmp_memory                               0x08004bcc   Data        3062  inv_mpu_dmp_motion_driver.o(.constdata)
    .constdata                               0x080057c2   Section       17  __printf_flags_wp.o(.constdata)
    maptable                                 0x080057c2   Data          17  __printf_flags_wp.o(.constdata)
    .constdata                               0x080057d8   Section       80  asin.o(.constdata)
    pS                                       0x080057d8   Data          48  asin.o(.constdata)
    qS                                       0x08005808   Data          32  asin.o(.constdata)
    .constdata                               0x08005828   Section      152  atan.o(.constdata)
    atanhi                                   0x08005828   Data          32  atan.o(.constdata)
    atanlo                                   0x08005848   Data          32  atan.o(.constdata)
    aTodd                                    0x08005868   Data          40  atan.o(.constdata)
    aTeven                                   0x08005890   Data          48  atan.o(.constdata)
    .constdata                               0x080058c0   Section        8  qnan.o(.constdata)
    .conststring                             0x080058c8   Section       77  inv_mpu.o(.conststring)
    .data                                    0x20000000   Section       28  main.o(.data)
    .data                                    0x2000001c   Section       20  system_stm32f10x.o(.data)
    .data                                    0x20000030   Section       53  inv_mpu.o(.data)
    st                                       0x20000030   Data          44  inv_mpu.o(.data)
    gyro_orientation                         0x2000005c   Data           9  inv_mpu.o(.data)
    .data                                    0x20000066   Section        4  delay.o(.data)
    fac_us                                   0x20000066   Data           1  delay.o(.data)
    fac_ms                                   0x20000068   Data           2  delay.o(.data)
    .data                                    0x2000006c   Section        6  usart.o(.data)
    .data                                    0x20000072   Section       20  stm32f10x_rcc.o(.data)
    APBAHBPrescTable                         0x20000072   Data          16  stm32f10x_rcc.o(.data)
    ADCPrescTable                            0x20000082   Data           4  stm32f10x_rcc.o(.data)
    .bss                                     0x20000088   Section       16  inv_mpu_dmp_motion_driver.o(.bss)
    dmp                                      0x20000088   Data          16  inv_mpu_dmp_motion_driver.o(.bss)
    .bss                                     0x20000098   Section      200  usart.o(.bss)
    .bss                                     0x20000160   Section       96  libspace.o(.bss)
    HEAP                                     0x200001c0   Section      512  startup_stm32f10x_md.o(HEAP)
    Heap_Mem                                 0x200001c0   Data         512  startup_stm32f10x_md.o(HEAP)
    STACK                                    0x200003c0   Section     1024  startup_stm32f10x_md.o(STACK)
    Stack_Mem                                0x200003c0   Data        1024  startup_stm32f10x_md.o(STACK)
    __initial_sp                             0x200007c0   Data           0  startup_stm32f10x_md.o(STACK)

    Global Symbols

    Symbol Name                              Value     Ov Type        Size  Object(Section)

    BuildAttributes$$THM_ISAv4$P$D$K$B$S$PE$A:L22UL41UL21$X:L11$S22US41US21$IEEE1$IW$USESV6$~STKCKD$USESV7$~SHL$OTIME$ROPI$IEEEX$EBA8$UX$STANDARDLIB$REQ8$PRES8$EABIv2 0x00000000   Number         0  anon$$obj.o ABSOLUTE
    __ARM_use_no_argv                        0x00000000   Number         0  main.o ABSOLUTE
    _printf_flags                            0x00000000   Number         0  printf_stubs.o ABSOLUTE
    _printf_return_value                     0x00000000   Number         0  printf_stubs.o ABSOLUTE
    _printf_sizespec                         0x00000000   Number         0  printf_stubs.o ABSOLUTE
    _printf_widthprec                        0x00000000   Number         0  printf_stubs.o ABSOLUTE
    __ARM_exceptions_init                     - Undefined Weak Reference
    __alloca_initialize                       - Undefined Weak Reference
    __arm_fini_                               - Undefined Weak Reference
    __arm_preinit_                            - Undefined Weak Reference
    __cpp_initialize__aeabi_                  - Undefined Weak Reference
    __cxa_finalize                            - Undefined Weak Reference
    __rt_locale                               - Undefined Weak Reference
    __sigvec_lookup                           - Undefined Weak Reference
    _atexit_init                              - Undefined Weak Reference
    _call_atexit_fns                          - Undefined Weak Reference
    _clock_init                               - Undefined Weak Reference
    _fp_trap_init                             - Undefined Weak Reference
    _fp_trap_shutdown                         - Undefined Weak Reference
    _get_lc_collate                           - Undefined Weak Reference
    _get_lc_ctype                             - Undefined Weak Reference
    _get_lc_monetary                          - Undefined Weak Reference
    _get_lc_numeric                           - Undefined Weak Reference
    _get_lc_time                              - Undefined Weak Reference
    _getenv_init                              - Undefined Weak Reference
    _handle_redirection                       - Undefined Weak Reference
    _init_alloc                               - Undefined Weak Reference
    _init_user_alloc                          - Undefined Weak Reference
    _initio                                   - Undefined Weak Reference
    _mutex_acquire                            - Undefined Weak Reference
    _mutex_release                            - Undefined Weak Reference
    _printf_truncate_signed                   - Undefined Weak Reference
    _printf_truncate_unsigned                 - Undefined Weak Reference
    _rand_init                                - Undefined Weak Reference
    _signal_finish                            - Undefined Weak Reference
    _signal_init                              - Undefined Weak Reference
    _terminate_alloc                          - Undefined Weak Reference
    _terminate_user_alloc                     - Undefined Weak Reference
    _terminateio                              - Undefined Weak Reference
    __Vectors_Size                           0x000000ec   Number         0  startup_stm32f10x_md.o ABSOLUTE
    __Vectors                                0x08000000   Data           4  startup_stm32f10x_md.o(RESET)
    __Vectors_End                            0x080000ec   Data           0  startup_stm32f10x_md.o(RESET)
    __main                                   0x080000ed   Thumb Code     8  __main.o(!!!main)
    __scatterload                            0x080000f5   Thumb Code     0  __scatter.o(!!!scatter)
    __scatterload_rt2                        0x080000f5   Thumb Code    44  __scatter.o(!!!scatter)
    __scatterload_rt2_thumb_only             0x080000f5   Thumb Code     0  __scatter.o(!!!scatter)
    __scatterload_null                       0x08000103   Thumb Code     0  __scatter.o(!!!scatter)
    __scatterload_copy                       0x08000129   Thumb Code    26  __scatter_copy.o(!!handler_copy)
    __scatterload_zeroinit                   0x08000145   Thumb Code    28  __scatter_zi.o(!!handler_zi)
    _printf_d                                0x08000161   Thumb Code     0  _printf_d.o(.ARM.Collect$$_printf_percent$$00000009)
    _printf_percent                          0x08000161   Thumb Code     0  _printf_percent.o(.ARM.Collect$$_printf_percent$$00000000)
    _printf_percent_end                      0x08000167   Thumb Code     0  _printf_percent_end.o(.ARM.Collect$$_printf_percent$$00000017)
    __rt_lib_init                            0x0800016b   Thumb Code     0  libinit.o(.ARM.Collect$$libinit$$00000000)
    __rt_lib_init_alloca_1                   0x0800016d   Thumb Code     0  libinit2.o(.ARM.Collect$$libinit$$0000002E)
    __rt_lib_init_argv_1                     0x0800016d   Thumb Code     0  libinit2.o(.ARM.Collect$$libinit$$0000002C)
    __rt_lib_init_atexit_1                   0x0800016d   Thumb Code     0  libinit2.o(.ARM.Collect$$libinit$$0000001B)
    __rt_lib_init_clock_1                    0x0800016d   Thumb Code     0  libinit2.o(.ARM.Collect$$libinit$$00000021)
    __rt_lib_init_cpp_1                      0x0800016d   Thumb Code     0  libinit2.o(.ARM.Collect$$libinit$$00000032)
    __rt_lib_init_exceptions_1               0x0800016d   Thumb Code     0  libinit2.o(.ARM.Collect$$libinit$$00000030)
    __rt_lib_init_fp_1                       0x0800016d   Thumb Code     0  libinit2.o(.ARM.Collect$$libinit$$00000002)
    __rt_lib_init_fp_trap_1                  0x0800016d   Thumb Code     0  libinit2.o(.ARM.Collect$$libinit$$0000001F)
    __rt_lib_init_getenv_1                   0x0800016d   Thumb Code     0  libinit2.o(.ARM.Collect$$libinit$$00000023)
    __rt_lib_init_heap_1                     0x0800016d   Thumb Code     0  libinit2.o(.ARM.Collect$$libinit$$0000000A)
    __rt_lib_init_lc_collate_1               0x0800016d   Thumb Code     0  libinit2.o(.ARM.Collect$$libinit$$00000011)
    __rt_lib_init_lc_ctype_1                 0x0800016d   Thumb Code     0  libinit2.o(.ARM.Collect$$libinit$$00000013)
    __rt_lib_init_lc_monetary_1              0x0800016d   Thumb Code     0  libinit2.o(.ARM.Collect$$libinit$$00000015)
    __rt_lib_init_lc_numeric_1               0x0800016d   Thumb Code     0  libinit2.o(.ARM.Collect$$libinit$$00000017)
    __rt_lib_init_lc_time_1                  0x0800016d   Thumb Code     0  libinit2.o(.ARM.Collect$$libinit$$00000019)
    __rt_lib_init_preinit_1                  0x0800016d   Thumb Code     0  libinit2.o(.ARM.Collect$$libinit$$00000004)
    __rt_lib_init_rand_1                     0x0800016d   Thumb Code     0  libinit2.o(.ARM.Collect$$libinit$$0000000E)
    __rt_lib_init_return                     0x0800016d   Thumb Code     0  libinit2.o(.ARM.Collect$$libinit$$00000033)
    __rt_lib_init_signal_1                   0x0800016d   Thumb Code     0  libinit2.o(.ARM.Collect$$libinit$$0000001D)
    __rt_lib_init_stdio_1                    0x0800016d   Thumb Code     0  libinit2.o(.ARM.Collect$$libinit$$00000025)
    __rt_lib_init_user_alloc_1               0x0800016d   Thumb Code     0  libinit2.o(.ARM.Collect$$libinit$$0000000C)
    __rt_lib_shutdown                        0x0800016f   Thumb Code     0  libshutdown.o(.ARM.Collect$$libshutdown$$00000000)
    __rt_lib_shutdown_cpp_1                  0x08000171   Thumb Code     0  libshutdown2.o(.ARM.Collect$$libshutdown$$00000004)
    __rt_lib_shutdown_fini_1                 0x08000171   Thumb Code     0  libshutdown2.o(.ARM.Collect$$libshutdown$$00000002)
    __rt_lib_shutdown_fp_trap_1              0x08000171   Thumb Code     0  libshutdown2.o(.ARM.Collect$$libshutdown$$00000009)
    __rt_lib_shutdown_heap_1                 0x08000171   Thumb Code     0  libshutdown2.o(.ARM.Collect$$libshutdown$$00000011)
    __rt_lib_shutdown_return                 0x08000171   Thumb Code     0  libshutdown2.o(.ARM.Collect$$libshutdown$$00000012)
    __rt_lib_shutdown_signal_1               0x08000171   Thumb Code     0  libshutdown2.o(.ARM.Collect$$libshutdown$$0000000C)
    __rt_lib_shutdown_stdio_1                0x08000171   Thumb Code     0  libshutdown2.o(.ARM.Collect$$libshutdown$$00000006)
    __rt_lib_shutdown_user_alloc_1           0x08000171   Thumb Code     0  libshutdown2.o(.ARM.Collect$$libshutdown$$0000000E)
    __rt_entry                               0x08000173   Thumb Code     0  __rtentry.o(.ARM.Collect$$rtentry$$00000000)
    __rt_entry_presh_1                       0x08000173   Thumb Code     0  __rtentry2.o(.ARM.Collect$$rtentry$$00000002)
    __rt_entry_sh                            0x08000173   Thumb Code     0  __rtentry4.o(.ARM.Collect$$rtentry$$00000004)
    __rt_entry_li                            0x08000179   Thumb Code     0  __rtentry2.o(.ARM.Collect$$rtentry$$0000000A)
    __rt_entry_postsh_1                      0x08000179   Thumb Code     0  __rtentry2.o(.ARM.Collect$$rtentry$$00000009)
    __rt_entry_main                          0x0800017d   Thumb Code     0  __rtentry2.o(.ARM.Collect$$rtentry$$0000000D)
    __rt_entry_postli_1                      0x0800017d   Thumb Code     0  __rtentry2.o(.ARM.Collect$$rtentry$$0000000C)
    __rt_exit                                0x08000185   Thumb Code     0  rtexit.o(.ARM.Collect$$rtexit$$00000000)
    __rt_exit_ls                             0x08000187   Thumb Code     0  rtexit2.o(.ARM.Collect$$rtexit$$00000003)
    __rt_exit_prels_1                        0x08000187   Thumb Code     0  rtexit2.o(.ARM.Collect$$rtexit$$00000002)
    __rt_exit_exit                           0x0800018b   Thumb Code     0  rtexit2.o(.ARM.Collect$$rtexit$$00000004)
    Reset_Handler                            0x08000191   Thumb Code     8  startup_stm32f10x_md.o(.text)
    ADC1_2_IRQHandler                        0x080001ab   Thumb Code     0  startup_stm32f10x_md.o(.text)
    CAN1_RX1_IRQHandler                      0x080001ab   Thumb Code     0  startup_stm32f10x_md.o(.text)
    CAN1_SCE_IRQHandler                      0x080001ab   Thumb Code     0  startup_stm32f10x_md.o(.text)
    DMA1_Channel1_IRQHandler                 0x080001ab   Thumb Code     0  startup_stm32f10x_md.o(.text)
    DMA1_Channel2_IRQHandler                 0x080001ab   Thumb Code     0  startup_stm32f10x_md.o(.text)
    DMA1_Channel3_IRQHandler                 0x080001ab   Thumb Code     0  startup_stm32f10x_md.o(.text)
    DMA1_Channel4_IRQHandler                 0x080001ab   Thumb Code     0  startup_stm32f10x_md.o(.text)
    DMA1_Channel5_IRQHandler                 0x080001ab   Thumb Code     0  startup_stm32f10x_md.o(.text)
    DMA1_Channel6_IRQHandler                 0x080001ab   Thumb Code     0  startup_stm32f10x_md.o(.text)
    DMA1_Channel7_IRQHandler                 0x080001ab   Thumb Code     0  startup_stm32f10x_md.o(.text)
    EXTI0_IRQHandler                         0x080001ab   Thumb Code     0  startup_stm32f10x_md.o(.text)
    EXTI15_10_IRQHandler                     0x080001ab   Thumb Code     0  startup_stm32f10x_md.o(.text)
    EXTI1_IRQHandler                         0x080001ab   Thumb Code     0  startup_stm32f10x_md.o(.text)
    EXTI2_IRQHandler                         0x080001ab   Thumb Code     0  startup_stm32f10x_md.o(.text)
    EXTI3_IRQHandler                         0x080001ab   Thumb Code     0  startup_stm32f10x_md.o(.text)
    EXTI4_IRQHandler                         0x080001ab   Thumb Code     0  startup_stm32f10x_md.o(.text)
    EXTI9_5_IRQHandler                       0x080001ab   Thumb Code     0  startup_stm32f10x_md.o(.text)
    FLASH_IRQHandler                         0x080001ab   Thumb Code     0  startup_stm32f10x_md.o(.text)
    I2C1_ER_IRQHandler                       0x080001ab   Thumb Code     0  startup_stm32f10x_md.o(.text)
    I2C1_EV_IRQHandler                       0x080001ab   Thumb Code     0  startup_stm32f10x_md.o(.text)
    I2C2_ER_IRQHandler                       0x080001ab   Thumb Code     0  startup_stm32f10x_md.o(.text)
    I2C2_EV_IRQHandler                       0x080001ab   Thumb Code     0  startup_stm32f10x_md.o(.text)
    PVD_IRQHandler                           0x080001ab   Thumb Code     0  startup_stm32f10x_md.o(.text)
    RCC_IRQHandler                           0x080001ab   Thumb Code     0  startup_stm32f10x_md.o(.text)
    RTCAlarm_IRQHandler                      0x080001ab   Thumb Code     0  startup_stm32f10x_md.o(.text)
    RTC_IRQHandler                           0x080001ab   Thumb Code     0  startup_stm32f10x_md.o(.text)
    SPI1_IRQHandler                          0x080001ab   Thumb Code     0  startup_stm32f10x_md.o(.text)
    SPI2_IRQHandler                          0x080001ab   Thumb Code     0  startup_stm32f10x_md.o(.text)
    TAMPER_IRQHandler                        0x080001ab   Thumb Code     0  startup_stm32f10x_md.o(.text)
    TIM1_BRK_IRQHandler                      0x080001ab   Thumb Code     0  startup_stm32f10x_md.o(.text)
    TIM1_CC_IRQHandler                       0x080001ab   Thumb Code     0  startup_stm32f10x_md.o(.text)
    TIM1_TRG_COM_IRQHandler                  0x080001ab   Thumb Code     0  startup_stm32f10x_md.o(.text)
    TIM1_UP_IRQHandler                       0x080001ab   Thumb Code     0  startup_stm32f10x_md.o(.text)
    TIM2_IRQHandler                          0x080001ab   Thumb Code     0  startup_stm32f10x_md.o(.text)
    TIM3_IRQHandler                          0x080001ab   Thumb Code     0  startup_stm32f10x_md.o(.text)
    TIM4_IRQHandler                          0x080001ab   Thumb Code     0  startup_stm32f10x_md.o(.text)
    USART2_IRQHandler                        0x080001ab   Thumb Code     0  startup_stm32f10x_md.o(.text)
    USART3_IRQHandler                        0x080001ab   Thumb Code     0  startup_stm32f10x_md.o(.text)
    USBWakeUp_IRQHandler                     0x080001ab   Thumb Code     0  startup_stm32f10x_md.o(.text)
    USB_HP_CAN1_TX_IRQHandler                0x080001ab   Thumb Code     0  startup_stm32f10x_md.o(.text)
    USB_LP_CAN1_RX0_IRQHandler               0x080001ab   Thumb Code     0  startup_stm32f10x_md.o(.text)
    WWDG_IRQHandler                          0x080001ab   Thumb Code     0  startup_stm32f10x_md.o(.text)
    __user_initial_stackheap                 0x080001ad   Thumb Code     0  startup_stm32f10x_md.o(.text)
    __use_no_semihosting                     0x080001d1   Thumb Code     2  use_no_semi_2.o(.text)
    __2printf                                0x080001d5   Thumb Code    20  noretval__2printf.o(.text)
    _printf_int_dec                          0x080001ed   Thumb Code   104  _printf_dec.o(.text)
    __printf                                 0x08000265   Thumb Code   308  __printf_flags_wp.o(.text)
    memcmp                                   0x0800039d   Thumb Code    88  memcmp.o(.text)
    __aeabi_memset                           0x080003f5   Thumb Code    16  aeabi_memset.o(.text)
    __use_two_region_memory                  0x08000405   Thumb Code     2  heapauxi.o(.text)
    __rt_heap_escrow$2region                 0x08000407   Thumb Code     2  heapauxi.o(.text)
    __rt_heap_expand$2region                 0x08000409   Thumb Code     2  heapauxi.o(.text)
    __I$use$semihosting                      0x0800040b   Thumb Code     0  use_no_semi.o(.text)
    __use_no_semihosting_swi                 0x0800040b   Thumb Code     2  use_no_semi.o(.text)
    __read_errno                             0x0800040d   Thumb Code    10  _rserrno.o(.text)
    __set_errno                              0x08000417   Thumb Code    12  _rserrno.o(.text)
    _printf_int_common                       0x08000423   Thumb Code   178  _printf_intcommon.o(.text)
    _printf_char_file                        0x080004d5   Thumb Code    32  _printf_char_file.o(.text)
    __aeabi_memclr                           0x080004f9   Thumb Code     0  rt_memclr.o(.text)
    __rt_memclr                              0x080004f9   Thumb Code    68  rt_memclr.o(.text)
    _memset                                  0x080004fd   Thumb Code     0  rt_memclr.o(.text)
    __aeabi_errno_addr                       0x0800053d   Thumb Code     8  rt_errno_addr_intlibspace.o(.text)
    __errno$intlibspace                      0x0800053d   Thumb Code     0  rt_errno_addr_intlibspace.o(.text)
    __rt_errno_addr$intlibspace              0x0800053d   Thumb Code     0  rt_errno_addr_intlibspace.o(.text)
    _printf_char_common                      0x0800054f   Thumb Code    32  _printf_char_common.o(.text)
    ferror                                   0x08000575   Thumb Code     8  ferror.o(.text)
    __aeabi_memclr4                          0x0800057d   Thumb Code     0  rt_memclr_w.o(.text)
    __aeabi_memclr8                          0x0800057d   Thumb Code     0  rt_memclr_w.o(.text)
    __rt_memclr_w                            0x0800057d   Thumb Code    78  rt_memclr_w.o(.text)
    _memset_w                                0x08000581   Thumb Code     0  rt_memclr_w.o(.text)
    __user_libspace                          0x080005cd   Thumb Code     8  libspace.o(.text)
    __user_perproc_libspace                  0x080005cd   Thumb Code     0  libspace.o(.text)
    __user_perthread_libspace                0x080005cd   Thumb Code     0  libspace.o(.text)
    __user_setup_stackheap                   0x080005d5   Thumb Code    74  sys_stackheap_outer.o(.text)
    exit                                     0x0800061f   Thumb Code    18  exit.o(.text)
    BusFault_Handler                         0x08000631   Thumb Code     4  stm32f10x_it.o(i.BusFault_Handler)
    DATA_Report                              0x08000635   Thumb Code   380  main.o(i.DATA_Report)
    DebugMon_Handler                         0x08000851   Thumb Code     2  stm32f10x_it.o(i.DebugMon_Handler)
    GPIO_Init                                0x08000853   Thumb Code   278  stm32f10x_gpio.o(i.GPIO_Init)
    GPIO_SetBits                             0x08000969   Thumb Code     4  stm32f10x_gpio.o(i.GPIO_SetBits)
    HardFault_Handler                        0x0800096d   Thumb Code     4  stm32f10x_it.o(i.HardFault_Handler)
    LED_Init                                 0x08000971   Thumb Code    50  led.o(i.LED_Init)
    MPU_Get_Accelerometer                    0x080009a9   Thumb Code    80  mpu6050.o(i.MPU_Get_Accelerometer)
    MPU_Get_Gyroscope                        0x080009f9   Thumb Code    80  mpu6050.o(i.MPU_Get_Gyroscope)
    MPU_Get_Temperature                      0x08000a49   Thumb Code    86  mpu6050.o(i.MPU_Get_Temperature)
    MPU_IIC_Ack                              0x08000ab1   Thumb Code    62  mpuiic.o(i.MPU_IIC_Ack)
    MPU_IIC_Delay                            0x08000afd   Thumb Code    10  mpuiic.o(i.MPU_IIC_Delay)
    MPU_IIC_Init                             0x08000b09   Thumb Code    46  mpuiic.o(i.MPU_IIC_Init)
    MPU_IIC_NAck                             0x08000b3d   Thumb Code    62  mpuiic.o(i.MPU_IIC_NAck)
    MPU_IIC_Read_Byte                        0x08000b89   Thumb Code    94  mpuiic.o(i.MPU_IIC_Read_Byte)
    MPU_IIC_Send_Byte                        0x08000bf5   Thumb Code    80  mpuiic.o(i.MPU_IIC_Send_Byte)
    MPU_IIC_Start                            0x08000c51   Thumb Code    60  mpuiic.o(i.MPU_IIC_Start)
    MPU_IIC_Stop                             0x08000c99   Thumb Code    58  mpuiic.o(i.MPU_IIC_Stop)
    MPU_IIC_Wait_Ack                         0x08000ce1   Thumb Code    86  mpuiic.o(i.MPU_IIC_Wait_Ack)
    MPU_Init                                 0x08000d45   Thumb Code   122  mpu6050.o(i.MPU_Init)
    MPU_Read                                 0x08000dc1   Thumb Code    78  main.o(i.MPU_Read)
    MPU_Read_Byte                            0x08000e3d   Thumb Code    58  mpu6050.o(i.MPU_Read_Byte)
    MPU_Read_Len                             0x08000e77   Thumb Code   116  mpu6050.o(i.MPU_Read_Len)
    MPU_Set_Accel_Fsr                        0x08000eeb   Thumb Code    16  mpu6050.o(i.MPU_Set_Accel_Fsr)
    MPU_Set_Gyro_Fsr                         0x08000efb   Thumb Code    16  mpu6050.o(i.MPU_Set_Gyro_Fsr)
    MPU_Set_LPF                              0x08000f0b   Thumb Code    58  mpu6050.o(i.MPU_Set_LPF)
    MPU_Set_Rate                             0x08000f45   Thumb Code    58  mpu6050.o(i.MPU_Set_Rate)
    MPU_Write_Byte                           0x08000f7f   Thumb Code    68  mpu6050.o(i.MPU_Write_Byte)
    MPU_Write_Len                            0x08000fc3   Thumb Code    96  mpu6050.o(i.MPU_Write_Len)
    MemManage_Handler                        0x08001023   Thumb Code     4  stm32f10x_it.o(i.MemManage_Handler)
    NMI_Handler                              0x08001027   Thumb Code     2  stm32f10x_it.o(i.NMI_Handler)
    NVIC_Init                                0x08001029   Thumb Code   100  misc.o(i.NVIC_Init)
    NVIC_PriorityGroupConfig                 0x08001099   Thumb Code    10  misc.o(i.NVIC_PriorityGroupConfig)
    PendSV_Handler                           0x080010ad   Thumb Code     2  stm32f10x_it.o(i.PendSV_Handler)
    RCC_APB2PeriphClockCmd                   0x080010b1   Thumb Code    26  stm32f10x_rcc.o(i.RCC_APB2PeriphClockCmd)
    RCC_GetClocksFreq                        0x080010d1   Thumb Code   192  stm32f10x_rcc.o(i.RCC_GetClocksFreq)
    SVC_Handler                              0x080011a5   Thumb Code     2  stm32f10x_it.o(i.SVC_Handler)
    SYS_Init                                 0x080011a9   Thumb Code   110  main.o(i.SYS_Init)
    SysTick_CLKSourceConfig                  0x08001345   Thumb Code    40  misc.o(i.SysTick_CLKSourceConfig)
    SysTick_Handler                          0x0800136d   Thumb Code     2  stm32f10x_it.o(i.SysTick_Handler)
    SystemInit                               0x08001371   Thumb Code    78  system_stm32f10x.o(i.SystemInit)
    USART1_IRQHandler                        0x080013d1   Thumb Code   122  usart.o(i.USART1_IRQHandler)
    USART_Cmd                                0x08001459   Thumb Code    24  stm32f10x_usart.o(i.USART_Cmd)
    USART_GetITStatus                        0x08001471   Thumb Code    84  stm32f10x_usart.o(i.USART_GetITStatus)
    USART_ITConfig                           0x080014c5   Thumb Code    74  stm32f10x_usart.o(i.USART_ITConfig)
    USART_Init                               0x08001511   Thumb Code   210  stm32f10x_usart.o(i.USART_Init)
    USART_ReceiveData                        0x080015e9   Thumb Code    10  stm32f10x_usart.o(i.USART_ReceiveData)
    UsageFault_Handler                       0x080015f3   Thumb Code     4  stm32f10x_it.o(i.UsageFault_Handler)
    __ARM_fpclassify                         0x080015f7   Thumb Code    40  fpclassify.o(i.__ARM_fpclassify)
    __kernel_poly                            0x0800161f   Thumb Code   170  poly.o(i.__kernel_poly)
    __mathlib_dbl_infnan                     0x080016c9   Thumb Code     6  dunder.o(i.__mathlib_dbl_infnan)
    __mathlib_dbl_infnan2                    0x080016cf   Thumb Code     4  dunder.o(i.__mathlib_dbl_infnan2)
    __mathlib_dbl_invalid                    0x080016d3   Thumb Code    12  dunder.o(i.__mathlib_dbl_invalid)
    __mathlib_dbl_underflow                  0x080016e1   Thumb Code    10  dunder.o(i.__mathlib_dbl_underflow)
    _is_digit                                0x080016f1   Thumb Code    14  __printf_wp.o(i._is_digit)
    _sys_exit                                0x080016ff   Thumb Code     4  usart.o(i._sys_exit)
    asin                                     0x08001705   Thumb Code   572  asin.o(i.asin)
    atan                                     0x08001975   Thumb Code   474  atan.o(i.atan)
    atan2                                    0x08001b95   Thumb Code   374  atan2.o(i.atan2)
    delay_init                               0x08001d95   Thumb Code    50  delay.o(i.delay_init)
    delay_ms                                 0x08001dd9   Thumb Code    72  delay.o(i.delay_ms)
    delay_us                                 0x08001e25   Thumb Code    72  delay.o(i.delay_us)
    dmp_enable_6x_lp_quat                    0x08001e71   Thumb Code    60  inv_mpu_dmp_motion_driver.o(i.dmp_enable_6x_lp_quat)
    dmp_enable_feature                       0x08001ead   Thumb Code   530  inv_mpu_dmp_motion_driver.o(i.dmp_enable_feature)
    dmp_enable_gyro_cal                      0x080020c9   Thumb Code    62  inv_mpu_dmp_motion_driver.o(i.dmp_enable_gyro_cal)
    dmp_enable_lp_quat                       0x08002121   Thumb Code    60  inv_mpu_dmp_motion_driver.o(i.dmp_enable_lp_quat)
    dmp_load_motion_driver_firmware          0x0800215d   Thumb Code    20  inv_mpu_dmp_motion_driver.o(i.dmp_load_motion_driver_firmware)
    dmp_read_fifo                            0x08002175   Thumb Code   456  inv_mpu_dmp_motion_driver.o(i.dmp_read_fifo)
    dmp_set_fifo_rate                        0x08002341   Thumb Code    96  inv_mpu_dmp_motion_driver.o(i.dmp_set_fifo_rate)
    dmp_set_orientation                      0x080023b1   Thumb Code   290  inv_mpu_dmp_motion_driver.o(i.dmp_set_orientation)
    dmp_set_shake_reject_thresh              0x080024e9   Thumb Code    56  inv_mpu_dmp_motion_driver.o(i.dmp_set_shake_reject_thresh)
    dmp_set_shake_reject_time                0x08002521   Thumb Code    38  inv_mpu_dmp_motion_driver.o(i.dmp_set_shake_reject_time)
    dmp_set_shake_reject_timeout             0x08002547   Thumb Code    38  inv_mpu_dmp_motion_driver.o(i.dmp_set_shake_reject_timeout)
    dmp_set_tap_axes                         0x0800256d   Thumb Code    70  inv_mpu_dmp_motion_driver.o(i.dmp_set_tap_axes)
    dmp_set_tap_count                        0x080025b3   Thumb Code    38  inv_mpu_dmp_motion_driver.o(i.dmp_set_tap_count)
    dmp_set_tap_thresh                       0x080025d9   Thumb Code   396  inv_mpu_dmp_motion_driver.o(i.dmp_set_tap_thresh)
    dmp_set_tap_time                         0x08002779   Thumb Code    38  inv_mpu_dmp_motion_driver.o(i.dmp_set_tap_time)
    dmp_set_tap_time_multi                   0x0800279f   Thumb Code    38  inv_mpu_dmp_motion_driver.o(i.dmp_set_tap_time_multi)
    fputc                                    0x080027c5   Thumb Code    24  usart.o(i.fputc)
    inv_orientation_matrix_to_scalar         0x080027e1   Thumb Code    40  inv_mpu.o(i.inv_orientation_matrix_to_scalar)
    inv_row_2_scale                          0x08002809   Thumb Code    78  inv_mpu.o(i.inv_row_2_scale)
    main                                     0x08002857   Thumb Code    16  main.o(i.main)
    mget_ms                                  0x08002867   Thumb Code     2  inv_mpu.o(i.mget_ms)
    mpu_configure_fifo                       0x08002869   Thumb Code   106  inv_mpu.o(i.mpu_configure_fifo)
    mpu_dmp_get_data                         0x080028d9   Thumb Code   544  inv_mpu.o(i.mpu_dmp_get_data)
    mpu_dmp_init                             0x08002afd   Thumb Code   148  inv_mpu.o(i.mpu_dmp_init)
    mpu_get_accel_fsr                        0x08002b95   Thumb Code    72  inv_mpu.o(i.mpu_get_accel_fsr)
    mpu_init                                 0x08002be1   Thumb Code   416  inv_mpu.o(i.mpu_init)
    mpu_load_firmware                        0x08002dd1   Thumb Code   180  inv_mpu.o(i.mpu_load_firmware)
    mpu_lp_accel_mode                        0x08002e89   Thumb Code   218  inv_mpu.o(i.mpu_lp_accel_mode)
    mpu_read_fifo_stream                     0x08002f69   Thumb Code   186  inv_mpu.o(i.mpu_read_fifo_stream)
    mpu_read_mem                             0x08003029   Thumb Code   122  inv_mpu.o(i.mpu_read_mem)
    mpu_reset_fifo                           0x080030a9   Thumb Code   450  inv_mpu.o(i.mpu_reset_fifo)
    mpu_set_accel_fsr                        0x08003271   Thumb Code   126  inv_mpu.o(i.mpu_set_accel_fsr)
    mpu_set_bypass                           0x080032f5   Thumb Code   328  inv_mpu.o(i.mpu_set_bypass)
    mpu_set_dmp_state                        0x08003441   Thumb Code   138  inv_mpu.o(i.mpu_set_dmp_state)
    mpu_set_gyro_fsr                         0x080034d1   Thumb Code   132  inv_mpu.o(i.mpu_set_gyro_fsr)
    mpu_set_int_latched                      0x08003559   Thumb Code   102  inv_mpu.o(i.mpu_set_int_latched)
    mpu_set_lpf                              0x080035c5   Thumb Code   126  inv_mpu.o(i.mpu_set_lpf)
    mpu_set_sample_rate                      0x08003649   Thumb Code   152  inv_mpu.o(i.mpu_set_sample_rate)
    mpu_set_sensors                          0x080036e5   Thumb Code   202  inv_mpu.o(i.mpu_set_sensors)
    mpu_write_mem                            0x080037b5   Thumb Code   122  inv_mpu.o(i.mpu_write_mem)
    sqrt                                     0x080038c5   Thumb Code    76  sqrt.o(i.sqrt)
    uart_init                                0x08003911   Thumb Code   152  usart.o(i.uart_init)
    __aeabi_d2f                              0x080039b1   Thumb Code     0  d2f.o(x$fpl$d2f)
    _d2f                                     0x080039b1   Thumb Code    98  d2f.o(x$fpl$d2f)
    __aeabi_dadd                             0x08003a15   Thumb Code     0  daddsub_clz.o(x$fpl$dadd)
    _dadd                                    0x08003a15   Thumb Code   332  daddsub_clz.o(x$fpl$dadd)
    __fpl_dcheck_NaN1                        0x08003b65   Thumb Code    10  dcheck1.o(x$fpl$dcheck1)
    __fpl_dcmp_Inf                           0x08003b75   Thumb Code    24  dcmpi.o(x$fpl$dcmpinf)
    __aeabi_ddiv                             0x08003b8d   Thumb Code     0  ddiv.o(x$fpl$ddiv)
    _ddiv                                    0x08003b8d   Thumb Code   552  ddiv.o(x$fpl$ddiv)
    __aeabi_cdcmpeq                          0x08003e3d   Thumb Code     0  deqf.o(x$fpl$deqf)
    _dcmpeq                                  0x08003e3d   Thumb Code   120  deqf.o(x$fpl$deqf)
    __aeabi_i2d                              0x08003eb5   Thumb Code     0  dflt_clz.o(x$fpl$dflt)
    _dflt                                    0x08003eb5   Thumb Code    46  dflt_clz.o(x$fpl$dflt)
    __aeabi_dmul                             0x08003ee5   Thumb Code     0  dmul.o(x$fpl$dmul)
    _dmul                                    0x08003ee5   Thumb Code   332  dmul.o(x$fpl$dmul)
    __fpl_dnaninf                            0x08004039   Thumb Code   156  dnaninf.o(x$fpl$dnaninf)
    __fpl_dretinf                            0x080040d5   Thumb Code    12  dretinf.o(x$fpl$dretinf)
    __aeabi_drsub                            0x080040e1   Thumb Code     0  daddsub_clz.o(x$fpl$drsb)
    _drsb                                    0x080040e1   Thumb Code    22  daddsub_clz.o(x$fpl$drsb)
    _dsqrt                                   0x080040f9   Thumb Code   456  dsqrt_noumaal.o(x$fpl$dsqrt)
    __aeabi_dsub                             0x080042c5   Thumb Code     0  daddsub_clz.o(x$fpl$dsub)
    _dsub                                    0x080042c5   Thumb Code   464  daddsub_clz.o(x$fpl$dsub)
    __aeabi_f2d                              0x08004499   Thumb Code     0  f2d.o(x$fpl$f2d)
    _f2d                                     0x08004499   Thumb Code    86  f2d.o(x$fpl$f2d)
    __aeabi_fadd                             0x080044f1   Thumb Code     0  faddsub_clz.o(x$fpl$fadd)
    _fadd                                    0x080044f1   Thumb Code   196  faddsub_clz.o(x$fpl$fadd)
    __aeabi_fdiv                             0x080045b5   Thumb Code     0  fdiv.o(x$fpl$fdiv)
    _fdiv                                    0x080045b5   Thumb Code   384  fdiv.o(x$fpl$fdiv)
    __aeabi_f2iz                             0x08004739   Thumb Code     0  ffix.o(x$fpl$ffix)
    _ffix                                    0x08004739   Thumb Code    54  ffix.o(x$fpl$ffix)
    __aeabi_f2uiz                            0x08004771   Thumb Code     0  ffixu.o(x$fpl$ffixu)
    _ffixu                                   0x08004771   Thumb Code    62  ffixu.o(x$fpl$ffixu)
    __aeabi_i2f                              0x080047b1   Thumb Code     0  fflt_clz.o(x$fpl$fflt)
    _fflt                                    0x080047b1   Thumb Code    48  fflt_clz.o(x$fpl$fflt)
    __aeabi_ui2f                             0x080047e1   Thumb Code     0  fflt_clz.o(x$fpl$ffltu)
    _ffltu                                   0x080047e1   Thumb Code    38  fflt_clz.o(x$fpl$ffltu)
    __aeabi_fmul                             0x08004809   Thumb Code     0  fmul.o(x$fpl$fmul)
    _fmul                                    0x08004809   Thumb Code   258  fmul.o(x$fpl$fmul)
    __fpl_fnaninf                            0x0800490b   Thumb Code   140  fnaninf.o(x$fpl$fnaninf)
    __fpl_fretinf                            0x08004997   Thumb Code    10  fretinf.o(x$fpl$fretinf)
    __aeabi_fsub                             0x080049a1   Thumb Code     0  faddsub_clz.o(x$fpl$fsub)
    _fsub                                    0x080049a1   Thumb Code   234  faddsub_clz.o(x$fpl$fsub)
    __fpl_return_NaN                         0x08004a8b   Thumb Code   100  retnan.o(x$fpl$retnan)
    __ARM_scalbn                             0x08004aef   Thumb Code    92  scalbn.o(x$fpl$scalbn)
    __fpl_cmpreturn                          0x08004b4b   Thumb Code    48  trapv.o(x$fpl$trapveneer)
    __I$use$fp                               0x08004b7a   Number         0  usenofp.o(x$fpl$usenofp)
    reg                                      0x08004b7c   Data          27  inv_mpu.o(.constdata)
    hw                                       0x08004b98   Data          12  inv_mpu.o(.constdata)
    test                                     0x08004ba4   Data          40  inv_mpu.o(.constdata)
    __mathlib_zero                           0x080058c0   Data           8  qnan.o(.constdata)
    Region$$Table$$Base                      0x08005918   Number         0  anon$$obj.o(Region$$Table)
    Region$$Table$$Limit                     0x08005938   Number         0  anon$$obj.o(Region$$Table)
    pitch                                    0x20000000   Data           4  main.o(.data)
    roll                                     0x20000004   Data           4  main.o(.data)
    yaw                                      0x20000008   Data           4  main.o(.data)
    aacx                                     0x2000000c   Data           2  main.o(.data)
    aacy                                     0x2000000e   Data           2  main.o(.data)
    aacz                                     0x20000010   Data           2  main.o(.data)
    gyrox                                    0x20000012   Data           2  main.o(.data)
    gyroy                                    0x20000014   Data           2  main.o(.data)
    gyroz                                    0x20000016   Data           2  main.o(.data)
    temp                                     0x20000018   Data           2  main.o(.data)
    mpu6050                                  0x2000001a   Data           2  main.o(.data)
    SystemCoreClock                          0x2000001c   Data           4  system_stm32f10x.o(.data)
    AHBPrescTable                            0x20000020   Data          16  system_stm32f10x.o(.data)
    __stdout                                 0x2000006c   Data           4  usart.o(.data)
    USART_RX_STA                             0x20000070   Data           2  usart.o(.data)
    USART_RX_BUF                             0x20000098   Data         200  usart.o(.bss)
    __libspace_start                         0x20000160   Data          96  libspace.o(.bss)
    __temporary_stack_top$libspace           0x200001c0   Data           0  libspace.o(.bss)



==============================================================================

Memory Map of the image

  Image Entry point : 0x08000191

  Load Region LR_1 (Base: 0x08000000, Size: 0x000059c0, Max: 0xffffffff, ABSOLUTE)

    Execution Region ER_RO (Exec base: 0x08000000, Load base: 0x08000000, Size: 0x00005938, Max: 0xffffffff, ABSOLUTE)

    Exec Addr    Load Addr    Size         Type   Attr      Idx    E Section Name        Object

    0x08000000   0x08000000   0x000000ec   Data   RO         1053    RESET               startup_stm32f10x_md.o
    0x080000ec   0x080000ec   0x00000008   Code   RO         1678  * !!!main             c_w.l(__main.o)
    0x080000f4   0x080000f4   0x00000034   Code   RO         2007    !!!scatter          c_w.l(__scatter.o)
    0x08000128   0x08000128   0x0000001a   Code   RO         2009    !!handler_copy      c_w.l(__scatter_copy.o)
    0x08000142   0x08000142   0x00000002   PAD
    0x08000144   0x08000144   0x0000001c   Code   RO         2011    !!handler_zi        c_w.l(__scatter_zi.o)
    0x08000160   0x08000160   0x00000000   Code   RO         1671    .ARM.Collect$$_printf_percent$$00000000  c_w.l(_printf_percent.o)
    0x08000160   0x08000160   0x00000006   Code   RO         1670    .ARM.Collect$$_printf_percent$$00000009  c_w.l(_printf_d.o)
    0x08000166   0x08000166   0x00000004   Code   RO         1763    .ARM.Collect$$_printf_percent$$00000017  c_w.l(_printf_percent_end.o)
    0x0800016a   0x0800016a   0x00000002   Code   RO         1874    .ARM.Collect$$libinit$$00000000  c_w.l(libinit.o)
    0x0800016c   0x0800016c   0x00000000   Code   RO         1884    .ARM.Collect$$libinit$$00000002  c_w.l(libinit2.o)
    0x0800016c   0x0800016c   0x00000000   Code   RO         1886    .ARM.Collect$$libinit$$00000004  c_w.l(libinit2.o)
    0x0800016c   0x0800016c   0x00000000   Code   RO         1889    .ARM.Collect$$libinit$$0000000A  c_w.l(libinit2.o)
    0x0800016c   0x0800016c   0x00000000   Code   RO         1891    .ARM.Collect$$libinit$$0000000C  c_w.l(libinit2.o)
    0x0800016c   0x0800016c   0x00000000   Code   RO         1893    .ARM.Collect$$libinit$$0000000E  c_w.l(libinit2.o)
    0x0800016c   0x0800016c   0x00000000   Code   RO         1896    .ARM.Collect$$libinit$$00000011  c_w.l(libinit2.o)
    0x0800016c   0x0800016c   0x00000000   Code   RO         1898    .ARM.Collect$$libinit$$00000013  c_w.l(libinit2.o)
    0x0800016c   0x0800016c   0x00000000   Code   RO         1900    .ARM.Collect$$libinit$$00000015  c_w.l(libinit2.o)
    0x0800016c   0x0800016c   0x00000000   Code   RO         1902    .ARM.Collect$$libinit$$00000017  c_w.l(libinit2.o)
    0x0800016c   0x0800016c   0x00000000   Code   RO         1904    .ARM.Collect$$libinit$$00000019  c_w.l(libinit2.o)
    0x0800016c   0x0800016c   0x00000000   Code   RO         1906    .ARM.Collect$$libinit$$0000001B  c_w.l(libinit2.o)
    0x0800016c   0x0800016c   0x00000000   Code   RO         1908    .ARM.Collect$$libinit$$0000001D  c_w.l(libinit2.o)
    0x0800016c   0x0800016c   0x00000000   Code   RO         1910    .ARM.Collect$$libinit$$0000001F  c_w.l(libinit2.o)
    0x0800016c   0x0800016c   0x00000000   Code   RO         1912    .ARM.Collect$$libinit$$00000021  c_w.l(libinit2.o)
    0x0800016c   0x0800016c   0x00000000   Code   RO         1914    .ARM.Collect$$libinit$$00000023  c_w.l(libinit2.o)
    0x0800016c   0x0800016c   0x00000000   Code   RO         1916    .ARM.Collect$$libinit$$00000025  c_w.l(libinit2.o)
    0x0800016c   0x0800016c   0x00000000   Code   RO         1920    .ARM.Collect$$libinit$$0000002C  c_w.l(libinit2.o)
    0x0800016c   0x0800016c   0x00000000   Code   RO         1922    .ARM.Collect$$libinit$$0000002E  c_w.l(libinit2.o)
    0x0800016c   0x0800016c   0x00000000   Code   RO         1924    .ARM.Collect$$libinit$$00000030  c_w.l(libinit2.o)
    0x0800016c   0x0800016c   0x00000000   Code   RO         1926    .ARM.Collect$$libinit$$00000032  c_w.l(libinit2.o)
    0x0800016c   0x0800016c   0x00000002   Code   RO         1927    .ARM.Collect$$libinit$$00000033  c_w.l(libinit2.o)
    0x0800016e   0x0800016e   0x00000002   Code   RO         1957    .ARM.Collect$$libshutdown$$00000000  c_w.l(libshutdown.o)
    0x08000170   0x08000170   0x00000000   Code   RO         1971    .ARM.Collect$$libshutdown$$00000002  c_w.l(libshutdown2.o)
    0x08000170   0x08000170   0x00000000   Code   RO         1973    .ARM.Collect$$libshutdown$$00000004  c_w.l(libshutdown2.o)
    0x08000170   0x08000170   0x00000000   Code   RO         1975    .ARM.Collect$$libshutdown$$00000006  c_w.l(libshutdown2.o)
    0x08000170   0x08000170   0x00000000   Code   RO         1978    .ARM.Collect$$libshutdown$$00000009  c_w.l(libshutdown2.o)
    0x08000170   0x08000170   0x00000000   Code   RO         1981    .ARM.Collect$$libshutdown$$0000000C  c_w.l(libshutdown2.o)
    0x08000170   0x08000170   0x00000000   Code   RO         1983    .ARM.Collect$$libshutdown$$0000000E  c_w.l(libshutdown2.o)
    0x08000170   0x08000170   0x00000000   Code   RO         1986    .ARM.Collect$$libshutdown$$00000011  c_w.l(libshutdown2.o)
    0x08000170   0x08000170   0x00000002   Code   RO         1987    .ARM.Collect$$libshutdown$$00000012  c_w.l(libshutdown2.o)
    0x08000172   0x08000172   0x00000000   Code   RO         1754    .ARM.Collect$$rtentry$$00000000  c_w.l(__rtentry.o)
    0x08000172   0x08000172   0x00000000   Code   RO         1819    .ARM.Collect$$rtentry$$00000002  c_w.l(__rtentry2.o)
    0x08000172   0x08000172   0x00000006   Code   RO         1831    .ARM.Collect$$rtentry$$00000004  c_w.l(__rtentry4.o)
    0x08000178   0x08000178   0x00000000   Code   RO         1821    .ARM.Collect$$rtentry$$00000009  c_w.l(__rtentry2.o)
    0x08000178   0x08000178   0x00000004   Code   RO         1822    .ARM.Collect$$rtentry$$0000000A  c_w.l(__rtentry2.o)
    0x0800017c   0x0800017c   0x00000000   Code   RO         1824    .ARM.Collect$$rtentry$$0000000C  c_w.l(__rtentry2.o)
    0x0800017c   0x0800017c   0x00000008   Code   RO         1825    .ARM.Collect$$rtentry$$0000000D  c_w.l(__rtentry2.o)
    0x08000184   0x08000184   0x00000002   Code   RO         1877    .ARM.Collect$$rtexit$$00000000  c_w.l(rtexit.o)
    0x08000186   0x08000186   0x00000000   Code   RO         1931    .ARM.Collect$$rtexit$$00000002  c_w.l(rtexit2.o)
    0x08000186   0x08000186   0x00000004   Code   RO         1932    .ARM.Collect$$rtexit$$00000003  c_w.l(rtexit2.o)
    0x0800018a   0x0800018a   0x00000006   Code   RO         1933    .ARM.Collect$$rtexit$$00000004  c_w.l(rtexit2.o)
    0x08000190   0x08000190   0x00000040   Code   RO         1054  * .text               startup_stm32f10x_md.o
    0x080001d0   0x080001d0   0x00000002   Code   RO         1614    .text               c_w.l(use_no_semi_2.o)
    0x080001d2   0x080001d2   0x00000002   PAD
    0x080001d4   0x080001d4   0x00000018   Code   RO         1620    .text               c_w.l(noretval__2printf.o)
    0x080001ec   0x080001ec   0x00000078   Code   RO         1626    .text               c_w.l(_printf_dec.o)
    0x08000264   0x08000264   0x00000138   Code   RO         1661    .text               c_w.l(__printf_flags_wp.o)
    0x0800039c   0x0800039c   0x00000058   Code   RO         1672    .text               c_w.l(memcmp.o)
    0x080003f4   0x080003f4   0x00000010   Code   RO         1674    .text               c_w.l(aeabi_memset.o)
    0x08000404   0x08000404   0x00000006   Code   RO         1676    .text               c_w.l(heapauxi.o)
    0x0800040a   0x0800040a   0x00000002   Code   RO         1752    .text               c_w.l(use_no_semi.o)
    0x0800040c   0x0800040c   0x00000016   Code   RO         1757    .text               c_w.l(_rserrno.o)
    0x08000422   0x08000422   0x000000b2   Code   RO         1759    .text               c_w.l(_printf_intcommon.o)
    0x080004d4   0x080004d4   0x00000024   Code   RO         1761    .text               c_w.l(_printf_char_file.o)
    0x080004f8   0x080004f8   0x00000044   Code   RO         1764    .text               c_w.l(rt_memclr.o)
    0x0800053c   0x0800053c   0x00000008   Code   RO         1840    .text               c_w.l(rt_errno_addr_intlibspace.o)
    0x08000544   0x08000544   0x00000030   Code   RO         1842    .text               c_w.l(_printf_char_common.o)
    0x08000574   0x08000574   0x00000008   Code   RO         1844    .text               c_w.l(ferror.o)
    0x0800057c   0x0800057c   0x0000004e   Code   RO         1848    .text               c_w.l(rt_memclr_w.o)
    0x080005ca   0x080005ca   0x00000002   PAD
    0x080005cc   0x080005cc   0x00000008   Code   RO         1858    .text               c_w.l(libspace.o)
    0x080005d4   0x080005d4   0x0000004a   Code   RO         1861    .text               c_w.l(sys_stackheap_outer.o)
    0x0800061e   0x0800061e   0x00000012   Code   RO         1867    .text               c_w.l(exit.o)
    0x08000630   0x08000630   0x00000004   Code   RO          161    i.BusFault_Handler  stm32f10x_it.o
    0x08000634   0x08000634   0x0000021c   Code   RO            1    i.DATA_Report       main.o
    0x08000850   0x08000850   0x00000002   Code   RO          162    i.DebugMon_Handler  stm32f10x_it.o
    0x08000852   0x08000852   0x00000116   Code   RO         1100    i.GPIO_Init         stm32f10x_gpio.o
    0x08000968   0x08000968   0x00000004   Code   RO         1108    i.GPIO_SetBits      stm32f10x_gpio.o
    0x0800096c   0x0800096c   0x00000004   Code   RO          163    i.HardFault_Handler  stm32f10x_it.o
    0x08000970   0x08000970   0x00000038   Code   RO          284    i.LED_Init          led.o
    0x080009a8   0x080009a8   0x00000050   Code   RO          296    i.MPU_Get_Accelerometer  mpu6050.o
    0x080009f8   0x080009f8   0x00000050   Code   RO          297    i.MPU_Get_Gyroscope  mpu6050.o
    0x08000a48   0x08000a48   0x00000068   Code   RO          298    i.MPU_Get_Temperature  mpu6050.o
    0x08000ab0   0x08000ab0   0x0000004c   Code   RO          374    i.MPU_IIC_Ack       mpuiic.o
    0x08000afc   0x08000afc   0x0000000a   Code   RO          375    i.MPU_IIC_Delay     mpuiic.o
    0x08000b06   0x08000b06   0x00000002   PAD
    0x08000b08   0x08000b08   0x00000034   Code   RO          376    i.MPU_IIC_Init      mpuiic.o
    0x08000b3c   0x08000b3c   0x0000004c   Code   RO          377    i.MPU_IIC_NAck      mpuiic.o
    0x08000b88   0x08000b88   0x0000006c   Code   RO          378    i.MPU_IIC_Read_Byte  mpuiic.o
    0x08000bf4   0x08000bf4   0x0000005c   Code   RO          379    i.MPU_IIC_Send_Byte  mpuiic.o
    0x08000c50   0x08000c50   0x00000048   Code   RO          380    i.MPU_IIC_Start     mpuiic.o
    0x08000c98   0x08000c98   0x00000048   Code   RO          381    i.MPU_IIC_Stop      mpuiic.o
    0x08000ce0   0x08000ce0   0x00000064   Code   RO          382    i.MPU_IIC_Wait_Ack  mpuiic.o
    0x08000d44   0x08000d44   0x0000007a   Code   RO          299    i.MPU_Init          mpu6050.o
    0x08000dbe   0x08000dbe   0x00000002   PAD
    0x08000dc0   0x08000dc0   0x0000007c   Code   RO            2    i.MPU_Read          main.o
    0x08000e3c   0x08000e3c   0x0000003a   Code   RO          300    i.MPU_Read_Byte     mpu6050.o
    0x08000e76   0x08000e76   0x00000074   Code   RO          301    i.MPU_Read_Len      mpu6050.o
    0x08000eea   0x08000eea   0x00000010   Code   RO          302    i.MPU_Set_Accel_Fsr  mpu6050.o
    0x08000efa   0x08000efa   0x00000010   Code   RO          303    i.MPU_Set_Gyro_Fsr  mpu6050.o
    0x08000f0a   0x08000f0a   0x0000003a   Code   RO          304    i.MPU_Set_LPF       mpu6050.o
    0x08000f44   0x08000f44   0x0000003a   Code   RO          305    i.MPU_Set_Rate      mpu6050.o
    0x08000f7e   0x08000f7e   0x00000044   Code   RO          306    i.MPU_Write_Byte    mpu6050.o
    0x08000fc2   0x08000fc2   0x00000060   Code   RO          307    i.MPU_Write_Len     mpu6050.o
    0x08001022   0x08001022   0x00000004   Code   RO          164    i.MemManage_Handler  stm32f10x_it.o
    0x08001026   0x08001026   0x00000002   Code   RO          165    i.NMI_Handler       stm32f10x_it.o
    0x08001028   0x08001028   0x00000070   Code   RO         1058    i.NVIC_Init         misc.o
    0x08001098   0x08001098   0x00000014   Code   RO         1059    i.NVIC_PriorityGroupConfig  misc.o
    0x080010ac   0x080010ac   0x00000002   Code   RO          166    i.PendSV_Handler    stm32f10x_it.o
    0x080010ae   0x080010ae   0x00000002   PAD
    0x080010b0   0x080010b0   0x00000020   Code   RO         1236    i.RCC_APB2PeriphClockCmd  stm32f10x_rcc.o
    0x080010d0   0x080010d0   0x000000d4   Code   RO         1244    i.RCC_GetClocksFreq  stm32f10x_rcc.o
    0x080011a4   0x080011a4   0x00000002   Code   RO          167    i.SVC_Handler       stm32f10x_it.o
    0x080011a6   0x080011a6   0x00000002   PAD
    0x080011a8   0x080011a8   0x000000b4   Code   RO            3    i.SYS_Init          main.o
    0x0800125c   0x0800125c   0x00000008   Code   RO          250    i.SetSysClock       system_stm32f10x.o
    0x08001264   0x08001264   0x000000e0   Code   RO          251    i.SetSysClockTo72   system_stm32f10x.o
    0x08001344   0x08001344   0x00000028   Code   RO         1062    i.SysTick_CLKSourceConfig  misc.o
    0x0800136c   0x0800136c   0x00000002   Code   RO          168    i.SysTick_Handler   stm32f10x_it.o
    0x0800136e   0x0800136e   0x00000002   PAD
    0x08001370   0x08001370   0x00000060   Code   RO          253    i.SystemInit        system_stm32f10x.o
    0x080013d0   0x080013d0   0x00000088   Code   RO         1000    i.USART1_IRQHandler  usart.o
    0x08001458   0x08001458   0x00000018   Code   RO         1436    i.USART_Cmd         stm32f10x_usart.o
    0x08001470   0x08001470   0x00000054   Code   RO         1440    i.USART_GetITStatus  stm32f10x_usart.o
    0x080014c4   0x080014c4   0x0000004a   Code   RO         1442    i.USART_ITConfig    stm32f10x_usart.o
    0x0800150e   0x0800150e   0x00000002   PAD
    0x08001510   0x08001510   0x000000d8   Code   RO         1443    i.USART_Init        stm32f10x_usart.o
    0x080015e8   0x080015e8   0x0000000a   Code   RO         1450    i.USART_ReceiveData  stm32f10x_usart.o
    0x080015f2   0x080015f2   0x00000004   Code   RO          169    i.UsageFault_Handler  stm32f10x_it.o
    0x080015f6   0x080015f6   0x00000028   Code   RO         1805    i.__ARM_fpclassify  m_ws.l(fpclassify.o)
    0x0800161e   0x0800161e   0x000000aa   Code   RO         1807    i.__kernel_poly     m_ws.l(poly.o)
    0x080016c8   0x080016c8   0x00000006   Code   RO         1792    i.__mathlib_dbl_infnan  m_ws.l(dunder.o)
    0x080016ce   0x080016ce   0x00000004   Code   RO         1793    i.__mathlib_dbl_infnan2  m_ws.l(dunder.o)
    0x080016d2   0x080016d2   0x0000000c   Code   RO         1794    i.__mathlib_dbl_invalid  m_ws.l(dunder.o)
    0x080016de   0x080016de   0x00000002   PAD
    0x080016e0   0x080016e0   0x00000010   Code   RO         1797    i.__mathlib_dbl_underflow  m_ws.l(dunder.o)
    0x080016f0   0x080016f0   0x0000000e   Code   RO         1659    i._is_digit         c_w.l(__printf_wp.o)
    0x080016fe   0x080016fe   0x00000004   Code   RO         1001    i._sys_exit         usart.o
    0x08001702   0x08001702   0x00000002   PAD
    0x08001704   0x08001704   0x00000270   Code   RO         1735    i.asin              m_ws.l(asin.o)
    0x08001974   0x08001974   0x00000220   Code   RO         1782    i.atan              m_ws.l(atan.o)
    0x08001b94   0x08001b94   0x0000019c   Code   RO         1745    i.atan2             m_ws.l(atan2.o)
    0x08001d30   0x08001d30   0x00000064   Code   RO          759    i.decode_gesture    inv_mpu_dmp_motion_driver.o
    0x08001d94   0x08001d94   0x00000044   Code   RO          945    i.delay_init        delay.o
    0x08001dd8   0x08001dd8   0x0000004c   Code   RO          946    i.delay_ms          delay.o
    0x08001e24   0x08001e24   0x0000004c   Code   RO          947    i.delay_us          delay.o
    0x08001e70   0x08001e70   0x0000003c   Code   RO          760    i.dmp_enable_6x_lp_quat  inv_mpu_dmp_motion_driver.o
    0x08001eac   0x08001eac   0x0000021c   Code   RO          761    i.dmp_enable_feature  inv_mpu_dmp_motion_driver.o
    0x080020c8   0x080020c8   0x00000058   Code   RO          762    i.dmp_enable_gyro_cal  inv_mpu_dmp_motion_driver.o
    0x08002120   0x08002120   0x0000003c   Code   RO          763    i.dmp_enable_lp_quat  inv_mpu_dmp_motion_driver.o
    0x0800215c   0x0800215c   0x00000018   Code   RO          768    i.dmp_load_motion_driver_firmware  inv_mpu_dmp_motion_driver.o
    0x08002174   0x08002174   0x000001cc   Code   RO          769    i.dmp_read_fifo     inv_mpu_dmp_motion_driver.o
    0x08002340   0x08002340   0x00000070   Code   RO          773    i.dmp_set_fifo_rate  inv_mpu_dmp_motion_driver.o
    0x080023b0   0x080023b0   0x00000138   Code   RO          776    i.dmp_set_orientation  inv_mpu_dmp_motion_driver.o
    0x080024e8   0x080024e8   0x00000038   Code   RO          779    i.dmp_set_shake_reject_thresh  inv_mpu_dmp_motion_driver.o
    0x08002520   0x08002520   0x00000026   Code   RO          780    i.dmp_set_shake_reject_time  inv_mpu_dmp_motion_driver.o
    0x08002546   0x08002546   0x00000026   Code   RO          781    i.dmp_set_shake_reject_timeout  inv_mpu_dmp_motion_driver.o
    0x0800256c   0x0800256c   0x00000046   Code   RO          782    i.dmp_set_tap_axes  inv_mpu_dmp_motion_driver.o
    0x080025b2   0x080025b2   0x00000026   Code   RO          783    i.dmp_set_tap_count  inv_mpu_dmp_motion_driver.o
    0x080025d8   0x080025d8   0x000001a0   Code   RO          784    i.dmp_set_tap_thresh  inv_mpu_dmp_motion_driver.o
    0x08002778   0x08002778   0x00000026   Code   RO          785    i.dmp_set_tap_time  inv_mpu_dmp_motion_driver.o
    0x0800279e   0x0800279e   0x00000026   Code   RO          786    i.dmp_set_tap_time_multi  inv_mpu_dmp_motion_driver.o
    0x080027c4   0x080027c4   0x0000001c   Code   RO         1002    i.fputc             usart.o
    0x080027e0   0x080027e0   0x00000028   Code   RO          438    i.inv_orientation_matrix_to_scalar  inv_mpu.o
    0x08002808   0x08002808   0x0000004e   Code   RO          439    i.inv_row_2_scale   inv_mpu.o
    0x08002856   0x08002856   0x00000010   Code   RO            4    i.main              main.o
    0x08002866   0x08002866   0x00000002   Code   RO          440    i.mget_ms           inv_mpu.o
    0x08002868   0x08002868   0x00000070   Code   RO          441    i.mpu_configure_fifo  inv_mpu.o
    0x080028d8   0x080028d8   0x00000224   Code   RO          442    i.mpu_dmp_get_data  inv_mpu.o
    0x08002afc   0x08002afc   0x00000098   Code   RO          443    i.mpu_dmp_init      inv_mpu.o
    0x08002b94   0x08002b94   0x0000004c   Code   RO          444    i.mpu_get_accel_fsr  inv_mpu.o
    0x08002be0   0x08002be0   0x000001f0   Code   RO          460    i.mpu_init          inv_mpu.o
    0x08002dd0   0x08002dd0   0x000000b8   Code   RO          461    i.mpu_load_firmware  inv_mpu.o
    0x08002e88   0x08002e88   0x000000e0   Code   RO          462    i.mpu_lp_accel_mode  inv_mpu.o
    0x08002f68   0x08002f68   0x000000c0   Code   RO          465    i.mpu_read_fifo_stream  inv_mpu.o
    0x08003028   0x08003028   0x00000080   Code   RO          466    i.mpu_read_mem      inv_mpu.o
    0x080030a8   0x080030a8   0x000001c8   Code   RO          469    i.mpu_reset_fifo    inv_mpu.o
    0x08003270   0x08003270   0x00000084   Code   RO          472    i.mpu_set_accel_fsr  inv_mpu.o
    0x080032f4   0x080032f4   0x0000014c   Code   RO          473    i.mpu_set_bypass    inv_mpu.o
    0x08003440   0x08003440   0x00000090   Code   RO          475    i.mpu_set_dmp_state  inv_mpu.o
    0x080034d0   0x080034d0   0x00000088   Code   RO          476    i.mpu_set_gyro_fsr  inv_mpu.o
    0x08003558   0x08003558   0x0000006c   Code   RO          477    i.mpu_set_int_latched  inv_mpu.o
    0x080035c4   0x080035c4   0x00000084   Code   RO          479    i.mpu_set_lpf       inv_mpu.o
    0x08003648   0x08003648   0x0000009c   Code   RO          480    i.mpu_set_sample_rate  inv_mpu.o
    0x080036e4   0x080036e4   0x000000d0   Code   RO          481    i.mpu_set_sensors   inv_mpu.o
    0x080037b4   0x080037b4   0x00000080   Code   RO          482    i.mpu_write_mem     inv_mpu.o
    0x08003834   0x08003834   0x00000090   Code   RO          484    i.set_int_enable    inv_mpu.o
    0x080038c4   0x080038c4   0x0000004c   Code   RO         1811    i.sqrt              m_ws.l(sqrt.o)
    0x08003910   0x08003910   0x000000a0   Code   RO         1003    i.uart_init         usart.o
    0x080039b0   0x080039b0   0x00000062   Code   RO         1680    x$fpl$d2f           fz_ws.l(d2f.o)
    0x08003a12   0x08003a12   0x00000002   PAD
    0x08003a14   0x08003a14   0x00000150   Code   RO         1682    x$fpl$dadd          fz_ws.l(daddsub_clz.o)
    0x08003b64   0x08003b64   0x00000010   Code   RO         1850    x$fpl$dcheck1       fz_ws.l(dcheck1.o)
    0x08003b74   0x08003b74   0x00000018   Code   RO         1852    x$fpl$dcmpinf       fz_ws.l(dcmpi.o)
    0x08003b8c   0x08003b8c   0x000002b0   Code   RO         1689    x$fpl$ddiv          fz_ws.l(ddiv.o)
    0x08003e3c   0x08003e3c   0x00000078   Code   RO         1766    x$fpl$deqf          fz_ws.l(deqf.o)
    0x08003eb4   0x08003eb4   0x0000002e   Code   RO         1693    x$fpl$dflt          fz_ws.l(dflt_clz.o)
    0x08003ee2   0x08003ee2   0x00000002   PAD
    0x08003ee4   0x08003ee4   0x00000154   Code   RO         1698    x$fpl$dmul          fz_ws.l(dmul.o)
    0x08004038   0x08004038   0x0000009c   Code   RO         1768    x$fpl$dnaninf       fz_ws.l(dnaninf.o)
    0x080040d4   0x080040d4   0x0000000c   Code   RO         1770    x$fpl$dretinf       fz_ws.l(dretinf.o)
    0x080040e0   0x080040e0   0x00000016   Code   RO         1683    x$fpl$drsb          fz_ws.l(daddsub_clz.o)
    0x080040f6   0x080040f6   0x00000002   PAD
    0x080040f8   0x080040f8   0x000001cc   Code   RO         1856    x$fpl$dsqrt         fz_ws.l(dsqrt_noumaal.o)
    0x080042c4   0x080042c4   0x000001d4   Code   RO         1684    x$fpl$dsub          fz_ws.l(daddsub_clz.o)
    0x08004498   0x08004498   0x00000056   Code   RO         1700    x$fpl$f2d           fz_ws.l(f2d.o)
    0x080044ee   0x080044ee   0x00000002   PAD
    0x080044f0   0x080044f0   0x000000c4   Code   RO         1702    x$fpl$fadd          fz_ws.l(faddsub_clz.o)
    0x080045b4   0x080045b4   0x00000184   Code   RO         1709    x$fpl$fdiv          fz_ws.l(fdiv.o)
    0x08004738   0x08004738   0x00000036   Code   RO         1714    x$fpl$ffix          fz_ws.l(ffix.o)
    0x0800476e   0x0800476e   0x00000002   PAD
    0x08004770   0x08004770   0x0000003e   Code   RO         1718    x$fpl$ffixu         fz_ws.l(ffixu.o)
    0x080047ae   0x080047ae   0x00000002   PAD
    0x080047b0   0x080047b0   0x00000030   Code   RO         1723    x$fpl$fflt          fz_ws.l(fflt_clz.o)
    0x080047e0   0x080047e0   0x00000026   Code   RO         1722    x$fpl$ffltu         fz_ws.l(fflt_clz.o)
    0x08004806   0x08004806   0x00000002   PAD
    0x08004808   0x08004808   0x00000102   Code   RO         1730    x$fpl$fmul          fz_ws.l(fmul.o)
    0x0800490a   0x0800490a   0x0000008c   Code   RO         1774    x$fpl$fnaninf       fz_ws.l(fnaninf.o)
    0x08004996   0x08004996   0x0000000a   Code   RO         1776    x$fpl$fretinf       fz_ws.l(fretinf.o)
    0x080049a0   0x080049a0   0x000000ea   Code   RO         1704    x$fpl$fsub          fz_ws.l(faddsub_clz.o)
    0x08004a8a   0x08004a8a   0x00000064   Code   RO         1875    x$fpl$retnan        fz_ws.l(retnan.o)
    0x08004aee   0x08004aee   0x0000005c   Code   RO         1778    x$fpl$scalbn        fz_ws.l(scalbn.o)
    0x08004b4a   0x08004b4a   0x00000030   Code   RO         1928    x$fpl$trapveneer    fz_ws.l(trapv.o)
    0x08004b7a   0x08004b7a   0x00000000   Code   RO         1780    x$fpl$usenofp       fz_ws.l(usenofp.o)
    0x08004b7a   0x08004b7a   0x00000002   PAD
    0x08004b7c   0x08004b7c   0x00000050   Data   RO          486    .constdata          inv_mpu.o
    0x08004bcc   0x08004bcc   0x00000bf6   Data   RO          788    .constdata          inv_mpu_dmp_motion_driver.o
    0x080057c2   0x080057c2   0x00000011   Data   RO         1662    .constdata          c_w.l(__printf_flags_wp.o)
    0x080057d3   0x080057d3   0x00000005   PAD
    0x080057d8   0x080057d8   0x00000050   Data   RO         1736    .constdata          m_ws.l(asin.o)
    0x08005828   0x08005828   0x00000098   Data   RO         1783    .constdata          m_ws.l(atan.o)
    0x080058c0   0x080058c0   0x00000008   Data   RO         1809    .constdata          m_ws.l(qnan.o)
    0x080058c8   0x080058c8   0x0000004d   Data   RO          487    .conststring        inv_mpu.o
    0x08005915   0x08005915   0x00000003   PAD
    0x08005918   0x08005918   0x00000020   Data   RO         2005    Region$$Table       anon$$obj.o


    Execution Region ER_RW (Exec base: 0x20000000, Load base: 0x08005938, Size: 0x00000088, Max: 0xffffffff, ABSOLUTE)

    Exec Addr    Load Addr    Size         Type   Attr      Idx    E Section Name        Object

    0x20000000   0x08005938   0x0000001c   Data   RW            6    .data               main.o
    0x2000001c   0x08005954   0x00000014   Data   RW          254    .data               system_stm32f10x.o
    0x20000030   0x08005968   0x00000035   Data   RW          488    .data               inv_mpu.o
    0x20000065   0x0800599d   0x00000001   PAD
    0x20000066   0x0800599e   0x00000004   Data   RW          948    .data               delay.o
    0x2000006a   0x080059a2   0x00000002   PAD
    0x2000006c   0x080059a4   0x00000006   Data   RW         1005    .data               usart.o
    0x20000072   0x080059aa   0x00000014   Data   RW         1264    .data               stm32f10x_rcc.o


    Execution Region ER_ZI (Exec base: 0x20000088, Load base: 0x080059c0, Size: 0x00000738, Max: 0xffffffff, ABSOLUTE)

    Exec Addr    Load Addr    Size         Type   Attr      Idx    E Section Name        Object

    0x20000088        -       0x00000010   Zero   RW          787    .bss                inv_mpu_dmp_motion_driver.o
    0x20000098        -       0x000000c8   Zero   RW         1004    .bss                usart.o
    0x20000160        -       0x00000060   Zero   RW         1859    .bss                c_w.l(libspace.o)
    0x200001c0        -       0x00000200   Zero   RW         1052    HEAP                startup_stm32f10x_md.o
    0x200003c0        -       0x00000400   Zero   RW         1051    STACK               startup_stm32f10x_md.o


==============================================================================

Image component sizes


      Code (inc. data)   RO Data    RW Data    ZI Data      Debug   Object Name

       220         26          0          4          0       1927   delay.o
      4308        180        157         53          0      23026   inv_mpu.o
      2488        108       3062          0         16      20005   inv_mpu_dmp_motion_driver.o
        56          6          0          0          0        539   led.o
       860        276          0         28          0     234658   main.o
       172         22          0          0          0       2257   misc.o
       872         18          0          0          0       8901   mpu6050.o
       658        100          0          0          0       5302   mpuiic.o
        64         26        236          0       1536        828   startup_stm32f10x_md.o
       282          0          0          0          0       2651   stm32f10x_gpio.o
        26          0          0          0          0       4162   stm32f10x_it.o
       244         26          0         20          0       4069   stm32f10x_rcc.o
       408          6          0          0          0       5310   stm32f10x_usart.o
         0          0          0          0          0         32   sys.o
       328         28          0         20          0       2337   system_stm32f10x.o
       328         26          0          6        200       4452   usart.o

    ----------------------------------------------------------------------
     11328        848       3490        136       1752     320456   Object Totals
         0          0         32          0          0          0   (incl. Generated)
        14          0          3          5          0          0   (incl. Padding)

    ----------------------------------------------------------------------

      Code (inc. data)   RO Data    RW Data    ZI Data      Debug   Library Member Name

         8          0          0          0          0         68   __main.o
       312          4         17          0          0         92   __printf_flags_wp.o
        14          0          0          0          0         68   __printf_wp.o
         0          0          0          0          0          0   __rtentry.o
        12          0          0          0          0          0   __rtentry2.o
         6          0          0          0          0          0   __rtentry4.o
        52          8          0          0          0          0   __scatter.o
        26          0          0          0          0          0   __scatter_copy.o
        28          0          0          0          0          0   __scatter_zi.o
        48          6          0          0          0         96   _printf_char_common.o
        36          4          0          0          0         80   _printf_char_file.o
         6          0          0          0          0          0   _printf_d.o
       120         16          0          0          0         92   _printf_dec.o
       178          0          0          0          0         88   _printf_intcommon.o
         0          0          0          0          0          0   _printf_percent.o
         4          0          0          0          0          0   _printf_percent_end.o
        22          0          0          0          0        100   _rserrno.o
        16          0          0          0          0         68   aeabi_memset.o
        18          0          0          0          0         80   exit.o
         8          0          0          0          0         68   ferror.o
         6          0          0          0          0        152   heapauxi.o
         2          0          0          0          0          0   libinit.o
         2          0          0          0          0          0   libinit2.o
         2          0          0          0          0          0   libshutdown.o
         2          0          0          0          0          0   libshutdown2.o
         8          4          0          0         96         68   libspace.o
        88          0          0          0          0         76   memcmp.o
        24          4          0          0          0         84   noretval__2printf.o
         8          4          0          0          0         68   rt_errno_addr_intlibspace.o
        68          0          0          0          0         68   rt_memclr.o
        78          0          0          0          0         80   rt_memclr_w.o
         2          0          0          0          0          0   rtexit.o
        10          0          0          0          0          0   rtexit2.o
        74          0          0          0          0         80   sys_stackheap_outer.o
         2          0          0          0          0         68   use_no_semi.o
         2          0          0          0          0         68   use_no_semi_2.o
        98          4          0          0          0         92   d2f.o
       826         16          0          0          0        348   daddsub_clz.o
        16          4          0          0          0         68   dcheck1.o
        24          0          0          0          0         68   dcmpi.o
       688        140          0          0          0        208   ddiv.o
       120          4          0          0          0         92   deqf.o
        46          0          0          0          0         68   dflt_clz.o
       340         12          0          0          0        104   dmul.o
       156          4          0          0          0         92   dnaninf.o
        12          0          0          0          0         68   dretinf.o
       460         56          0          0          0        120   dsqrt_noumaal.o
        86          4          0          0          0         84   f2d.o
       430          8          0          0          0        168   faddsub_clz.o
       388         76          0          0          0         96   fdiv.o
        54          4          0          0          0         84   ffix.o
        62          4          0          0          0         84   ffixu.o
        86          0          0          0          0        136   fflt_clz.o
       258          4          0          0          0         84   fmul.o
       140          4          0          0          0         84   fnaninf.o
        10          0          0          0          0         68   fretinf.o
       100          0          0          0          0         68   retnan.o
        92          0          0          0          0         68   scalbn.o
        48          0          0          0          0         68   trapv.o
         0          0          0          0          0          0   usenofp.o
       624         52         80          0          0        168   asin.o
       544         70        152          0          0        124   atan.o
       412         38          0          0          0        144   atan2.o
        38          6          0          0          0        272   dunder.o
        40          0          0          0          0         68   fpclassify.o
       170          0          0          0          0         96   poly.o
         0          0          8          0          0          0   qnan.o
        76          0          0          0          0         84   sqrt.o

    ----------------------------------------------------------------------
      7760        560        262          0         96       5088   Library Totals
        24          0          5          0          0          0   (incl. Padding)

    ----------------------------------------------------------------------

      Code (inc. data)   RO Data    RW Data    ZI Data      Debug   Library Name

      1292         50         17          0         96       1712   c_w.l
      4540        344          0          0          0       2420   fz_ws.l
      1904        166        240          0          0        956   m_ws.l

    ----------------------------------------------------------------------
      7760        560        262          0         96       5088   Library Totals

    ----------------------------------------------------------------------

==============================================================================


      Code (inc. data)   RO Data    RW Data    ZI Data      Debug   

     19088       1408       3752        136       1848     317948   Grand Totals
     19088       1408       3752        136       1848     317948   ELF Image Totals
     19088       1408       3752        136          0          0   ROM Totals

==============================================================================

    Total RO  Size (Code + RO Data)                22840 (  22.30kB)
    Total RW  Size (RW Data + ZI Data)              1984 (   1.94kB)
    Total ROM Size (Code + RO Data + RW Data)      22976 (  22.44kB)

==============================================================================

