Component: ARM Compiler 5.06 update 7 (build 960) Tool: armlink [4d3601]

==============================================================================

Section Cross References

    startup_stm32g431xx.o(RESET) refers to startup_stm32g431xx.o(STACK) for __initial_sp
    startup_stm32g431xx.o(RESET) refers to startup_stm32g431xx.o(.text) for Reset_Handler
    startup_stm32g431xx.o(RESET) refers to stm32g4xx_it.o(i.NMI_Handler) for NMI_Handler
    startup_stm32g431xx.o(RESET) refers to stm32g4xx_it.o(i.HardFault_Handler) for HardFault_Handler
    startup_stm32g431xx.o(RESET) refers to stm32g4xx_it.o(i.MemManage_Handler) for MemManage_Handler
    startup_stm32g431xx.o(RESET) refers to stm32g4xx_it.o(i.BusFault_Handler) for BusFault_Handler
    startup_stm32g431xx.o(RESET) refers to stm32g4xx_it.o(i.UsageFault_Handler) for UsageFault_Handler
    startup_stm32g431xx.o(RESET) refers to stm32g4xx_it.o(i.SVC_Handler) for SVC_Handler
    startup_stm32g431xx.o(RESET) refers to stm32g4xx_it.o(i.DebugMon_Handler) for DebugMon_Handler
    startup_stm32g431xx.o(RESET) refers to stm32g4xx_it.o(i.PendSV_Handler) for PendSV_Handler
    startup_stm32g431xx.o(RESET) refers to stm32g4xx_it.o(i.SysTick_Handler) for SysTick_Handler
    startup_stm32g431xx.o(RESET) refers to stm32g4xx_it.o(i.TIM2_IRQHandler) for TIM2_IRQHandler
    startup_stm32g431xx.o(.text) refers to system_stm32g4xx.o(i.SystemInit) for SystemInit
    startup_stm32g431xx.o(.text) refers to entry.o(.ARM.Collect$$$$00000000) for __main
    main.o(i.SystemClock_Config) refers to memseta.o(.text) for __aeabi_memclr4
    main.o(i.SystemClock_Config) refers to stm32g4xx_hal_pwr_ex.o(i.HAL_PWREx_ControlVoltageScaling) for HAL_PWREx_ControlVoltageScaling
    main.o(i.SystemClock_Config) refers to stm32g4xx_hal_rcc.o(i.HAL_RCC_OscConfig) for HAL_RCC_OscConfig
    main.o(i.SystemClock_Config) refers to stm32g4xx_hal_rcc.o(i.HAL_RCC_ClockConfig) for HAL_RCC_ClockConfig
    main.o(i.fputc) refers to stm32g4xx_hal_uart.o(i.HAL_UART_Transmit) for HAL_UART_Transmit
    main.o(i.fputc) refers to usart.o(.bss) for huart1
    main.o(i.main) refers to stm32g4xx_hal.o(i.HAL_Init) for HAL_Init
    main.o(i.main) refers to main.o(i.SystemClock_Config) for SystemClock_Config
    main.o(i.main) refers to gpio.o(i.MX_GPIO_Init) for MX_GPIO_Init
    main.o(i.main) refers to usart.o(i.MX_USART1_UART_Init) for MX_USART1_UART_Init
    main.o(i.main) refers to tim.o(i.MX_TIM2_Init) for MX_TIM2_Init
    main.o(i.main) refers to stm32g4xx_hal_gpio.o(i.HAL_GPIO_WritePin) for HAL_GPIO_WritePin
    main.o(i.main) refers to printfa.o(i.__0printf) for __2printf
    gpio.o(i.MX_GPIO_Init) refers to memseta.o(.text) for __aeabi_memclr4
    gpio.o(i.MX_GPIO_Init) refers to stm32g4xx_hal_gpio.o(i.HAL_GPIO_WritePin) for HAL_GPIO_WritePin
    gpio.o(i.MX_GPIO_Init) refers to stm32g4xx_hal_gpio.o(i.HAL_GPIO_Init) for HAL_GPIO_Init
    tim.o(i.HAL_TIM_Base_MspDeInit) refers to stm32g4xx_hal_gpio.o(i.HAL_GPIO_DeInit) for HAL_GPIO_DeInit
    tim.o(i.HAL_TIM_Base_MspDeInit) refers to stm32g4xx_hal_cortex.o(i.HAL_NVIC_DisableIRQ) for HAL_NVIC_DisableIRQ
    tim.o(i.HAL_TIM_Base_MspInit) refers to memseta.o(.text) for __aeabi_memclr4
    tim.o(i.HAL_TIM_Base_MspInit) refers to stm32g4xx_hal_gpio.o(i.HAL_GPIO_Init) for HAL_GPIO_Init
    tim.o(i.HAL_TIM_Base_MspInit) refers to stm32g4xx_hal_cortex.o(i.HAL_NVIC_SetPriority) for HAL_NVIC_SetPriority
    tim.o(i.HAL_TIM_Base_MspInit) refers to stm32g4xx_hal_cortex.o(i.HAL_NVIC_EnableIRQ) for HAL_NVIC_EnableIRQ
    tim.o(i.MX_TIM2_Init) refers to stm32g4xx_hal_tim.o(i.HAL_TIM_Base_Init) for HAL_TIM_Base_Init
    tim.o(i.MX_TIM2_Init) refers to main.o(i.Error_Handler) for Error_Handler
    tim.o(i.MX_TIM2_Init) refers to stm32g4xx_hal_tim.o(i.HAL_TIM_ConfigClockSource) for HAL_TIM_ConfigClockSource
    tim.o(i.MX_TIM2_Init) refers to stm32g4xx_hal_tim.o(i.HAL_TIM_IC_Init) for HAL_TIM_IC_Init
    tim.o(i.MX_TIM2_Init) refers to stm32g4xx_hal_tim_ex.o(i.HAL_TIMEx_MasterConfigSynchronization) for HAL_TIMEx_MasterConfigSynchronization
    tim.o(i.MX_TIM2_Init) refers to stm32g4xx_hal_tim.o(i.HAL_TIM_IC_ConfigChannel) for HAL_TIM_IC_ConfigChannel
    tim.o(i.MX_TIM2_Init) refers to tim.o(.bss) for .bss
    usart.o(i.HAL_UART_MspDeInit) refers to stm32g4xx_hal_gpio.o(i.HAL_GPIO_DeInit) for HAL_GPIO_DeInit
    usart.o(i.HAL_UART_MspInit) refers to memseta.o(.text) for __aeabi_memclr4
    usart.o(i.HAL_UART_MspInit) refers to stm32g4xx_hal_rcc_ex.o(i.HAL_RCCEx_PeriphCLKConfig) for HAL_RCCEx_PeriphCLKConfig
    usart.o(i.HAL_UART_MspInit) refers to main.o(i.Error_Handler) for Error_Handler
    usart.o(i.HAL_UART_MspInit) refers to stm32g4xx_hal_gpio.o(i.HAL_GPIO_Init) for HAL_GPIO_Init
    usart.o(i.MX_USART1_UART_Init) refers to stm32g4xx_hal_uart.o(i.HAL_UART_Init) for HAL_UART_Init
    usart.o(i.MX_USART1_UART_Init) refers to main.o(i.Error_Handler) for Error_Handler
[...]
    Removing bmp388.o(i.compensate_temperature), (140 bytes).
    Removing bmp388.o(i.get_PandT), (172 bytes).
    Removing bmp388.o(i.get_calib_data), (184 bytes).
    Removing bmp388.o(.bss), (48 bytes).
    Removing bmp388.o(.data), (8 bytes).
    Removing ds18b20.o(.rev16_text), (4 bytes).
    Removing ds18b20.o(.revsh_text), (4 bytes).
    Removing ds18b20.o(.rrx_text), (6 bytes).
    Removing ds18b20.o(i.DS18B20_DelayUs), (26 bytes).
    Removing ds18b20.o(i.DS18B20_Init), (76 bytes).
    Removing ds18b20.o(i.DS18B20_ReadBit), (110 bytes).
    Removing ds18b20.o(i.DS18B20_ReadByte), (30 bytes).
    Removing ds18b20.o(i.DS18B20_ReadTemp), (92 bytes).
    Removing ds18b20.o(i.DS18B20_Start), (112 bytes).
    Removing ds18b20.o(i.DS18B20_Test), (140 bytes).
    Removing ds18b20.o(i.DS18B20_WriteBit), (108 bytes).
    Removing ds18b20.o(i.DS18B20_WriteByte), (28 bytes).
    Removing hx711.o(.rev16_text), (4 bytes).
    Removing hx711.o(.revsh_text), (4 bytes).
    Removing hx711.o(.rrx_text), (6 bytes).
    Removing hx711.o(i.HX711), (128 bytes).
    Removing hx711.o(i.delay_us), (24 bytes).
    Removing hx711.o(i.hx711_get_actual_weight), (56 bytes).
    Removing hx711.o(i.hx711_get_tare_weight), (44 bytes).
    Removing hx711.o(i.hx711_init), (88 bytes).
    Removing hx711.o(i.hx711_power_off), (42 bytes).
    Removing hx711.o(i.hx711_readCount), (204 bytes).
    Removing hx711.o(i.hx711_reset), (34 bytes).
    Removing hx711.o(i.hx711_set_convert_ratio), (12 bytes).
    Removing hx711.o(i.hx711_set_gain), (12 bytes).
    Removing hx711.o(i.hx711_set_offset_value), (12 bytes).
    Removing hx711.o(.bss), (20 bytes).
    Removing max30102.o(.rev16_text), (4 bytes).
    Removing max30102.o(.revsh_text), (4 bytes).
    Removing max30102.o(.rrx_text), (6 bytes).
    Removing max30102.o(i.MAX30102_Config), (98 bytes).
    Removing max30102.o(i.MAX30102_GPIO_Init), (112 bytes).
    Removing max30102.o(i.MAX30102_HeartRate_SPO2_Calculate), (212 bytes).
    Removing max30102.o(i.MAX30102_Init), (76 bytes).
    Removing max30102.o(i.MAX30102_Read_FIFO), (116 bytes).
    Removing max30102.o(i.MAX30102_Read_FIFO_Data), (80 bytes).
    Removing max30102.o(i.MAX30102_Read_Reg), (10 bytes).
    Removing max30102.o(i.MAX30102_Reset), (20 bytes).
    Removing max30102.o(i.MAX30102_Test), (252 bytes).
    Removing max30102.o(i.MAX30102_Write_Reg), (10 bytes).
    Removing max30102.o(.data), (28 bytes).
    Removing max30102.o(.data), (4 bytes).
    Removing max30102.o(.data), (4 bytes).
    Removing mpu6050.o(.rev16_text), (4 bytes).
    Removing mpu6050.o(.revsh_text), (4 bytes).
    Removing mpu6050.o(.rrx_text), (6 bytes).
    Removing mpu6050.o(i.DATA_Report), (388 bytes).
    Removing mpu6050.o(i.MPU_Get_Accelerometer), (50 bytes).
    Removing mpu6050.o(i.MPU_Get_Gyroscope), (50 bytes).
    Removing mpu6050.o(i.MPU_Get_Temperature), (80 bytes).
    Removing mpu6050.o(i.MPU_Init), (118 bytes).
    Removing mpu6050.o(i.MPU_Read), (80 bytes).
    Removing mpu6050.o(i.MPU_Read_Byte), (58 bytes).
    Removing mpu6050.o(i.MPU_Read_Len), (108 bytes).
    Removing mpu6050.o(i.MPU_Set_Accel_Fsr), (10 bytes).
    Removing mpu6050.o(i.MPU_Set_Gyro_Fsr), (10 bytes).
    Removing mpu6050.o(i.MPU_Set_LPF), (48 bytes).
    Removing mpu6050.o(i.MPU_Set_Rate), (46 bytes).
    Removing mpu6050.o(i.MPU_Write_Byte), (60 bytes).
    Removing mpu6050.o(i.MPU_Write_Len), (90 bytes).
    Removing mpu6050.o(i.MUP6050_Test), (120 bytes).
    Removing mpu6050.o(.bss), (33 bytes).
    Removing mpu6050.o(.data), (28 bytes).
    Removing flamesensor.o(.rev16_text), (4 bytes).
    Removing flamesensor.o(.revsh_text), (4 bytes).
    Removing flamesensor.o(.rrx_text), (6 bytes).
    Removing flamesensor.o(i.FlameSensor_Init), (100 bytes).
    Removing flamesensor.o(i.FlameSensor_Test), (128 bytes).
    Removing infraredtrack.o(.rev16_text), (4 bytes).
    Removing infraredtrack.o(.revsh_text), (4 bytes).
    Removing infraredtrack.o(.rrx_text), (6 bytes).
    Removing infraredtrack.o(i.InfraredTrack_Init), (100 bytes).
    Removing infraredtrack.o(i.InfraredTrack_Test), (140 bytes).
    Removing lightsensor.o(.rev16_text), (4 bytes).
    Removing lightsensor.o(.revsh_text), (4 bytes).
    Removing lightsensor.o(.rrx_text), (6 bytes).
    Removing lightsensor.o(i.LightSensor_Init), (100 bytes).
    Removing lightsensor.o(i.LightSensor_Test), (124 bytes).
    Removing soundsensor.o(.rev16_text), (4 bytes).
    Removing soundsensor.o(.revsh_text), (4 bytes).
    Removing soundsensor.o(.rrx_text), (6 bytes).
    Removing soundsensor.o(i.SoundSensor_Init), (100 bytes).
    Removing soundsensor.o(i.SoundSensor_Test), (128 bytes).
    Removing ultrasonic.o(.rev16_text), (4 bytes).
    Removing ultrasonic.o(.revsh_text), (4 bytes).
    Removing ultrasonic.o(.rrx_text), (6 bytes).
    Removing ultrasonic.o(i.Ultrasonic_Init), (136 bytes).
    Removing ultrasonic.o(i.Ultrasonic_Test), (468 bytes).
    Removing algorithm.o(.rev16_text), (4 bytes).
    Removing algorithm.o(.revsh_text), (4 bytes).
    Removing algorithm.o(.rrx_text), (6 bytes).
    Removing algorithm.o(i.EE), (26 bytes).
    Removing algorithm.o(i.FFT), (364 bytes).
    Removing algorithm.o(i.XCos), (40 bytes).
    Removing algorithm.o(i.XSin), (536 bytes).
    Removing algorithm.o(i.bw_filter), (60 bytes).
    Removing algorithm.o(i.dc_filter), (48 bytes).
    Removing algorithm.o(i.find_max_num_index), (48 bytes).
    Removing algorithm.o(i.my_floor), (52 bytes).
    Removing algorithm.o(i.my_fmod), (176 bytes).
    Removing algorithm.o(i.qsqrt), (44 bytes).
    Removing algorithm.o(.constdata), (808 bytes).
    Removing iic.o(.rev16_text), (4 bytes).
    Removing iic.o(.revsh_text), (4 bytes).
    Removing iic.o(.rrx_text), (6 bytes).
    Removing iic.o(i.IIC_Delay_us), (24 bytes).
    Removing iic.o(i.SOFT_I2C_Ack), (88 bytes).
    Removing iic.o(i.SOFT_I2C_Debug_Pins), (76 bytes).
    Removing iic.o(i.SOFT_I2C_Init), (120 bytes).
    Removing iic.o(i.SOFT_I2C_NAck), (78 bytes).
    Removing iic.o(i.SOFT_I2C_Read_Byte), (96 bytes).
    Removing iic.o(i.SOFT_I2C_Read_Multi_Reg), (108 bytes).
    Removing iic.o(i.SOFT_I2C_Read_Reg), (78 bytes).
    Removing iic.o(i.SOFT_I2C_SDA_IN), (42 bytes).
    Removing iic.o(i.SOFT_I2C_SDA_OUT), (42 bytes).
    Removing iic.o(i.SOFT_I2C_Scan_Bus), (120 bytes).
    Removing iic.o(i.SOFT_I2C_Send_Byte), (112 bytes).
    Removing iic.o(i.SOFT_I2C_Start), (72 bytes).
    Removing iic.o(i.SOFT_I2C_Stop), (72 bytes).
    Removing iic.o(i.SOFT_I2C_Test_Device), (128 bytes).
    Removing iic.o(i.SOFT_I2C_Wait_Ack), (102 bytes).
    Removing iic.o(i.SOFT_I2C_Write_Reg), (62 bytes).
    Removing iic.o(.data), (1 bytes).
    Removing inv_mpu.o(.rev16_text), (4 bytes).
    Removing inv_mpu.o(.revsh_text), (4 bytes).
    Removing inv_mpu.o(.rrx_text), (6 bytes).
    Removing inv_mpu.o(i.accel_self_test), (144 bytes).
    Removing inv_mpu.o(i.get_accel_prod_shift), (180 bytes).
    Removing inv_mpu.o(i.get_st_biases), (788 bytes).
    Removing inv_mpu.o(i.gyro_self_test), (212 bytes).
    Removing inv_mpu.o(i.inv_orientation_matrix_to_scalar), (34 bytes).
    Removing inv_mpu.o(i.inv_row_2_scale), (72 bytes).
    Removing inv_mpu.o(i.mget_ms), (2 bytes).
    Removing inv_mpu.o(i.mpu_configure_fifo), (84 bytes).
    Removing inv_mpu.o(i.mpu_dmp_get_data), (356 bytes).
    Removing inv_mpu.o(i.mpu_dmp_init), (152 bytes).
    Removing inv_mpu.o(i.mpu_get_accel_fsr), (60 bytes).
    Removing inv_mpu.o(i.mpu_get_accel_reg), (72 bytes).
    Removing inv_mpu.o(i.mpu_get_accel_sens), (68 bytes).
    Removing inv_mpu.o(i.mpu_get_compass_fsr), (6 bytes).
    Removing inv_mpu.o(i.mpu_get_compass_reg), (6 bytes).
    Removing inv_mpu.o(i.mpu_get_compass_sample_rate), (8 bytes).
    Removing inv_mpu.o(i.mpu_get_dmp_state), (16 bytes).
    Removing inv_mpu.o(i.mpu_get_fifo_config), (16 bytes).
    Removing inv_mpu.o(i.mpu_get_gyro_fsr), (52 bytes).
    Removing inv_mpu.o(i.mpu_get_gyro_reg), (72 bytes).
    Removing inv_mpu.o(i.mpu_get_gyro_sens), (76 bytes).
    Removing inv_mpu.o(i.mpu_get_int_status), (52 bytes).
    Removing inv_mpu.o(i.mpu_get_lpf), (56 bytes).
    Removing inv_mpu.o(i.mpu_get_power_state), (20 bytes).
    Removing inv_mpu.o(i.mpu_get_sample_rate), (28 bytes).
    Removing inv_mpu.o(i.mpu_get_temperature), (124 bytes).
    Removing inv_mpu.o(i.mpu_init), (448 bytes).
    Removing inv_mpu.o(i.mpu_load_firmware), (160 bytes).
    Removing inv_mpu.o(i.mpu_lp_accel_mode), (184 bytes).
    Removing inv_mpu.o(i.mpu_lp_motion_interrupt), (432 bytes).
    Removing inv_mpu.o(i.mpu_read_fifo), (340 bytes).
    Removing inv_mpu.o(i.mpu_read_fifo_stream), (144 bytes).
    Removing inv_mpu.o(i.mpu_read_mem), (84 bytes).
    Removing inv_mpu.o(i.mpu_read_reg), (56 bytes).
    Removing inv_mpu.o(i.mpu_reg_dump), (92 bytes).
    Removing inv_mpu.o(i.mpu_reset_fifo), (352 bytes).
    Removing inv_mpu.o(i.mpu_run_self_test), (240 bytes).
    Removing inv_mpu.o(i.mpu_set_accel_bias), (220 bytes).
    Removing inv_mpu.o(i.mpu_set_accel_fsr), (104 bytes).
    Removing inv_mpu.o(i.mpu_set_bypass), (220 bytes).
    Removing inv_mpu.o(i.mpu_set_compass_sample_rate), (6 bytes).
    Removing inv_mpu.o(i.mpu_set_dmp_state), (120 bytes).
    Removing inv_mpu.o(i.mpu_set_gyro_fsr), (108 bytes).
    Removing inv_mpu.o(i.mpu_set_int_latched), (100 bytes).
    Removing inv_mpu.o(i.mpu_set_int_level), (16 bytes).
    Removing inv_mpu.o(i.mpu_set_lpf), (108 bytes).
    Removing inv_mpu.o(i.mpu_set_sample_rate), (128 bytes).
    Removing inv_mpu.o(i.mpu_set_sensors), (184 bytes).
    Removing inv_mpu.o(i.mpu_write_mem), (84 bytes).
    Removing inv_mpu.o(i.run_self_test), (136 bytes).
    Removing inv_mpu.o(i.set_int_enable), (88 bytes).
    Removing inv_mpu.o(i.setup_compass), (6 bytes).
    Removing inv_mpu.o(.constdata), (27 bytes).
    Removing inv_mpu.o(.constdata), (12 bytes).
    Removing inv_mpu.o(.constdata), (40 bytes).
    Removing inv_mpu.o(.conststring), (77 bytes).
    Removing inv_mpu.o(.data), (53 bytes).
    Removing inv_mpu_dmp_motion_driver.o(.rev16_text), (4 bytes).
    Removing inv_mpu_dmp_motion_driver.o(.revsh_text), (4 bytes).
    Removing inv_mpu_dmp_motion_driver.o(.rrx_text), (6 bytes).
    Removing inv_mpu_dmp_motion_driver.o(i.dmp_enable_6x_lp_quat), (58 bytes).
    Removing inv_mpu_dmp_motion_driver.o(i.dmp_enable_feature), (472 bytes).
    Removing inv_mpu_dmp_motion_driver.o(i.dmp_enable_gyro_cal), (60 bytes).
    Removing inv_mpu_dmp_motion_driver.o(i.dmp_enable_lp_quat), (58 bytes).
    Removing inv_mpu_dmp_motion_driver.o(i.dmp_get_enabled_features), (16 bytes).
    Removing inv_mpu_dmp_motion_driver.o(i.dmp_get_fifo_rate), (16 bytes).
    Removing inv_mpu_dmp_motion_driver.o(i.dmp_get_pedometer_step_count), (56 bytes).
    Removing inv_mpu_dmp_motion_driver.o(i.dmp_get_pedometer_walk_time), (62 bytes).
    Removing inv_mpu_dmp_motion_driver.o(i.dmp_load_motion_driver_firmware), (20 bytes).
    Removing inv_mpu_dmp_motion_driver.o(i.dmp_read_fifo), (360 bytes).
    Removing inv_mpu_dmp_motion_driver.o(i.dmp_register_android_orient_cb), (12 bytes).
    Removing inv_mpu_dmp_motion_driver.o(i.dmp_register_tap_cb), (12 bytes).
    Removing inv_mpu_dmp_motion_driver.o(i.dmp_set_accel_bias), (216 bytes).
    Removing inv_mpu_dmp_motion_driver.o(i.dmp_set_fifo_rate), (100 bytes).
    Removing inv_mpu_dmp_motion_driver.o(i.dmp_set_gyro_bias), (204 bytes).
    Removing inv_mpu_dmp_motion_driver.o(i.dmp_set_interrupt_mode), (84 bytes).
    Removing inv_mpu_dmp_motion_driver.o(i.dmp_set_orientation), (268 bytes).
    Removing inv_mpu_dmp_motion_driver.o(i.dmp_set_pedometer_step_count), (38 bytes).
    Removing inv_mpu_dmp_motion_driver.o(i.dmp_set_pedometer_walk_time), (44 bytes).
    Removing inv_mpu_dmp_motion_driver.o(i.dmp_set_shake_reject_thresh), (48 bytes).
    Removing inv_mpu_dmp_motion_driver.o(i.dmp_set_shake_reject_time), (32 bytes).
    Removing inv_mpu_dmp_motion_driver.o(i.dmp_set_shake_reject_timeout), (32 bytes).
    Removing inv_mpu_dmp_motion_driver.o(i.dmp_set_tap_axes), (64 bytes).
    Removing inv_mpu_dmp_motion_driver.o(i.dmp_set_tap_count), (34 bytes).
    Removing inv_mpu_dmp_motion_driver.o(i.dmp_set_tap_thresh), (352 bytes).
    Removing inv_mpu_dmp_motion_driver.o(i.dmp_set_tap_time), (32 bytes).
    Removing inv_mpu_dmp_motion_driver.o(i.dmp_set_tap_time_multi), (32 bytes).
    Removing inv_mpu_dmp_motion_driver.o(.bss), (16 bytes).
    Removing inv_mpu_dmp_motion_driver.o(.constdata), (3062 bytes).
    Removing mpuiic.o(.rev16_text), (4 bytes).
    Removing mpuiic.o(.revsh_text), (4 bytes).
    Removing mpuiic.o(.rrx_text), (6 bytes).
    Removing mpuiic.o(i.IMPU_IC_Write_One_Byte), (50 bytes).
    Removing mpuiic.o(i.MPU_IIC_Ack), (98 bytes).
    Removing mpuiic.o(i.MPU_IIC_Delay), (24 bytes).
    Removing mpuiic.o(i.MPU_IIC_Init), (100 bytes).
    Removing mpuiic.o(i.MPU_IIC_NAck), (98 bytes).
    Removing mpuiic.o(i.MPU_IIC_Read_Byte), (116 bytes).
    Removing mpuiic.o(i.MPU_IIC_Read_One_Byte), (62 bytes).
    Removing mpuiic.o(i.MPU_IIC_Send_Byte), (112 bytes).
    Removing mpuiic.o(i.MPU_IIC_Start), (98 bytes).
    Removing mpuiic.o(i.MPU_IIC_Stop), (98 bytes).
    Removing mpuiic.o(i.MPU_IIC_Wait_Ack), (114 bytes).
    Removing blood.o(.rev16_text), (4 bytes).
    Removing blood.o(.revsh_text), (4 bytes).
    Removing blood.o(.rrx_text), (6 bytes).
    Removing blood.o(i.Blood_Init), (84 bytes).
    Removing blood.o(i.HeartRate_Calculate), (284 bytes).
    Removing blood.o(i.Quick_HeartRate_SPO2_Calculate), (56 bytes).
    Removing blood.o(i.SPO2_Calculate), (252 bytes).
    Removing blood.o(i.blood_data_update), (80 bytes).
    Removing blood.o(.bss), (32 bytes).
    Removing blood.o(.bss), (4224 bytes).
    Removing blood.o(.bss), (4224 bytes).
    Removing blood.o(.data), (52 bytes).
    Removing dneg.o(.text), (6 bytes).
    Removing ffltl.o(.text), (44 bytes).
    Removing ffltul.o(.text), (28 bytes).
    Removing dflti.o(.text), (34 bytes).
    Removing dfixi.o(.text), (62 bytes).
    Removing f2d.o(.text), (38 bytes).
    Removing cdcmple.o(.text), (48 bytes).
    Removing d2f.o(.text), (56 bytes).
    Removing fepilogue.o(.text), (110 bytes).
    Removing dsqrt.o(.text), (162 bytes).

787 unused section(s) (total 73581 bytes) removed from the image.

==============================================================================

Image Symbol Table

    Local Symbols

    Symbol Name                              Value     Ov Type        Size  Object(Section)

    ../Core/Src/gpio.c                       0x00000000   Number         0  gpio.o ABSOLUTE
    ../Core/Src/main.c                       0x00000000   Number         0  main.o ABSOLUTE
    ../Core/Src/stm32g4xx_hal_msp.c          0x00000000   Number         0  stm32g4xx_hal_msp.o ABSOLUTE
    ../Core/Src/stm32g4xx_it.c               0x00000000   Number         0  stm32g4xx_it.o ABSOLUTE
    ../Core/Src/system_stm32g4xx.c           0x00000000   Number         0  system_stm32g4xx.o ABSOLUTE
    ../Core/Src/tim.c                        0x00000000   Number         0  tim.o ABSOLUTE
    ../Core/Src/usart.c                      0x00000000   Number         0  usart.o ABSOLUTE
    ../Drivers/STM32G4xx_HAL_Driver/Src/stm32g4xx_hal.c 0x00000000   Number         0  stm32g4xx_hal.o ABSOLUTE
    ../Drivers/STM32G4xx_HAL_Driver/Src/stm32g4xx_hal_cortex.c 0x00000000   Number         0  stm32g4xx_hal_cortex.o ABSOLUTE
    ../Drivers/STM32G4xx_HAL_Driver/Src/stm32g4xx_hal_dma.c 0x00000000   Number         0  stm32g4xx_hal_dma.o ABSOLUTE
    ../Drivers/STM32G4xx_HAL_Driver/Src/stm32g4xx_hal_dma_ex.c 0x00000000   Number         0  stm32g4xx_hal_dma_ex.o ABSOLUTE
    ../Drivers/STM32G4xx_HAL_Driver/Src/stm32g4xx_hal_exti.c 0x00000000   Number         0  stm32g4xx_hal_exti.o ABSOLUTE
    ../Drivers/STM32G4xx_HAL_Driver/Src/stm32g4xx_hal_flash.c 0x00000000   Number         0  stm32g4xx_hal_flash.o ABSOLUTE
    ../Drivers/STM32G4xx_HAL_Driver/Src/stm32g4xx_hal_flash_ex.c 0x00000000   Number         0  stm32g4xx_hal_flash_ex.o ABSOLUTE
    ../Drivers/STM32G4xx_HAL_Driver/Src/stm32g4xx_hal_flash_ramfunc.c 0x00000000   Number         0  stm32g4xx_hal_flash_ramfunc.o ABSOLUTE
    ../Drivers/STM32G4xx_HAL_Driver/Src/stm32g4xx_hal_gpio.c 0x00000000   Number         0  stm32g4xx_hal_gpio.o ABSOLUTE
    ../Drivers/STM32G4xx_HAL_Driver/Src/stm32g4xx_hal_pwr.c 0x00000000   Number         0  stm32g4xx_hal_pwr.o ABSOLUTE
    ../Drivers/STM32G4xx_HAL_Driver/Src/stm32g4xx_hal_pwr_ex.c 0x00000000   Number         0  stm32g4xx_hal_pwr_ex.o ABSOLUTE
    ../Drivers/STM32G4xx_HAL_Driver/Src/stm32g4xx_hal_rcc.c 0x00000000   Number         0  stm32g4xx_hal_rcc.o ABSOLUTE
    ../Drivers/STM32G4xx_HAL_Driver/Src/stm32g4xx_hal_rcc_ex.c 0x00000000   Number         0  stm32g4xx_hal_rcc_ex.o ABSOLUTE
    ../Drivers/STM32G4xx_HAL_Driver/Src/stm32g4xx_hal_tim.c 0x00000000   Number         0  stm32g4xx_hal_tim.o ABSOLUTE
    ../Drivers/STM32G4xx_HAL_Driver/Src/stm32g4xx_hal_tim_ex.c 0x00000000   Number         0  stm32g4xx_hal_tim_ex.o ABSOLUTE
    ../Drivers/STM32G4xx_HAL_Driver/Src/stm32g4xx_hal_uart.c 0x00000000   Number         0  stm32g4xx_hal_uart.o ABSOLUTE
    ../Drivers/STM32G4xx_HAL_Driver/Src/stm32g4xx_hal_uart_ex.c 0x00000000   Number         0  stm32g4xx_hal_uart_ex.o ABSOLUTE
    ../clib/microlib/division.c              0x00000000   Number         0  ldiv.o ABSOLUTE
    ../clib/microlib/division.c              0x00000000   Number         0  uidiv.o ABSOLUTE
    ../clib/microlib/division.c              0x00000000   Number         0  uldiv.o ABSOLUTE
    ../clib/microlib/errno.c                 0x00000000   Number         0  errno.o ABSOLUTE
    ../clib/microlib/init/entry.s            0x00000000   Number         0  entry8a.o ABSOLUTE
    ../clib/microlib/init/entry.s            0x00000000   Number         0  entry7a.o ABSOLUTE
    ../clib/microlib/init/entry.s            0x00000000   Number         0  entry5.o ABSOLUTE
    ../clib/microlib/init/entry.s            0x00000000   Number         0  entry2.o ABSOLUTE
    ../clib/microlib/init/entry.s            0x00000000   Number         0  entry8b.o ABSOLUTE
    ../clib/microlib/init/entry.s            0x00000000   Number         0  entry9b.o ABSOLUTE
    ../clib/microlib/init/entry.s            0x00000000   Number         0  entry10a.o ABSOLUTE
    ../clib/microlib/init/entry.s            0x00000000   Number         0  entry10b.o ABSOLUTE
    ../clib/microlib/init/entry.s            0x00000000   Number         0  entry11a.o ABSOLUTE
    ../clib/microlib/init/entry.s            0x00000000   Number         0  entry11b.o ABSOLUTE
    ../clib/microlib/init/entry.s            0x00000000   Number         0  entry12a.o ABSOLUTE
    ../clib/microlib/init/entry.s            0x00000000   Number         0  entry12b.o ABSOLUTE
    ../clib/microlib/init/entry.s            0x00000000   Number         0  entry7b.o ABSOLUTE
    ../clib/microlib/init/entry.s            0x00000000   Number         0  entry.o ABSOLUTE
    ../clib/microlib/init/entry.s            0x00000000   Number         0  entry9a.o ABSOLUTE
    ../clib/microlib/longlong.c              0x00000000   Number         0  llsshr.o ABSOLUTE
    ../clib/microlib/longlong.c              0x00000000   Number         0  llushr.o ABSOLUTE
    ../clib/microlib/longlong.c              0x00000000   Number         0  llshl.o ABSOLUTE
    ../clib/microlib/printf/printf.c         0x00000000   Number         0  printf0.o ABSOLUTE
    ../clib/microlib/printf/printf.c         0x00000000   Number         0  printfb.o ABSOLUTE
    ../clib/microlib/printf/printf.c         0x00000000   Number         0  printf5.o ABSOLUTE
    ../clib/microlib/printf/printf.c         0x00000000   Number         0  printfa.o ABSOLUTE
    ../clib/microlib/printf/printf.c         0x00000000   Number         0  printf8.o ABSOLUTE
    ../clib/microlib/printf/printf.c         0x00000000   Number         0  printf7.o ABSOLUTE
    ../clib/microlib/printf/printf.c         0x00000000   Number         0  printf6.o ABSOLUTE
    ../clib/microlib/printf/printf.c         0x00000000   Number         0  printf4.o ABSOLUTE
    ../clib/microlib/printf/printf.c         0x00000000   Number         0  printf3.o ABSOLUTE
    ../clib/microlib/printf/printf.c         0x00000000   Number         0  printf2.o ABSOLUTE
    ../clib/microlib/printf/printf.c         0x00000000   Number         0  printf1.o ABSOLUTE
    ../clib/microlib/printf/stubs.s          0x00000000   Number         0  stubs.o ABSOLUTE
    ../clib/microlib/stdio/streams.c         0x00000000   Number         0  stdout.o ABSOLUTE
    ../clib/microlib/string/memcmp.c         0x00000000   Number         0  memcmp.o ABSOLUTE
    ../clib/microlib/string/memset.c         0x00000000   Number         0  memseta.o ABSOLUTE
    ../clib/microlib/stubs.s                 0x00000000   Number         0  iusefp.o ABSOLUTE
    ../fplib/microlib/d2f.c                  0x00000000   Number         0  d2f.o ABSOLUTE
    ../fplib/microlib/f2d.c                  0x00000000   Number         0  f2d.o ABSOLUTE
    ../fplib/microlib/fpadd.c                0x00000000   Number         0  dadd.o ABSOLUTE
    ../fplib/microlib/fpdiv.c                0x00000000   Number         0  ddiv.o ABSOLUTE
    ../fplib/microlib/fpepilogue.c           0x00000000   Number         0  fepilogue.o ABSOLUTE
    ../fplib/microlib/fpepilogue.c           0x00000000   Number         0  depilogue.o ABSOLUTE
    ../fplib/microlib/fpfix.c                0x00000000   Number         0  dfixi.o ABSOLUTE
    ../fplib/microlib/fpfix.c                0x00000000   Number         0  dfixul.o ABSOLUTE
    ../fplib/microlib/fpflt.c                0x00000000   Number         0  ffltul.o ABSOLUTE
    ../fplib/microlib/fpflt.c                0x00000000   Number         0  dflti.o ABSOLUTE
    ../fplib/microlib/fpflt.c                0x00000000   Number         0  ffltl.o ABSOLUTE
    ../fplib/microlib/fpmul.c                0x00000000   Number         0  dmul.o ABSOLUTE
    ../fplib/microlib/fpneg.c                0x00000000   Number         0  dneg.o ABSOLUTE
    ../fplib/microlib/fpsqrt.c               0x00000000   Number         0  dsqrt.o ABSOLUTE
    ../mathlib/asin.c                        0x00000000   Number         0  asin_x.o ABSOLUTE
    ../mathlib/asin.c                        0x00000000   Number         0  asin.o ABSOLUTE
    ../mathlib/atan.c                        0x00000000   Number         0  atan.o ABSOLUTE
    ../mathlib/atan.c                        0x00000000   Number         0  atan_x.o ABSOLUTE
    ../mathlib/atan2.c                       0x00000000   Number         0  atan2_x.o ABSOLUTE
    ../mathlib/atan2.c                       0x00000000   Number         0  atan2.o ABSOLUTE
    ../mathlib/dunder.c                      0x00000000   Number         0  dunder.o ABSOLUTE
    ../mathlib/fabs.c                        0x00000000   Number         0  fabs.o ABSOLUTE
    ../mathlib/fpclassify.c                  0x00000000   Number         0  fpclassify.o ABSOLUTE
    ../mathlib/poly.c                        0x00000000   Number         0  poly.o ABSOLUTE
    ../mathlib/qnan.c                        0x00000000   Number         0  qnan.o ABSOLUTE
    ../mathlib/sqrt.c                        0x00000000   Number         0  sqrt.o ABSOLUTE
    ../mathlib/sqrt.c                        0x00000000   Number         0  sqrt_x.o ABSOLUTE
    ..\Core\Src\gpio.c                       0x00000000   Number         0  gpio.o ABSOLUTE
    ..\Core\Src\main.c                       0x00000000   Number         0  main.o ABSOLUTE
    ..\Core\Src\stm32g4xx_hal_msp.c          0x00000000   Number         0  stm32g4xx_hal_msp.o ABSOLUTE
    ..\Core\Src\stm32g4xx_it.c               0x00000000   Number         0  stm32g4xx_it.o ABSOLUTE
    ..\Core\Src\system_stm32g4xx.c           0x00000000   Number         0  system_stm32g4xx.o ABSOLUTE
    ..\Core\Src\tim.c                        0x00000000   Number         0  tim.o ABSOLUTE
    ..\Core\Src\usart.c                      0x00000000   Number         0  usart.o ABSOLUTE
    ..\Drivers\STM32G4xx_HAL_Driver\Src\stm32g4xx_hal.c 0x00000000   Number         0  stm32g4xx_hal.o ABSOLUTE
    ..\Drivers\STM32G4xx_HAL_Driver\Src\stm32g4xx_hal_cortex.c 0x00000000   Number         0  stm32g4xx_hal_cortex.o ABSOLUTE
    ..\Drivers\STM32G4xx_HAL_Driver\Src\stm32g4xx_hal_dma.c 0x00000000   Number         0  stm32g4xx_hal_dma.o ABSOLUTE
    ..\Drivers\STM32G4xx_HAL_Driver\Src\stm32g4xx_hal_dma_ex.c 0x00000000   Number         0  stm32g4xx_hal_dma_ex.o ABSOLUTE
    ..\Drivers\STM32G4xx_HAL_Driver\Src\stm32g4xx_hal_exti.c 0x00000000   Number         0  stm32g4xx_hal_exti.o ABSOLUTE
    ..\Drivers\STM32G4xx_HAL_Driver\Src\stm32g4xx_hal_flash.c 0x00000000   Number         0  stm32g4xx_hal_flash.o ABSOLUTE
    ..\Drivers\STM32G4xx_HAL_Driver\Src\stm32g4xx_hal_flash_ex.c 0x00000000   Number         0  stm32g4xx_hal_flash_ex.o ABSOLUTE
    ..\Drivers\STM32G4xx_HAL_Driver\Src\stm32g4xx_hal_flash_ramfunc.c 0x00000000   Number         0  stm32g4xx_hal_flash_ramfunc.o ABSOLUTE
    ..\Drivers\STM32G4xx_HAL_Driver\Src\stm32g4xx_hal_gpio.c 0x00000000   Number         0  stm32g4xx_hal_gpio.o ABSOLUTE
    ..\Drivers\STM32G4xx_HAL_Driver\Src\stm32g4xx_hal_pwr.c 0x00000000   Number         0  stm32g4xx_hal_pwr.o ABSOLUTE
    ..\Drivers\STM32G4xx_HAL_Driver\Src\stm32g4xx_hal_pwr_ex.c 0x00000000   Number         0  stm32g4xx_hal_pwr_ex.o ABSOLUTE
    ..\Drivers\STM32G4xx_HAL_Driver\Src\stm32g4xx_hal_rcc.c 0x00000000   Number         0  stm32g4xx_hal_rcc.o ABSOLUTE
    ..\Drivers\STM32G4xx_HAL_Driver\Src\stm32g4xx_hal_rcc_ex.c 0x00000000   Number         0  stm32g4xx_hal_rcc_ex.o ABSOLUTE
    ..\Drivers\STM32G4xx_HAL_Driver\Src\stm32g4xx_hal_tim.c 0x00000000   Number         0  stm32g4xx_hal_tim.o ABSOLUTE
    ..\Drivers\STM32G4xx_HAL_Driver\Src\stm32g4xx_hal_tim_ex.c 0x00000000   Number         0  stm32g4xx_hal_tim_ex.o ABSOLUTE
    ..\Drivers\STM32G4xx_HAL_Driver\Src\stm32g4xx_hal_uart.c 0x00000000   Number         0  stm32g4xx_hal_uart.o ABSOLUTE
    ..\Drivers\STM32G4xx_HAL_Driver\Src\stm32g4xx_hal_uart_ex.c 0x00000000   Number         0  stm32g4xx_hal_uart_ex.o ABSOLUTE
    BSL\\algorithm.c                         0x00000000   Number         0  algorithm.o ABSOLUTE
    BSL\\blood.c                             0x00000000   Number         0  blood.o ABSOLUTE
    BSL\\iic.c                               0x00000000   Number         0  iic.o ABSOLUTE
    BSL\\inv_mpu.c                           0x00000000   Number         0  inv_mpu.o ABSOLUTE
    BSL\\inv_mpu_dmp_motion_driver.c         0x00000000   Number         0  inv_mpu_dmp_motion_driver.o ABSOLUTE
    BSL\\mpuiic.c                            0x00000000   Number         0  mpuiic.o ABSOLUTE
    BSL\algorithm.c                          0x00000000   Number         0  algorithm.o ABSOLUTE
    BSL\blood.c                              0x00000000   Number         0  blood.o ABSOLUTE
    BSL\iic.c                                0x00000000   Number         0  iic.o ABSOLUTE
    BSL\inv_mpu.c                            0x00000000   Number         0  inv_mpu.o ABSOLUTE
    BSL\inv_mpu_dmp_motion_driver.c          0x00000000   Number         0  inv_mpu_dmp_motion_driver.o ABSOLUTE
    BSL\mpuiic.c                             0x00000000   Number         0  mpuiic.o ABSOLUTE
    FML\FlameSensor.c                        0x00000000   Number         0  flamesensor.o ABSOLUTE
    FML\InfraredTrack.c                      0x00000000   Number         0  infraredtrack.o ABSOLUTE
    FML\LightSensor.c                        0x00000000   Number         0  lightsensor.o ABSOLUTE
    FML\SoundSensor.c                        0x00000000   Number         0  soundsensor.o ABSOLUTE
    FML\Ultrasonic.c                         0x00000000   Number         0  ultrasonic.o ABSOLUTE
    FML\\FlameSensor.c                       0x00000000   Number         0  flamesensor.o ABSOLUTE
    FML\\InfraredTrack.c                     0x00000000   Number         0  infraredtrack.o ABSOLUTE
    FML\\LightSensor.c                       0x00000000   Number         0  lightsensor.o ABSOLUTE
    FML\\SoundSensor.c                       0x00000000   Number         0  soundsensor.o ABSOLUTE
    FML\\Ultrasonic.c                        0x00000000   Number         0  ultrasonic.o ABSOLUTE
    FML\\aht20.c                             0x00000000   Number         0  aht20.o ABSOLUTE
    FML\\as312.c                             0x00000000   Number         0  as312.o ABSOLUTE
    FML\\bmp388.c                            0x00000000   Number         0  bmp388.o ABSOLUTE
    FML\\ds18b20.c                           0x00000000   Number         0  ds18b20.o ABSOLUTE
    FML\\hx711.c                             0x00000000   Number         0  hx711.o ABSOLUTE
    FML\\max30102.c                          0x00000000   Number         0  max30102.o ABSOLUTE
    FML\\mpu6050.c                           0x00000000   Number         0  mpu6050.o ABSOLUTE
    FML\aht20.c                              0x00000000   Number         0  aht20.o ABSOLUTE
    FML\as312.c                              0x00000000   Number         0  as312.o ABSOLUTE
    FML\bmp388.c                             0x00000000   Number         0  bmp388.o ABSOLUTE
    FML\ds18b20.c                            0x00000000   Number         0  ds18b20.o ABSOLUTE
    FML\hx711.c                              0x00000000   Number         0  hx711.o ABSOLUTE
    FML\max30102.c                           0x00000000   Number         0  max30102.o ABSOLUTE
    FML\mpu6050.c                            0x00000000   Number         0  mpu6050.o ABSOLUTE
    cdcmple.s                                0x00000000   Number         0  cdcmple.o ABSOLUTE
    cdrcmple.s                               0x00000000   Number         0  cdrcmple.o ABSOLUTE
    dc.s                                     0x00000000   Number         0  dc.o ABSOLUTE
    handlers.s                               0x00000000   Number         0  handlers.o ABSOLUTE
    init.s                                   0x00000000   Number         0  init.o ABSOLUTE
    startup_stm32g431xx.s                    0x00000000   Number         0  startup_stm32g431xx.o ABSOLUTE
    RESET                                    0x08000000   Section      472  startup_stm32g431xx.o(RESET)
    .ARM.Collect$$$$00000000                 0x080001d8   Section        0  entry.o(.ARM.Collect$$$$00000000)
    .ARM.Collect$$$$00000001                 0x080001d8   Section        4  entry2.o(.ARM.Collect$$$$00000001)
    .ARM.Collect$$$$00000004                 0x080001dc   Section        4  entry5.o(.ARM.Collect$$$$00000004)
    .ARM.Collect$$$$00000008                 0x080001e0   Section        0  entry7b.o(.ARM.Collect$$$$00000008)
    .ARM.Collect$$$$0000000A                 0x080001e0   Section        0  entry8b.o(.ARM.Collect$$$$0000000A)
    .ARM.Collect$$$$0000000B                 0x080001e0   Section        8  entry9a.o(.ARM.Collect$$$$0000000B)
    .ARM.Collect$$$$0000000E                 0x080001e8   Section        4  entry12b.o(.ARM.Collect$$$$0000000E)
    .ARM.Collect$$$$0000000F                 0x080001ec   Section        0  entry10a.o(.ARM.Collect$$$$0000000F)
    .ARM.Collect$$$$00000011                 0x080001ec   Section        0  entry11a.o(.ARM.Collect$$$$00000011)
    .ARM.Collect$$$$00002712                 0x080001ec   Section        4  entry2.o(.ARM.Collect$$$$00002712)
    __lit__00000000                          0x080001ec   Data           4  entry2.o(.ARM.Collect$$$$00002712)
    .text                                    0x080001f0   Section       36  startup_stm32g431xx.o(.text)
    $v0                                      0x080001f0   Number         0  startup_stm32g431xx.o(.text)
    .text                                    0x08000214   Section        0  uldiv.o(.text)
    .text                                    0x08000276   Section        0  memseta.o(.text)
    .text                                    0x0800029a   Section        0  dadd.o(.text)
    .text                                    0x080003e8   Section        0  dmul.o(.text)
    .text                                    0x080004cc   Section        0  ddiv.o(.text)
    .text                                    0x080005ac   Section       48  cdrcmple.o(.text)
    .text                                    0x080005dc   Section        0  uidiv.o(.text)
    .text                                    0x08000608   Section        0  llshl.o(.text)
    .text                                    0x08000626   Section        0  llushr.o(.text)
    .text                                    0x08000646   Section        0  llsshr.o(.text)
    .text                                    0x0800066a   Section        0  depilogue.o(.text)
    .text                                    0x0800066a   Section        0  iusefp.o(.text)
    .text                                    0x08000724   Section        0  dfixul.o(.text)
    .text                                    0x08000754   Section       36  init.o(.text)
    i.BusFault_Handler                       0x08000778   Section        0  stm32g4xx_it.o(i.BusFault_Handler)
    i.DebugMon_Handler                       0x0800077a   Section        0  stm32g4xx_it.o(i.DebugMon_Handler)
    i.Error_Handler                          0x0800077c   Section        0  main.o(i.Error_Handler)
    i.HAL_GPIO_Init                          0x08000780   Section        0  stm32g4xx_hal_gpio.o(i.HAL_GPIO_Init)
    i.HAL_GPIO_WritePin                      0x080009c8   Section        0  stm32g4xx_hal_gpio.o(i.HAL_GPIO_WritePin)
    i.HAL_GetTick                            0x080009d4   Section        0  stm32g4xx_hal.o(i.HAL_GetTick)
    i.HAL_IncTick                            0x080009e0   Section        0  stm32g4xx_hal.o(i.HAL_IncTick)
    i.HAL_Init                               0x080009f0   Section        0  stm32g4xx_hal.o(i.HAL_Init)
    i.HAL_InitTick                           0x08000a10   Section        0  stm32g4xx_hal.o(i.HAL_InitTick)
    i.HAL_MspInit                            0x08000a54   Section        0  stm32g4xx_hal_msp.o(i.HAL_MspInit)
    i.HAL_NVIC_EnableIRQ                     0x08000a84   Section        0  stm32g4xx_hal_cortex.o(i.HAL_NVIC_EnableIRQ)
    i.HAL_NVIC_SetPriority                   0x08000aa0   Section        0  stm32g4xx_hal_cortex.o(i.HAL_NVIC_SetPriority)
    i.HAL_NVIC_SetPriorityGrouping           0x08000ae0   Section        0  stm32g4xx_hal_cortex.o(i.HAL_NVIC_SetPriorityGrouping)
    i.HAL_PWREx_ControlVoltageScaling        0x08000b04   Section        0  stm32g4xx_hal_pwr_ex.o(i.HAL_PWREx_ControlVoltageScaling)
    i.HAL_PWREx_DisableUCPDDeadBattery       0x08000bc0   Section        0  stm32g4xx_hal_pwr_ex.o(i.HAL_PWREx_DisableUCPDDeadBattery)
    i.HAL_RCCEx_PeriphCLKConfig              0x08000bd0   Section        0  stm32g4xx_hal_rcc_ex.o(i.HAL_RCCEx_PeriphCLKConfig)
    i.HAL_RCC_ClockConfig                    0x08000e58   Section        0  stm32g4xx_hal_rcc.o(i.HAL_RCC_ClockConfig)
    i.HAL_RCC_GetPCLK1Freq                   0x08001034   Section        0  stm32g4xx_hal_rcc.o(i.HAL_RCC_GetPCLK1Freq)
    i.HAL_RCC_GetPCLK2Freq                   0x08001058   Section        0  stm32g4xx_hal_rcc.o(i.HAL_RCC_GetPCLK2Freq)
    i.HAL_RCC_GetSysClockFreq                0x0800107c   Section        0  stm32g4xx_hal_rcc.o(i.HAL_RCC_GetSysClockFreq)
    i.HAL_RCC_OscConfig                      0x080010ec   Section        0  stm32g4xx_hal_rcc.o(i.HAL_RCC_OscConfig)
    i.HAL_SYSTICK_Config                     0x080014f0   Section        0  stm32g4xx_hal_cortex.o(i.HAL_SYSTICK_Config)
    i.HAL_TIMEx_Break2Callback               0x08001518   Section        0  stm32g4xx_hal_tim_ex.o(i.HAL_TIMEx_Break2Callback)
    i.HAL_TIMEx_BreakCallback                0x0800151a   Section        0  stm32g4xx_hal_tim_ex.o(i.HAL_TIMEx_BreakCallback)
    i.HAL_TIMEx_CommutCallback               0x0800151c   Section        0  stm32g4xx_hal_tim_ex.o(i.HAL_TIMEx_CommutCallback)
    i.HAL_TIMEx_DirectionChangeCallback      0x0800151e   Section        0  stm32g4xx_hal_tim_ex.o(i.HAL_TIMEx_DirectionChangeCallback)
    i.HAL_TIMEx_EncoderIndexCallback         0x08001520   Section        0  stm32g4xx_hal_tim_ex.o(i.HAL_TIMEx_EncoderIndexCallback)
    i.HAL_TIMEx_IndexErrorCallback           0x08001522   Section        0  stm32g4xx_hal_tim_ex.o(i.HAL_TIMEx_IndexErrorCallback)
    i.HAL_TIMEx_MasterConfigSynchronization  0x08001524   Section        0  stm32g4xx_hal_tim_ex.o(i.HAL_TIMEx_MasterConfigSynchronization)
    i.HAL_TIMEx_TransitionErrorCallback      0x080015c0   Section        0  stm32g4xx_hal_tim_ex.o(i.HAL_TIMEx_TransitionErrorCallback)
    i.HAL_TIM_Base_Init                      0x080015c2   Section        0  stm32g4xx_hal_tim.o(i.HAL_TIM_Base_Init)
    i.HAL_TIM_Base_MspInit                   0x08001624   Section        0  tim.o(i.HAL_TIM_Base_MspInit)
    i.HAL_TIM_ConfigClockSource              0x08001690   Section        0  stm32g4xx_hal_tim.o(i.HAL_TIM_ConfigClockSource)
    i.HAL_TIM_IC_CaptureCallback             0x08001790   Section        0  ultrasonic.o(i.HAL_TIM_IC_CaptureCallback)
    i.HAL_TIM_IC_ConfigChannel               0x080018f8   Section        0  stm32g4xx_hal_tim.o(i.HAL_TIM_IC_ConfigChannel)
    i.HAL_TIM_IC_Init                        0x08001a1c   Section        0  stm32g4xx_hal_tim.o(i.HAL_TIM_IC_Init)
    i.HAL_TIM_IC_MspInit                     0x08001a7e   Section        0  stm32g4xx_hal_tim.o(i.HAL_TIM_IC_MspInit)
    i.HAL_TIM_IRQHandler                     0x08001a80   Section        0  stm32g4xx_hal_tim.o(i.HAL_TIM_IRQHandler)
    i.HAL_TIM_OC_DelayElapsedCallback        0x08001c22   Section        0  stm32g4xx_hal_tim.o(i.HAL_TIM_OC_DelayElapsedCallback)
    i.HAL_TIM_PWM_PulseFinishedCallback      0x08001c24   Section        0  stm32g4xx_hal_tim.o(i.HAL_TIM_PWM_PulseFinishedCallback)
    i.HAL_TIM_PeriodElapsedCallback          0x08001c26   Section        0  stm32g4xx_hal_tim.o(i.HAL_TIM_PeriodElapsedCallback)
    i.HAL_TIM_ReadCapturedValue              0x08001c28   Section        0  stm32g4xx_hal_tim.o(i.HAL_TIM_ReadCapturedValue)
    i.HAL_TIM_TriggerCallback                0x08001c52   Section        0  stm32g4xx_hal_tim.o(i.HAL_TIM_TriggerCallback)
    i.HAL_UARTEx_DisableFifoMode             0x08001c54   Section        0  stm32g4xx_hal_uart_ex.o(i.HAL_UARTEx_DisableFifoMode)
    i.HAL_UARTEx_SetRxFifoThreshold          0x08001c92   Section        0  stm32g4xx_hal_uart_ex.o(i.HAL_UARTEx_SetRxFifoThreshold)
    i.HAL_UARTEx_SetTxFifoThreshold          0x08001cde   Section        0  stm32g4xx_hal_uart_ex.o(i.HAL_UARTEx_SetTxFifoThreshold)
    i.HAL_UART_Init                          0x08001d2a   Section        0  stm32g4xx_hal_uart.o(i.HAL_UART_Init)
    i.HAL_UART_MspInit                       0x08001d94   Section        0  usart.o(i.HAL_UART_MspInit)
    i.HAL_UART_Transmit                      0x08001e10   Section        0  stm32g4xx_hal_uart.o(i.HAL_UART_Transmit)
    i.HardFault_Handler                      0x08001ebe   Section        0  stm32g4xx_it.o(i.HardFault_Handler)
    i.MX_GPIO_Init                           0x08001ec0   Section        0  gpio.o(i.MX_GPIO_Init)
    i.MX_TIM2_Init                           0x08001f50   Section        0  tim.o(i.MX_TIM2_Init)
    i.MX_USART1_UART_Init                    0x08001ff8   Section        0  usart.o(i.MX_USART1_UART_Init)
    i.MemManage_Handler                      0x08002060   Section        0  stm32g4xx_it.o(i.MemManage_Handler)
    i.NMI_Handler                            0x08002062   Section        0  stm32g4xx_it.o(i.NMI_Handler)
    i.PendSV_Handler                         0x08002064   Section        0  stm32g4xx_it.o(i.PendSV_Handler)
    i.SVC_Handler                            0x08002066   Section        0  stm32g4xx_it.o(i.SVC_Handler)
    i.SysTick_Handler                        0x08002068   Section        0  stm32g4xx_it.o(i.SysTick_Handler)
    i.SystemClock_Config                     0x0800206c   Section        0  main.o(i.SystemClock_Config)
    i.SystemInit                             0x080020d4   Section        0  system_stm32g4xx.o(i.SystemInit)
    i.TIM2_IRQHandler                        0x080020e4   Section        0  stm32g4xx_it.o(i.TIM2_IRQHandler)
    i.TIM_Base_SetConfig                     0x080020f0   Section        0  stm32g4xx_hal_tim.o(i.TIM_Base_SetConfig)
    i.TIM_ETR_SetConfig                      0x080021ac   Section        0  stm32g4xx_hal_tim.o(i.TIM_ETR_SetConfig)
    i.TIM_ITRx_SetConfig                     0x080021c0   Section        0  stm32g4xx_hal_tim.o(i.TIM_ITRx_SetConfig)
    TIM_ITRx_SetConfig                       0x080021c1   Thumb Code    16  stm32g4xx_hal_tim.o(i.TIM_ITRx_SetConfig)
    i.TIM_TI1_ConfigInputStage               0x080021d4   Section        0  stm32g4xx_hal_tim.o(i.TIM_TI1_ConfigInputStage)
    TIM_TI1_ConfigInputStage                 0x080021d5   Thumb Code    34  stm32g4xx_hal_tim.o(i.TIM_TI1_ConfigInputStage)
    i.TIM_TI1_SetConfig                      0x080021f8   Section        0  stm32g4xx_hal_tim.o(i.TIM_TI1_SetConfig)
    i.TIM_TI2_ConfigInputStage               0x08002264   Section        0  stm32g4xx_hal_tim.o(i.TIM_TI2_ConfigInputStage)
    TIM_TI2_ConfigInputStage                 0x08002265   Thumb Code    36  stm32g4xx_hal_tim.o(i.TIM_TI2_ConfigInputStage)
    i.TIM_TI2_SetConfig                      0x08002288   Section        0  stm32g4xx_hal_tim.o(i.TIM_TI2_SetConfig)
    TIM_TI2_SetConfig                        0x08002289   Thumb Code    54  stm32g4xx_hal_tim.o(i.TIM_TI2_SetConfig)
    i.UARTEx_SetNbDataToProcess              0x080022c0   Section        0  stm32g4xx_hal_uart_ex.o(i.UARTEx_SetNbDataToProcess)
    UARTEx_SetNbDataToProcess                0x080022c1   Thumb Code    62  stm32g4xx_hal_uart_ex.o(i.UARTEx_SetNbDataToProcess)
    i.UART_AdvFeatureConfig                  0x08002304   Section        0  stm32g4xx_hal_uart.o(i.UART_AdvFeatureConfig)
    i.UART_CheckIdleState                    0x080023cc   Section        0  stm32g4xx_hal_uart.o(i.UART_CheckIdleState)
    i.UART_EndRxTransfer                     0x08002478   Section        0  stm32g4xx_hal_uart.o(i.UART_EndRxTransfer)
    UART_EndRxTransfer                       0x08002479   Thumb Code    78  stm32g4xx_hal_uart.o(i.UART_EndRxTransfer)
    i.UART_SetConfig                         0x080024cc   Section        0  stm32g4xx_hal_uart.o(i.UART_SetConfig)
    i.UART_WaitOnFlagUntilTimeout            0x08002740   Section        0  stm32g4xx_hal_uart.o(i.UART_WaitOnFlagUntilTimeout)
    i.UsageFault_Handler                     0x080027d4   Section        0  stm32g4xx_it.o(i.UsageFault_Handler)
    i.__0printf                              0x080027d8   Section        0  printfa.o(i.__0printf)
    i.__NVIC_SetPriority                     0x080027f8   Section        0  stm32g4xx_hal_cortex.o(i.__NVIC_SetPriority)
    __NVIC_SetPriority                       0x080027f9   Thumb Code    32  stm32g4xx_hal_cortex.o(i.__NVIC_SetPriority)
    i.__scatterload_copy                     0x08002818   Section       14  handlers.o(i.__scatterload_copy)
    i.__scatterload_null                     0x08002826   Section        2  handlers.o(i.__scatterload_null)
    i.__scatterload_zeroinit                 0x08002828   Section       14  handlers.o(i.__scatterload_zeroinit)
    i._fp_digits                             0x08002838   Section        0  printfa.o(i._fp_digits)
    _fp_digits                               0x08002839   Thumb Code   366  printfa.o(i._fp_digits)
    i._printf_core                           0x080029bc   Section        0  printfa.o(i._printf_core)
    _printf_core                             0x080029bd   Thumb Code  1704  printfa.o(i._printf_core)
    i._printf_post_padding                   0x08003070   Section        0  printfa.o(i._printf_post_padding)
    _printf_post_padding                     0x08003071   Thumb Code    36  printfa.o(i._printf_post_padding)
    i._printf_pre_padding                    0x08003094   Section        0  printfa.o(i._printf_pre_padding)
    _printf_pre_padding                      0x08003095   Thumb Code    46  printfa.o(i._printf_pre_padding)
    i.fputc                                  0x080030c4   Section        0  main.o(i.fputc)
    i.main                                   0x080030dc   Section        0  main.o(i.main)
    .constdata                               0x08003118   Section       24  stm32g4xx_hal_uart.o(.constdata)
    .constdata                               0x08003130   Section       16  stm32g4xx_hal_uart_ex.o(.constdata)
    numerator                                0x08003130   Data           8  stm32g4xx_hal_uart_ex.o(.constdata)
    denominator                              0x08003138   Data           8  stm32g4xx_hal_uart_ex.o(.constdata)
    .constdata                               0x08003140   Section       16  system_stm32g4xx.o(.constdata)
    .constdata                               0x08003150   Section        8  system_stm32g4xx.o(.constdata)
    .data                                    0x20000000   Section       12  stm32g4xx_hal.o(.data)
    .data                                    0x2000000c   Section        4  system_stm32g4xx.o(.data)
    .data                                    0x20000010   Section       32  ultrasonic.o(.data)
    .data                                    0x20000030   Section        4  stdout.o(.data)
    .bss                                     0x20000034   Section       76  tim.o(.bss)
    .bss                                     0x20000080   Section      148  usart.o(.bss)
    STACK                                    0x20000118   Section     1024  startup_stm32g431xx.o(STACK)

    Global Symbols

    Symbol Name                              Value     Ov Type        Size  Object(Section)

    BuildAttributes$$THM_ISAv4$E$P$D$K$B$S$7EM$VFPi3$EXTD16$VFPS$VFMA$PE$A:L22UL41UL21$X:L11$S22US41US21$IEEE1$IW$USESV6$~STKCKD$USESV7$~SHL$OTIME$ROPI$IEEEX$EBA8$MICROLIB$REQ8$PRES8$EABIv2 0x00000000   Number         0  anon$$obj.o ABSOLUTE
    __ARM_use_no_argv                        0x00000000   Number         0  main.o ABSOLUTE
    _printf_a                                0x00000000   Number         0  stubs.o ABSOLUTE
    _printf_c                                0x00000000   Number         0  stubs.o ABSOLUTE
    _printf_charcount                        0x00000000   Number         0  stubs.o ABSOLUTE
    _printf_d                                0x00000000   Number         0  stubs.o ABSOLUTE
    _printf_e                                0x00000000   Number         0  stubs.o ABSOLUTE
    _printf_f                                0x00000000   Number         0  stubs.o ABSOLUTE
    _printf_flags                            0x00000000   Number         0  stubs.o ABSOLUTE
    _printf_fp_dec                           0x00000000   Number         0  stubs.o ABSOLUTE
    _printf_fp_hex                           0x00000000   Number         0  stubs.o ABSOLUTE
    _printf_g                                0x00000000   Number         0  stubs.o ABSOLUTE
    _printf_i                                0x00000000   Number         0  stubs.o ABSOLUTE
    _printf_int_dec                          0x00000000   Number         0  stubs.o ABSOLUTE
    _printf_l                                0x00000000   Number         0  stubs.o ABSOLUTE
    _printf_lc                               0x00000000   Number         0  stubs.o ABSOLUTE
    _printf_ll                               0x00000000   Number         0  stubs.o ABSOLUTE
    _printf_lld                              0x00000000   Number         0  stubs.o ABSOLUTE
    _printf_lli                              0x00000000   Number         0  stubs.o ABSOLUTE
    _printf_llo                              0x00000000   Number         0  stubs.o ABSOLUTE
    _printf_llu                              0x00000000   Number         0  stubs.o ABSOLUTE
    _printf_llx                              0x00000000   Number         0  stubs.o ABSOLUTE
    _printf_longlong_dec                     0x00000000   Number         0  stubs.o ABSOLUTE
    _printf_longlong_hex                     0x00000000   Number         0  stubs.o ABSOLUTE
    _printf_longlong_oct                     0x00000000   Number         0  stubs.o ABSOLUTE
    _printf_ls                               0x00000000   Number         0  stubs.o ABSOLUTE
    _printf_mbtowc                           0x00000000   Number         0  stubs.o ABSOLUTE
    _printf_n                                0x00000000   Number         0  stubs.o ABSOLUTE
    _printf_o                                0x00000000   Number         0  stubs.o ABSOLUTE
    _printf_p                                0x00000000   Number         0  stubs.o ABSOLUTE
    _printf_percent                          0x00000000   Number         0  stubs.o ABSOLUTE
    _printf_pre_padding                      0x00000000   Number         0  stubs.o ABSOLUTE
    _printf_return_value                     0x00000000   Number         0  stubs.o ABSOLUTE
    _printf_s                                0x00000000   Number         0  stubs.o ABSOLUTE
    _printf_sizespec                         0x00000000   Number         0  stubs.o ABSOLUTE
    _printf_str                              0x00000000   Number         0  stubs.o ABSOLUTE
    _printf_truncate_signed                  0x00000000   Number         0  stubs.o ABSOLUTE
    _printf_truncate_unsigned                0x00000000   Number         0  stubs.o ABSOLUTE
    _printf_u                                0x00000000   Number         0  stubs.o ABSOLUTE
    _printf_wc                               0x00000000   Number         0  stubs.o ABSOLUTE
    _printf_wctomb                           0x00000000   Number         0  stubs.o ABSOLUTE
    _printf_widthprec                        0x00000000   Number         0  stubs.o ABSOLUTE
    _printf_x                                0x00000000   Number         0  stubs.o ABSOLUTE
    __arm_fini_                               - Undefined Weak Reference
    __cpp_initialize__aeabi_                  - Undefined Weak Reference
    __cxa_finalize                            - Undefined Weak Reference
    __decompress                              - Undefined Weak Reference
    _clock_init                               - Undefined Weak Reference
    _microlib_exit                            - Undefined Weak Reference
    __Vectors_Size                           0x000001d8   Number         0  startup_stm32g431xx.o ABSOLUTE
    __Vectors                                0x08000000   Data           4  startup_stm32g431xx.o(RESET)
    __Vectors_End                            0x080001d8   Data           0  startup_stm32g431xx.o(RESET)
    __main                                   0x080001d9   Thumb Code     0  entry.o(.ARM.Collect$$$$00000000)
    _main_stk                                0x080001d9   Thumb Code     0  entry2.o(.ARM.Collect$$$$00000001)
    _main_scatterload                        0x080001dd   Thumb Code     0  entry5.o(.ARM.Collect$$$$00000004)
    __main_after_scatterload                 0x080001e1   Thumb Code     0  entry5.o(.ARM.Collect$$$$00000004)
    _main_clock                              0x080001e1   Thumb Code     0  entry7b.o(.ARM.Collect$$$$00000008)
    _main_cpp_init                           0x080001e1   Thumb Code     0  entry8b.o(.ARM.Collect$$$$0000000A)
    _main_init                               0x080001e1   Thumb Code     0  entry9a.o(.ARM.Collect$$$$0000000B)
    __rt_lib_shutdown_fini                   0x080001e9   Thumb Code     0  entry12b.o(.ARM.Collect$$$$0000000E)
    __rt_final_cpp                           0x080001ed   Thumb Code     0  entry10a.o(.ARM.Collect$$$$0000000F)
    __rt_final_exit                          0x080001ed   Thumb Code     0  entry11a.o(.ARM.Collect$$$$00000011)
    Reset_Handler                            0x080001f1   Thumb Code     8  startup_stm32g431xx.o(.text)
    ADC1_2_IRQHandler                        0x0800020b   Thumb Code     0  startup_stm32g431xx.o(.text)
    COMP1_2_3_IRQHandler                     0x0800020b   Thumb Code     0  startup_stm32g431xx.o(.text)
    COMP4_IRQHandler                         0x0800020b   Thumb Code     0  startup_stm32g431xx.o(.text)
    CORDIC_IRQHandler                        0x0800020b   Thumb Code     0  startup_stm32g431xx.o(.text)
    CRS_IRQHandler                           0x0800020b   Thumb Code     0  startup_stm32g431xx.o(.text)
    DMA1_Channel1_IRQHandler                 0x0800020b   Thumb Code     0  startup_stm32g431xx.o(.text)
    DMA1_Channel2_IRQHandler                 0x0800020b   Thumb Code     0  startup_stm32g431xx.o(.text)
    DMA1_Channel3_IRQHandler                 0x0800020b   Thumb Code     0  startup_stm32g431xx.o(.text)
    DMA1_Channel4_IRQHandler                 0x0800020b   Thumb Code     0  startup_stm32g431xx.o(.text)
    DMA1_Channel5_IRQHandler                 0x0800020b   Thumb Code     0  startup_stm32g431xx.o(.text)
    DMA1_Channel6_IRQHandler                 0x0800020b   Thumb Code     0  startup_stm32g431xx.o(.text)
    DMA2_Channel1_IRQHandler                 0x0800020b   Thumb Code     0  startup_stm32g431xx.o(.text)
    DMA2_Channel2_IRQHandler                 0x0800020b   Thumb Code     0  startup_stm32g431xx.o(.text)
    DMA2_Channel3_IRQHandler                 0x0800020b   Thumb Code     0  startup_stm32g431xx.o(.text)
    DMA2_Channel4_IRQHandler                 0x0800020b   Thumb Code     0  startup_stm32g431xx.o(.text)
    DMA2_Channel5_IRQHandler                 0x0800020b   Thumb Code     0  startup_stm32g431xx.o(.text)
    DMA2_Channel6_IRQHandler                 0x0800020b   Thumb Code     0  startup_stm32g431xx.o(.text)
    DMAMUX_OVR_IRQHandler                    0x0800020b   Thumb Code     0  startup_stm32g431xx.o(.text)
    EXTI0_IRQHandler                         0x0800020b   Thumb Code     0  startup_stm32g431xx.o(.text)
    EXTI15_10_IRQHandler                     0x0800020b   Thumb Code     0  startup_stm32g431xx.o(.text)
    EXTI1_IRQHandler                         0x0800020b   Thumb Code     0  startup_stm32g431xx.o(.text)
    EXTI2_IRQHandler                         0x0800020b   Thumb Code     0  startup_stm32g431xx.o(.text)
    EXTI3_IRQHandler                         0x0800020b   Thumb Code     0  startup_stm32g431xx.o(.text)
    EXTI4_IRQHandler                         0x0800020b   Thumb Code     0  startup_stm32g431xx.o(.text)
    EXTI9_5_IRQHandler                       0x0800020b   Thumb Code     0  startup_stm32g431xx.o(.text)
    FDCAN1_IT0_IRQHandler                    0x0800020b   Thumb Code     0  startup_stm32g431xx.o(.text)
    FDCAN1_IT1_IRQHandler                    0x0800020b   Thumb Code     0  startup_stm32g431xx.o(.text)
    FLASH_IRQHandler                         0x0800020b   Thumb Code     0  startup_stm32g431xx.o(.text)
    FMAC_IRQHandler                          0x0800020b   Thumb Code     0  startup_stm32g431xx.o(.text)
    FPU_IRQHandler                           0x0800020b   Thumb Code     0  startup_stm32g431xx.o(.text)
    I2C1_ER_IRQHandler                       0x0800020b   Thumb Code     0  startup_stm32g431xx.o(.text)
    I2C1_EV_IRQHandler                       0x0800020b   Thumb Code     0  startup_stm32g431xx.o(.text)
    I2C2_ER_IRQHandler                       0x0800020b   Thumb Code     0  startup_stm32g431xx.o(.text)
    I2C2_EV_IRQHandler                       0x0800020b   Thumb Code     0  startup_stm32g431xx.o(.text)
    I2C3_ER_IRQHandler                       0x0800020b   Thumb Code     0  startup_stm32g431xx.o(.text)
    I2C3_EV_IRQHandler                       0x0800020b   Thumb Code     0  startup_stm32g431xx.o(.text)
    LPTIM1_IRQHandler                        0x0800020b   Thumb Code     0  startup_stm32g431xx.o(.text)
    LPUART1_IRQHandler                       0x0800020b   Thumb Code     0  startup_stm32g431xx.o(.text)
    PVD_PVM_IRQHandler                       0x0800020b   Thumb Code     0  startup_stm32g431xx.o(.text)
    RCC_IRQHandler                           0x0800020b   Thumb Code     0  startup_stm32g431xx.o(.text)
    RNG_IRQHandler                           0x0800020b   Thumb Code     0  startup_stm32g431xx.o(.text)
    RTC_Alarm_IRQHandler                     0x0800020b   Thumb Code     0  startup_stm32g431xx.o(.text)
    RTC_TAMP_LSECSS_IRQHandler               0x0800020b   Thumb Code     0  startup_stm32g431xx.o(.text)
    RTC_WKUP_IRQHandler                      0x0800020b   Thumb Code     0  startup_stm32g431xx.o(.text)
    SAI1_IRQHandler                          0x0800020b   Thumb Code     0  startup_stm32g431xx.o(.text)
    SPI1_IRQHandler                          0x0800020b   Thumb Code     0  startup_stm32g431xx.o(.text)
    SPI2_IRQHandler                          0x0800020b   Thumb Code     0  startup_stm32g431xx.o(.text)
    SPI3_IRQHandler                          0x0800020b   Thumb Code     0  startup_stm32g431xx.o(.text)
    TIM1_BRK_TIM15_IRQHandler                0x0800020b   Thumb Code     0  startup_stm32g431xx.o(.text)
    TIM1_CC_IRQHandler                       0x0800020b   Thumb Code     0  startup_stm32g431xx.o(.text)
    TIM1_TRG_COM_TIM17_IRQHandler            0x0800020b   Thumb Code     0  startup_stm32g431xx.o(.text)
    TIM1_UP_TIM16_IRQHandler                 0x0800020b   Thumb Code     0  startup_stm32g431xx.o(.text)
    TIM3_IRQHandler                          0x0800020b   Thumb Code     0  startup_stm32g431xx.o(.text)
    TIM4_IRQHandler                          0x0800020b   Thumb Code     0  startup_stm32g431xx.o(.text)
    TIM6_DAC_IRQHandler                      0x0800020b   Thumb Code     0  startup_stm32g431xx.o(.text)
    TIM7_IRQHandler                          0x0800020b   Thumb Code     0  startup_stm32g431xx.o(.text)
    TIM8_BRK_IRQHandler                      0x0800020b   Thumb Code     0  startup_stm32g431xx.o(.text)
    TIM8_CC_IRQHandler                       0x0800020b   Thumb Code     0  startup_stm32g431xx.o(.text)
    TIM8_TRG_COM_IRQHandler                  0x0800020b   Thumb Code     0  startup_stm32g431xx.o(.text)
    TIM8_UP_IRQHandler                       0x0800020b   Thumb Code     0  startup_stm32g431xx.o(.text)
    UART4_IRQHandler                         0x0800020b   Thumb Code     0  startup_stm32g431xx.o(.text)
    UCPD1_IRQHandler                         0x0800020b   Thumb Code     0  startup_stm32g431xx.o(.text)
    USART1_IRQHandler                        0x0800020b   Thumb Code     0  startup_stm32g431xx.o(.text)
    USART2_IRQHandler                        0x0800020b   Thumb Code     0  startup_stm32g431xx.o(.text)
    USART3_IRQHandler                        0x0800020b   Thumb Code     0  startup_stm32g431xx.o(.text)
    USBWakeUp_IRQHandler                     0x0800020b   Thumb Code     0  startup_stm32g431xx.o(.text)
    USB_HP_IRQHandler                        0x0800020b   Thumb Code     0  startup_stm32g431xx.o(.text)
    USB_LP_IRQHandler                        0x0800020b   Thumb Code     0  startup_stm32g431xx.o(.text)
    WWDG_IRQHandler                          0x0800020b   Thumb Code     0  startup_stm32g431xx.o(.text)
    __aeabi_uldivmod                         0x08000215   Thumb Code    98  uldiv.o(.text)
    __aeabi_memset                           0x08000277   Thumb Code    14  memseta.o(.text)
    __aeabi_memset4                          0x08000277   Thumb Code     0  memseta.o(.text)
    __aeabi_memset8                          0x08000277   Thumb Code     0  memseta.o(.text)
    __aeabi_memclr                           0x08000285   Thumb Code     4  memseta.o(.text)
    __aeabi_memclr4                          0x08000285   Thumb Code     0  memseta.o(.text)
    __aeabi_memclr8                          0x08000285   Thumb Code     0  memseta.o(.text)
    _memset$wrapper                          0x08000289   Thumb Code    18  memseta.o(.text)
    __aeabi_dadd                             0x0800029b   Thumb Code   322  dadd.o(.text)
    __aeabi_dsub                             0x080003dd   Thumb Code     6  dadd.o(.text)
    __aeabi_drsub                            0x080003e3   Thumb Code     6  dadd.o(.text)
    __aeabi_dmul                             0x080003e9   Thumb Code   228  dmul.o(.text)
    __aeabi_ddiv                             0x080004cd   Thumb Code   222  ddiv.o(.text)
    __aeabi_cdrcmple                         0x080005ad   Thumb Code    48  cdrcmple.o(.text)
    __aeabi_uidiv                            0x080005dd   Thumb Code     0  uidiv.o(.text)
    __aeabi_uidivmod                         0x080005dd   Thumb Code    44  uidiv.o(.text)
    __aeabi_llsl                             0x08000609   Thumb Code    30  llshl.o(.text)
    _ll_shift_l                              0x08000609   Thumb Code     0  llshl.o(.text)
    __aeabi_llsr                             0x08000627   Thumb Code    32  llushr.o(.text)
    _ll_ushift_r                             0x08000627   Thumb Code     0  llushr.o(.text)
    __aeabi_lasr                             0x08000647   Thumb Code    36  llsshr.o(.text)
    _ll_sshift_r                             0x08000647   Thumb Code     0  llsshr.o(.text)
    __I$use$fp                               0x0800066b   Thumb Code     0  iusefp.o(.text)
    _double_round                            0x0800066b   Thumb Code    30  depilogue.o(.text)
    _double_epilogue                         0x08000689   Thumb Code   156  depilogue.o(.text)
    __aeabi_d2ulz                            0x08000725   Thumb Code    48  dfixul.o(.text)
    __scatterload                            0x08000755   Thumb Code    28  init.o(.text)
    __scatterload_rt2                        0x08000755   Thumb Code     0  init.o(.text)
    BusFault_Handler                         0x08000779   Thumb Code     2  stm32g4xx_it.o(i.BusFault_Handler)
    DebugMon_Handler                         0x0800077b   Thumb Code     2  stm32g4xx_it.o(i.DebugMon_Handler)
    Error_Handler                            0x0800077d   Thumb Code     4  main.o(i.Error_Handler)
    HAL_GPIO_Init                            0x08000781   Thumb Code   550  stm32g4xx_hal_gpio.o(i.HAL_GPIO_Init)
    HAL_GPIO_WritePin                        0x080009c9   Thumb Code    10  stm32g4xx_hal_gpio.o(i.HAL_GPIO_WritePin)
    HAL_GetTick                              0x080009d5   Thumb Code     6  stm32g4xx_hal.o(i.HAL_GetTick)
    HAL_IncTick                              0x080009e1   Thumb Code    12  stm32g4xx_hal.o(i.HAL_IncTick)
    HAL_Init                                 0x080009f1   Thumb Code    30  stm32g4xx_hal.o(i.HAL_Init)
    HAL_InitTick                             0x08000a11   Thumb Code    58  stm32g4xx_hal.o(i.HAL_InitTick)
    HAL_MspInit                              0x08000a55   Thumb Code    42  stm32g4xx_hal_msp.o(i.HAL_MspInit)
    HAL_NVIC_EnableIRQ                       0x08000a85   Thumb Code    26  stm32g4xx_hal_cortex.o(i.HAL_NVIC_EnableIRQ)
    HAL_NVIC_SetPriority                     0x08000aa1   Thumb Code    60  stm32g4xx_hal_cortex.o(i.HAL_NVIC_SetPriority)
    HAL_NVIC_SetPriorityGrouping             0x08000ae1   Thumb Code    26  stm32g4xx_hal_cortex.o(i.HAL_NVIC_SetPriorityGrouping)
    HAL_PWREx_ControlVoltageScaling          0x08000b05   Thumb Code   174  stm32g4xx_hal_pwr_ex.o(i.HAL_PWREx_ControlVoltageScaling)
    HAL_PWREx_DisableUCPDDeadBattery         0x08000bc1   Thumb Code    12  stm32g4xx_hal_pwr_ex.o(i.HAL_PWREx_DisableUCPDDeadBattery)
    HAL_RCCEx_PeriphCLKConfig                0x08000bd1   Thumb Code   638  stm32g4xx_hal_rcc_ex.o(i.HAL_RCCEx_PeriphCLKConfig)
    HAL_RCC_ClockConfig                      0x08000e59   Thumb Code   444  stm32g4xx_hal_rcc.o(i.HAL_RCC_ClockConfig)
    HAL_RCC_GetPCLK1Freq                     0x08001035   Thumb Code    24  stm32g4xx_hal_rcc.o(i.HAL_RCC_GetPCLK1Freq)
    HAL_RCC_GetPCLK2Freq                     0x08001059   Thumb Code    24  stm32g4xx_hal_rcc.o(i.HAL_RCC_GetPCLK2Freq)
    HAL_RCC_GetSysClockFreq                  0x0800107d   Thumb Code    98  stm32g4xx_hal_rcc.o(i.HAL_RCC_GetSysClockFreq)
    HAL_RCC_OscConfig                        0x080010ed   Thumb Code  1028  stm32g4xx_hal_rcc.o(i.HAL_RCC_OscConfig)
    HAL_SYSTICK_Config                       0x080014f1   Thumb Code    40  stm32g4xx_hal_cortex.o(i.HAL_SYSTICK_Config)
    HAL_TIMEx_Break2Callback                 0x08001519   Thumb Code     2  stm32g4xx_hal_tim_ex.o(i.HAL_TIMEx_Break2Callback)
    HAL_TIMEx_BreakCallback                  0x0800151b   Thumb Code     2  stm32g4xx_hal_tim_ex.o(i.HAL_TIMEx_BreakCallback)
    HAL_TIMEx_CommutCallback                 0x0800151d   Thumb Code     2  stm32g4xx_hal_tim_ex.o(i.HAL_TIMEx_CommutCallback)
    HAL_TIMEx_DirectionChangeCallback        0x0800151f   Thumb Code     2  stm32g4xx_hal_tim_ex.o(i.HAL_TIMEx_DirectionChangeCallback)
    HAL_TIMEx_EncoderIndexCallback           0x08001521   Thumb Code     2  stm32g4xx_hal_tim_ex.o(i.HAL_TIMEx_EncoderIndexCallback)
    HAL_TIMEx_IndexErrorCallback             0x08001523   Thumb Code     2  stm32g4xx_hal_tim_ex.o(i.HAL_TIMEx_IndexErrorCallback)
    HAL_TIMEx_MasterConfigSynchronization    0x08001525   Thumb Code   132  stm32g4xx_hal_tim_ex.o(i.HAL_TIMEx_MasterConfigSynchronization)
    HAL_TIMEx_TransitionErrorCallback        0x080015c1   Thumb Code     2  stm32g4xx_hal_tim_ex.o(i.HAL_TIMEx_TransitionErrorCallback)
    HAL_TIM_Base_Init                        0x080015c3   Thumb Code    98  stm32g4xx_hal_tim.o(i.HAL_TIM_Base_Init)
    HAL_TIM_Base_MspInit                     0x08001625   Thumb Code   104  tim.o(i.HAL_TIM_Base_MspInit)
    HAL_TIM_ConfigClockSource                0x08001691   Thumb Code   246  stm32g4xx_hal_tim.o(i.HAL_TIM_ConfigClockSource)
    HAL_TIM_IC_CaptureCallback               0x08001791   Thumb Code   200  ultrasonic.o(i.HAL_TIM_IC_CaptureCallback)
    HAL_TIM_IC_ConfigChannel                 0x080018f9   Thumb Code   292  stm32g4xx_hal_tim.o(i.HAL_TIM_IC_ConfigChannel)
    HAL_TIM_IC_Init                          0x08001a1d   Thumb Code    98  stm32g4xx_hal_tim.o(i.HAL_TIM_IC_Init)
    HAL_TIM_IC_MspInit                       0x08001a7f   Thumb Code     2  stm32g4xx_hal_tim.o(i.HAL_TIM_IC_MspInit)
    HAL_TIM_IRQHandler                       0x08001a81   Thumb Code   418  stm32g4xx_hal_tim.o(i.HAL_TIM_IRQHandler)
    HAL_TIM_OC_DelayElapsedCallback          0x08001c23   Thumb Code     2  stm32g4xx_hal_tim.o(i.HAL_TIM_OC_DelayElapsedCallback)
    HAL_TIM_PWM_PulseFinishedCallback        0x08001c25   Thumb Code     2  stm32g4xx_hal_tim.o(i.HAL_TIM_PWM_PulseFinishedCallback)
    HAL_TIM_PeriodElapsedCallback            0x08001c27   Thumb Code     2  stm32g4xx_hal_tim.o(i.HAL_TIM_PeriodElapsedCallback)
    HAL_TIM_ReadCapturedValue                0x08001c29   Thumb Code    42  stm32g4xx_hal_tim.o(i.HAL_TIM_ReadCapturedValue)
    HAL_TIM_TriggerCallback                  0x08001c53   Thumb Code     2  stm32g4xx_hal_tim.o(i.HAL_TIM_TriggerCallback)
    HAL_UARTEx_DisableFifoMode               0x08001c55   Thumb Code    62  stm32g4xx_hal_uart_ex.o(i.HAL_UARTEx_DisableFifoMode)
    HAL_UARTEx_SetRxFifoThreshold            0x08001c93   Thumb Code    76  stm32g4xx_hal_uart_ex.o(i.HAL_UARTEx_SetRxFifoThreshold)
    HAL_UARTEx_SetTxFifoThreshold            0x08001cdf   Thumb Code    76  stm32g4xx_hal_uart_ex.o(i.HAL_UARTEx_SetTxFifoThreshold)
    HAL_UART_Init                            0x08001d2b   Thumb Code   106  stm32g4xx_hal_uart.o(i.HAL_UART_Init)
    HAL_UART_MspInit                         0x08001d95   Thumb Code   116  usart.o(i.HAL_UART_MspInit)
    HAL_UART_Transmit                        0x08001e11   Thumb Code   174  stm32g4xx_hal_uart.o(i.HAL_UART_Transmit)
    HardFault_Handler                        0x08001ebf   Thumb Code     2  stm32g4xx_it.o(i.HardFault_Handler)
    MX_GPIO_Init                             0x08001ec1   Thumb Code   134  gpio.o(i.MX_GPIO_Init)
    MX_TIM2_Init                             0x08001f51   Thumb Code   164  tim.o(i.MX_TIM2_Init)
    MX_USART1_UART_Init                      0x08001ff9   Thumb Code    94  usart.o(i.MX_USART1_UART_Init)
    MemManage_Handler                        0x08002061   Thumb Code     2  stm32g4xx_it.o(i.MemManage_Handler)
    NMI_Handler                              0x08002063   Thumb Code     2  stm32g4xx_it.o(i.NMI_Handler)
    PendSV_Handler                           0x08002065   Thumb Code     2  stm32g4xx_it.o(i.PendSV_Handler)
    SVC_Handler                              0x08002067   Thumb Code     2  stm32g4xx_it.o(i.SVC_Handler)
    SysTick_Handler                          0x08002069   Thumb Code     4  stm32g4xx_it.o(i.SysTick_Handler)
    SystemClock_Config                       0x0800206d   Thumb Code   102  main.o(i.SystemClock_Config)
    SystemInit                               0x080020d5   Thumb Code    12  system_stm32g4xx.o(i.SystemInit)
    TIM2_IRQHandler                          0x080020e5   Thumb Code     6  stm32g4xx_it.o(i.TIM2_IRQHandler)
    TIM_Base_SetConfig                       0x080020f1   Thumb Code   160  stm32g4xx_hal_tim.o(i.TIM_Base_SetConfig)
    TIM_ETR_SetConfig                        0x080021ad   Thumb Code    20  stm32g4xx_hal_tim.o(i.TIM_ETR_SetConfig)
    TIM_TI1_SetConfig                        0x080021f9   Thumb Code    88  stm32g4xx_hal_tim.o(i.TIM_TI1_SetConfig)
    UART_AdvFeatureConfig                    0x08002305   Thumb Code   200  stm32g4xx_hal_uart.o(i.UART_AdvFeatureConfig)
    UART_CheckIdleState                      0x080023cd   Thumb Code   172  stm32g4xx_hal_uart.o(i.UART_CheckIdleState)
    UART_SetConfig                           0x080024cd   Thumb Code   582  stm32g4xx_hal_uart.o(i.UART_SetConfig)
    UART_WaitOnFlagUntilTimeout              0x08002741   Thumb Code   148  stm32g4xx_hal_uart.o(i.UART_WaitOnFlagUntilTimeout)
    UsageFault_Handler                       0x080027d5   Thumb Code     2  stm32g4xx_it.o(i.UsageFault_Handler)
    __0printf                                0x080027d9   Thumb Code    22  printfa.o(i.__0printf)
    __1printf                                0x080027d9   Thumb Code     0  printfa.o(i.__0printf)
    __2printf                                0x080027d9   Thumb Code     0  printfa.o(i.__0printf)
    __c89printf                              0x080027d9   Thumb Code     0  printfa.o(i.__0printf)
    printf                                   0x080027d9   Thumb Code     0  printfa.o(i.__0printf)
    __scatterload_copy                       0x08002819   Thumb Code    14  handlers.o(i.__scatterload_copy)
    __scatterload_null                       0x08002827   Thumb Code     2  handlers.o(i.__scatterload_null)
    __scatterload_zeroinit                   0x08002829   Thumb Code    14  handlers.o(i.__scatterload_zeroinit)
    fputc                                    0x080030c5   Thumb Code    20  main.o(i.fputc)
    main                                     0x080030dd   Thumb Code    40  main.o(i.main)
    UARTPrescTable                           0x08003118   Data          24  stm32g4xx_hal_uart.o(.constdata)
    AHBPrescTable                            0x08003140   Data          16  system_stm32g4xx.o(.constdata)
    APBPrescTable                            0x08003150   Data           8  system_stm32g4xx.o(.constdata)
    Region$$Table$$Base                      0x08003158   Number         0  anon$$obj.o(Region$$Table)
    Region$$Table$$Limit                     0x08003178   Number         0  anon$$obj.o(Region$$Table)
    uwTickPrio                               0x20000000   Data           4  stm32g4xx_hal.o(.data)
    uwTickFreq                               0x20000004   Data           4  stm32g4xx_hal.o(.data)
    uwTick                                   0x20000008   Data           4  stm32g4xx_hal.o(.data)
    SystemCoreClock                          0x2000000c   Data           4  system_stm32g4xx.o(.data)
    measurement_in_progress                  0x20000010   Data           1  ultrasonic.o(.data)
    upEdge                                   0x20000014   Data           4  ultrasonic.o(.data)
    downEdge                                 0x20000018   Data           4  ultrasonic.o(.data)
    distance                                 0x2000001c   Data           4  ultrasonic.o(.data)
    measurement_count                        0x20000020   Data           4  ultrasonic.o(.data)
    error_count                              0x20000024   Data           4  ultrasonic.o(.data)
    measurement_start_time                   0x20000028   Data           4  ultrasonic.o(.data)
    last_ultrasonic_time                     0x2000002c   Data           4  ultrasonic.o(.data)
    __stdout                                 0x20000030   Data           4  stdout.o(.data)
    htim2                                    0x20000034   Data          76  tim.o(.bss)
    huart1                                   0x20000080   Data         148  usart.o(.bss)
    __initial_sp                             0x20000518   Data           0  startup_stm32g431xx.o(STACK)



==============================================================================

Memory Map of the image

  Image Entry point : 0x080001d9

  Load Region LR_IROM1 (Base: 0x08000000, Size: 0x000031ac, Max: 0x00020000, ABSOLUTE)

    Execution Region ER_IROM1 (Exec base: 0x08000000, Load base: 0x08000000, Size: 0x00003178, Max: 0x00020000, ABSOLUTE)

    Exec Addr    Load Addr    Size         Type   Attr      Idx    E Section Name        Object

    0x08000000   0x08000000   0x000001d8   Data   RO            3    RESET               startup_stm32g431xx.o
    0x080001d8   0x080001d8   0x00000000   Code   RO         5304  * .ARM.Collect$$$$00000000  mc_w.l(entry.o)
    0x080001d8   0x080001d8   0x00000004   Code   RO         5651    .ARM.Collect$$$$00000001  mc_w.l(entry2.o)
    0x080001dc   0x080001dc   0x00000004   Code   RO         5654    .ARM.Collect$$$$00000004  mc_w.l(entry5.o)
    0x080001e0   0x080001e0   0x00000000   Code   RO         5656    .ARM.Collect$$$$00000008  mc_w.l(entry7b.o)
    0x080001e0   0x080001e0   0x00000000   Code   RO         5658    .ARM.Collect$$$$0000000A  mc_w.l(entry8b.o)
    0x080001e0   0x080001e0   0x00000008   Code   RO         5659    .ARM.Collect$$$$0000000B  mc_w.l(entry9a.o)
    0x080001e8   0x080001e8   0x00000004   Code   RO         5666    .ARM.Collect$$$$0000000E  mc_w.l(entry12b.o)
    0x080001ec   0x080001ec   0x00000000   Code   RO         5661    .ARM.Collect$$$$0000000F  mc_w.l(entry10a.o)
    0x080001ec   0x080001ec   0x00000000   Code   RO         5663    .ARM.Collect$$$$00000011  mc_w.l(entry11a.o)
    0x080001ec   0x080001ec   0x00000004   Code   RO         5652    .ARM.Collect$$$$00002712  mc_w.l(entry2.o)
    0x080001f0   0x080001f0   0x00000024   Code   RO            4    .text               startup_stm32g431xx.o
    0x08000214   0x08000214   0x00000062   Code   RO         5307    .text               mc_w.l(uldiv.o)
    0x08000276   0x08000276   0x00000024   Code   RO         5311    .text               mc_w.l(memseta.o)
    0x0800029a   0x0800029a   0x0000014e   Code   RO         5576    .text               mf_w.l(dadd.o)
    0x080003e8   0x080003e8   0x000000e4   Code   RO         5578    .text               mf_w.l(dmul.o)
    0x080004cc   0x080004cc   0x000000de   Code   RO         5580    .text               mf_w.l(ddiv.o)
    0x080005aa   0x080005aa   0x00000002   PAD
    0x080005ac   0x080005ac   0x00000030   Code   RO         5596    .text               mf_w.l(cdrcmple.o)
    0x080005dc   0x080005dc   0x0000002c   Code   RO         5668    .text               mc_w.l(uidiv.o)
    0x08000608   0x08000608   0x0000001e   Code   RO         5670    .text               mc_w.l(llshl.o)
    0x08000626   0x08000626   0x00000020   Code   RO         5672    .text               mc_w.l(llushr.o)
    0x08000646   0x08000646   0x00000024   Code   RO         5674    .text               mc_w.l(llsshr.o)
    0x0800066a   0x0800066a   0x00000000   Code   RO         5683    .text               mc_w.l(iusefp.o)
    0x0800066a   0x0800066a   0x000000ba   Code   RO         5686    .text               mf_w.l(depilogue.o)
    0x08000724   0x08000724   0x00000030   Code   RO         5688    .text               mf_w.l(dfixul.o)
    0x08000754   0x08000754   0x00000024   Code   RO         5690    .text               mc_w.l(init.o)
    0x08000778   0x08000778   0x00000002   Code   RO          343    i.BusFault_Handler  stm32g4xx_it.o
    0x0800077a   0x0800077a   0x00000002   Code   RO          344    i.DebugMon_Handler  stm32g4xx_it.o
    0x0800077c   0x0800077c   0x00000004   Code   RO           13    i.Error_Handler     main.o
    0x08000780   0x08000780   0x00000248   Code   RO         2549    i.HAL_GPIO_Init     stm32g4xx_hal_gpio.o
    0x080009c8   0x080009c8   0x0000000a   Code   RO         2553    i.HAL_GPIO_WritePin  stm32g4xx_hal_gpio.o
    0x080009d2   0x080009d2   0x00000002   PAD
    0x080009d4   0x080009d4   0x0000000c   Code   RO         1844    i.HAL_GetTick       stm32g4xx_hal.o
    0x080009e0   0x080009e0   0x00000010   Code   RO         1850    i.HAL_IncTick       stm32g4xx_hal.o
    0x080009f0   0x080009f0   0x0000001e   Code   RO         1851    i.HAL_Init          stm32g4xx_hal.o
    0x08000a0e   0x08000a0e   0x00000002   PAD
    0x08000a10   0x08000a10   0x00000044   Code   RO         1852    i.HAL_InitTick      stm32g4xx_hal.o
    0x08000a54   0x08000a54   0x00000030   Code   RO          424    i.HAL_MspInit       stm32g4xx_hal_msp.o
    0x08000a84   0x08000a84   0x0000001a   Code   RO         2956    i.HAL_NVIC_EnableIRQ  stm32g4xx_hal_cortex.o
    0x08000a9e   0x08000a9e   0x00000002   PAD
    0x08000aa0   0x08000aa0   0x00000040   Code   RO         2962    i.HAL_NVIC_SetPriority  stm32g4xx_hal_cortex.o
    0x08000ae0   0x08000ae0   0x00000024   Code   RO         2963    i.HAL_NVIC_SetPriorityGrouping  stm32g4xx_hal_cortex.o
    0x08000b04   0x08000b04   0x000000bc   Code   RO         1594    i.HAL_PWREx_ControlVoltageScaling  stm32g4xx_hal_pwr_ex.o
    0x08000bc0   0x08000bc0   0x00000010   Code   RO         1606    i.HAL_PWREx_DisableUCPDDeadBattery  stm32g4xx_hal_pwr_ex.o
    0x08000bd0   0x08000bd0   0x00000288   Code   RO         2211    i.HAL_RCCEx_PeriphCLKConfig  stm32g4xx_hal_rcc_ex.o
    0x08000e58   0x08000e58   0x000001dc   Code   RO         2086    i.HAL_RCC_ClockConfig  stm32g4xx_hal_rcc.o
    0x08001034   0x08001034   0x00000024   Code   RO         2094    i.HAL_RCC_GetPCLK1Freq  stm32g4xx_hal_rcc.o
    0x08001058   0x08001058   0x00000024   Code   RO         2095    i.HAL_RCC_GetPCLK2Freq  stm32g4xx_hal_rcc.o
    0x0800107c   0x0800107c   0x00000070   Code   RO         2096    i.HAL_RCC_GetSysClockFreq  stm32g4xx_hal_rcc.o
    0x080010ec   0x080010ec   0x00000404   Code   RO         2099    i.HAL_RCC_OscConfig  stm32g4xx_hal_rcc.o
    0x080014f0   0x080014f0   0x00000028   Code   RO         2967    i.HAL_SYSTICK_Config  stm32g4xx_hal_cortex.o
    0x08001518   0x08001518   0x00000002   Code   RO         1164    i.HAL_TIMEx_Break2Callback  stm32g4xx_hal_tim_ex.o
    0x0800151a   0x0800151a   0x00000002   Code   RO         1165    i.HAL_TIMEx_BreakCallback  stm32g4xx_hal_tim_ex.o
    0x0800151c   0x0800151c   0x00000002   Code   RO         1166    i.HAL_TIMEx_CommutCallback  stm32g4xx_hal_tim_ex.o
    0x0800151e   0x0800151e   0x00000002   Code   RO         1177    i.HAL_TIMEx_DirectionChangeCallback  stm32g4xx_hal_tim_ex.o
    0x08001520   0x08001520   0x00000002   Code   RO         1191    i.HAL_TIMEx_EncoderIndexCallback  stm32g4xx_hal_tim_ex.o
    0x08001522   0x08001522   0x00000002   Code   RO         1205    i.HAL_TIMEx_IndexErrorCallback  stm32g4xx_hal_tim_ex.o
    0x08001524   0x08001524   0x0000009c   Code   RO         1206    i.HAL_TIMEx_MasterConfigSynchronization  stm32g4xx_hal_tim_ex.o
    0x080015c0   0x080015c0   0x00000002   Code   RO         1227    i.HAL_TIMEx_TransitionErrorCallback  stm32g4xx_hal_tim_ex.o
    0x080015c2   0x080015c2   0x00000062   Code   RO          450    i.HAL_TIM_Base_Init  stm32g4xx_hal_tim.o
    0x08001624   0x08001624   0x0000006c   Code   RO          260    i.HAL_TIM_Base_MspInit  tim.o
    0x08001690   0x08001690   0x00000100   Code   RO          459    i.HAL_TIM_ConfigClockSource  stm32g4xx_hal_tim.o
    0x08001790   0x08001790   0x00000168   Code   RO         4352    i.HAL_TIM_IC_CaptureCallback  ultrasonic.o
    0x080018f8   0x080018f8   0x00000124   Code   RO          486    i.HAL_TIM_IC_ConfigChannel  stm32g4xx_hal_tim.o
    0x08001a1c   0x08001a1c   0x00000062   Code   RO          489    i.HAL_TIM_IC_Init   stm32g4xx_hal_tim.o
    0x08001a7e   0x08001a7e   0x00000002   Code   RO          491    i.HAL_TIM_IC_MspInit  stm32g4xx_hal_tim.o
    0x08001a80   0x08001a80   0x000001a2   Code   RO          498    i.HAL_TIM_IRQHandler  stm32g4xx_hal_tim.o
    0x08001c22   0x08001c22   0x00000002   Code   RO          501    i.HAL_TIM_OC_DelayElapsedCallback  stm32g4xx_hal_tim.o
    0x08001c24   0x08001c24   0x00000002   Code   RO          528    i.HAL_TIM_PWM_PulseFinishedCallback  stm32g4xx_hal_tim.o
    0x08001c26   0x08001c26   0x00000002   Code   RO          536    i.HAL_TIM_PeriodElapsedCallback  stm32g4xx_hal_tim.o
    0x08001c28   0x08001c28   0x0000002a   Code   RO          538    i.HAL_TIM_ReadCapturedValue  stm32g4xx_hal_tim.o
    0x08001c52   0x08001c52   0x00000002   Code   RO          541    i.HAL_TIM_TriggerCallback  stm32g4xx_hal_tim.o
    0x08001c54   0x08001c54   0x0000003e   Code   RO         3506    i.HAL_UARTEx_DisableFifoMode  stm32g4xx_hal_uart_ex.o
    0x08001c92   0x08001c92   0x0000004c   Code   RO         3515    i.HAL_UARTEx_SetRxFifoThreshold  stm32g4xx_hal_uart_ex.o
    0x08001cde   0x08001cde   0x0000004c   Code   RO         3516    i.HAL_UARTEx_SetTxFifoThreshold  stm32g4xx_hal_uart_ex.o
    0x08001d2a   0x08001d2a   0x0000006a   Code   RO         3115    i.HAL_UART_Init     stm32g4xx_hal_uart.o
    0x08001d94   0x08001d94   0x0000007c   Code   RO          302    i.HAL_UART_MspInit  usart.o
    0x08001e10   0x08001e10   0x000000ae   Code   RO         3124    i.HAL_UART_Transmit  stm32g4xx_hal_uart.o
    0x08001ebe   0x08001ebe   0x00000002   Code   RO          345    i.HardFault_Handler  stm32g4xx_it.o
    0x08001ec0   0x08001ec0   0x00000090   Code   RO          235    i.MX_GPIO_Init      gpio.o
    0x08001f50   0x08001f50   0x000000a8   Code   RO          261    i.MX_TIM2_Init      tim.o
    0x08001ff8   0x08001ff8   0x00000068   Code   RO          303    i.MX_USART1_UART_Init  usart.o
    0x08002060   0x08002060   0x00000002   Code   RO          346    i.MemManage_Handler  stm32g4xx_it.o
    0x08002062   0x08002062   0x00000002   Code   RO          347    i.NMI_Handler       stm32g4xx_it.o
    0x08002064   0x08002064   0x00000002   Code   RO          348    i.PendSV_Handler    stm32g4xx_it.o
    0x08002066   0x08002066   0x00000002   Code   RO          349    i.SVC_Handler       stm32g4xx_it.o
    0x08002068   0x08002068   0x00000004   Code   RO          350    i.SysTick_Handler   stm32g4xx_it.o
    0x0800206c   0x0800206c   0x00000066   Code   RO           14    i.SystemClock_Config  main.o
    0x080020d2   0x080020d2   0x00000002   PAD
    0x080020d4   0x080020d4   0x00000010   Code   RO         3625    i.SystemInit        system_stm32g4xx.o
    0x080020e4   0x080020e4   0x0000000c   Code   RO          351    i.TIM2_IRQHandler   stm32g4xx_it.o
    0x080020f0   0x080020f0   0x000000bc   Code   RO          543    i.TIM_Base_SetConfig  stm32g4xx_hal_tim.o
    0x080021ac   0x080021ac   0x00000014   Code   RO          554    i.TIM_ETR_SetConfig  stm32g4xx_hal_tim.o
    0x080021c0   0x080021c0   0x00000014   Code   RO          555    i.TIM_ITRx_SetConfig  stm32g4xx_hal_tim.o
    0x080021d4   0x080021d4   0x00000022   Code   RO          563    i.TIM_TI1_ConfigInputStage  stm32g4xx_hal_tim.o
    0x080021f6   0x080021f6   0x00000002   PAD
    0x080021f8   0x080021f8   0x0000006c   Code   RO          564    i.TIM_TI1_SetConfig  stm32g4xx_hal_tim.o
    0x08002264   0x08002264   0x00000024   Code   RO          565    i.TIM_TI2_ConfigInputStage  stm32g4xx_hal_tim.o
    0x08002288   0x08002288   0x00000036   Code   RO          566    i.TIM_TI2_SetConfig  stm32g4xx_hal_tim.o
    0x080022be   0x080022be   0x00000002   PAD
    0x080022c0   0x080022c0   0x00000044   Code   RO         3520    i.UARTEx_SetNbDataToProcess  stm32g4xx_hal_uart_ex.o
    0x08002304   0x08002304   0x000000c8   Code   RO         3129    i.UART_AdvFeatureConfig  stm32g4xx_hal_uart.o
    0x080023cc   0x080023cc   0x000000ac   Code   RO         3130    i.UART_CheckIdleState  stm32g4xx_hal_uart.o
    0x08002478   0x08002478   0x00000054   Code   RO         3141    i.UART_EndRxTransfer  stm32g4xx_hal_uart.o
    0x080024cc   0x080024cc   0x00000274   Code   RO         3147    i.UART_SetConfig    stm32g4xx_hal_uart.o
    0x08002740   0x08002740   0x00000094   Code   RO         3154    i.UART_WaitOnFlagUntilTimeout  stm32g4xx_hal_uart.o
    0x080027d4   0x080027d4   0x00000002   Code   RO          352    i.UsageFault_Handler  stm32g4xx_it.o
    0x080027d6   0x080027d6   0x00000002   PAD
    0x080027d8   0x080027d8   0x00000020   Code   RO         5548    i.__0printf         mc_w.l(printfa.o)
    0x080027f8   0x080027f8   0x00000020   Code   RO         2969    i.__NVIC_SetPriority  stm32g4xx_hal_cortex.o
    0x08002818   0x08002818   0x0000000e   Code   RO         5696    i.__scatterload_copy  mc_w.l(handlers.o)
    0x08002826   0x08002826   0x00000002   Code   RO         5697    i.__scatterload_null  mc_w.l(handlers.o)
    0x08002828   0x08002828   0x0000000e   Code   RO         5698    i.__scatterload_zeroinit  mc_w.l(handlers.o)
    0x08002836   0x08002836   0x00000002   PAD
    0x08002838   0x08002838   0x00000184   Code   RO         5555    i._fp_digits        mc_w.l(printfa.o)
    0x080029bc   0x080029bc   0x000006b4   Code   RO         5556    i._printf_core      mc_w.l(printfa.o)
    0x08003070   0x08003070   0x00000024   Code   RO         5557    i._printf_post_padding  mc_w.l(printfa.o)
    0x08003094   0x08003094   0x0000002e   Code   RO         5558    i._printf_pre_padding  mc_w.l(printfa.o)
    0x080030c2   0x080030c2   0x00000002   PAD
    0x080030c4   0x080030c4   0x00000018   Code   RO           15    i.fputc             main.o
    0x080030dc   0x080030dc   0x0000003c   Code   RO           16    i.main              main.o
    0x08003118   0x08003118   0x00000018   Data   RO         3155    .constdata          stm32g4xx_hal_uart.o
    0x08003130   0x08003130   0x00000010   Data   RO         3521    .constdata          stm32g4xx_hal_uart_ex.o
    0x08003140   0x08003140   0x00000010   Data   RO         3626    .constdata          system_stm32g4xx.o
    0x08003150   0x08003150   0x00000008   Data   RO         3627    .constdata          system_stm32g4xx.o
    0x08003158   0x08003158   0x00000020   Data   RO         5694    Region$$Table       anon$$obj.o


    Execution Region RW_IRAM1 (Exec base: 0x20000000, Load base: 0x08003178, Size: 0x00000518, Max: 0x00008000, ABSOLUTE)

    Exec Addr    Load Addr    Size         Type   Attr      Idx    E Section Name        Object

    0x20000000   0x08003178   0x0000000c   Data   RW         1871    .data               stm32g4xx_hal.o
    0x2000000c   0x08003184   0x00000004   Data   RW         3628    .data               system_stm32g4xx.o
    0x20000010   0x08003188   0x00000020   Data   RW         4355    .data               ultrasonic.o
    0x20000030   0x080031a8   0x00000004   Data   RW         5667    .data               mc_w.l(stdout.o)
    0x20000034        -       0x0000004c   Zero   RW          262    .bss                tim.o
    0x20000080        -       0x00000094   Zero   RW          304    .bss                usart.o
    0x20000114   0x080031ac   0x00000004   PAD
    0x20000118        -       0x00000400   Zero   RW            1    STACK               startup_stm32g431xx.o


==============================================================================

Image component sizes


      Code (inc. data)   RO Data    RW Data    ZI Data      Debug   Object Name

       144         10          0          0          0        939   gpio.o
       190         24          0          0          0     644701   main.o
        36          8        472          0       1024        828   startup_stm32g431xx.o
       126         20          0         12          0       3689   stm32g4xx_hal.o
       198         14          0          0          0      33855   stm32g4xx_hal_cortex.o
       594         34          0          0          0       2344   stm32g4xx_hal_gpio.o
        48          6          0          0          0        862   stm32g4xx_hal_msp.o
       204         18          0          0          0       1405   stm32g4xx_hal_pwr_ex.o
      1688         92          0          0          0       6268   stm32g4xx_hal_rcc.o
       648         10          0          0          0       1876   stm32g4xx_hal_rcc_ex.o
      1674         70          0          0          0      14550   stm32g4xx_hal_tim.o
       170         24          0          0          0       5428   stm32g4xx_hal_tim_ex.o
      1512         72         24          0          0      26402   stm32g4xx_hal_uart.o
       282          6         16          0          0       3673   stm32g4xx_hal_uart_ex.o
        32          6          0          0          0       4628   stm32g4xx_it.o
        16          4         24          4          0       1127   system_stm32g4xx.o
       276          8          0          0         76       1886   tim.o
       360        160          0         32          0       1618   ultrasonic.o
       228         18          0          0        148       1790   usart.o

    ----------------------------------------------------------------------
      8440        604        568         48       1252     757869   Object Totals
         0          0         32          0          0          0   (incl. Generated)
        14          0          0          0          4          0   (incl. Padding)

    ----------------------------------------------------------------------

      Code (inc. data)   RO Data    RW Data    ZI Data      Debug   Library Member Name

         0          0          0          0          0          0   entry.o
         0          0          0          0          0          0   entry10a.o
         0          0          0          0          0          0   entry11a.o
         4          0          0          0          0          0   entry12b.o
         8          4          0          0          0          0   entry2.o
         4          0          0          0          0          0   entry5.o
         0          0          0          0          0          0   entry7b.o
         0          0          0          0          0          0   entry8b.o
         8          4          0          0          0          0   entry9a.o
        30          0          0          0          0          0   handlers.o
        36          8          0          0          0         68   init.o
         0          0          0          0          0          0   iusefp.o
        30          0          0          0          0         68   llshl.o
        36          0          0          0          0         68   llsshr.o
        32          0          0          0          0         68   llushr.o
        36          0          0          0          0        108   memseta.o
      2218         90          0          0          0        464   printfa.o
         0          0          0          4          0          0   stdout.o
        44          0          0          0          0         80   uidiv.o
        98          0          0          0          0         92   uldiv.o
        48          0          0          0          0         68   cdrcmple.o
       334          0          0          0          0        148   dadd.o
       222          0          0          0          0        100   ddiv.o
       186          0          0          0          0        176   depilogue.o
        48          0          0          0          0         68   dfixul.o
       228          0          0          0          0         96   dmul.o

    ----------------------------------------------------------------------
      3656        106          0          4          0       1672   Library Totals
         6          0          0          0          0          0   (incl. Padding)

    ----------------------------------------------------------------------

      Code (inc. data)   RO Data    RW Data    ZI Data      Debug   Library Name

      2584        106          0          4          0       1016   mc_w.l
      1066          0          0          0          0        656   mf_w.l

    ----------------------------------------------------------------------
      3656        106          0          4          0       1672   Library Totals

    ----------------------------------------------------------------------

==============================================================================


      Code (inc. data)   RO Data    RW Data    ZI Data      Debug   

     12096        710        568         52       1252     751713   Grand Totals
     12096        710        568         52       1252     751713   ELF Image Totals
     12096        710        568         52          0          0   ROM Totals

==============================================================================

    Total RO  Size (Code + RO Data)                12664 (  12.37kB)
    Total RW  Size (RW Data + ZI Data)              1304 (   1.27kB)
    Total ROM Size (Code + RO Data + RW Data)      12716 (  12.42kB)

==============================================================================

